Archive member included to satisfy reference by file (symbol)

.\CortexM0\ARM_GCC_541\Debug\TestProgram4M.a(D3.o)
                              .\CortexM0\ARM_GCC_541\Debug\main.o (D3_Read)
.\CortexM0\ARM_GCC_541\Debug\TestProgram4M.a(Red.o)
                              .\CortexM0\ARM_GCC_541\Debug\main.o (Red_Write)
.\CortexM0\ARM_GCC_541\Debug\TestProgram4M.a(Green.o)
                              .\CortexM0\ARM_GCC_541\Debug\main.o (Green_Write)
.\CortexM0\ARM_GCC_541\Debug\TestProgram4M.a(CyLib.o)
                              .\CortexM0\ARM_GCC_541\Debug\cyfitter_cfg.o (CyIntEnable)
.\CortexM0\ARM_GCC_541\Debug\TestProgram4M.a(CyBootAsmGnu.o)
                              .\CortexM0\ARM_GCC_541\Debug\main.o (CyDelayCycles)
.\CortexM0\ARM_GCC_541\Debug\TestProgram4M.a(CyLFClk.o)
                              .\CortexM0\ARM_GCC_541\Debug\TestProgram4M.a(CyLib.o) (CySysClkWcoEnabled)
.\CortexM0\ARM_GCC_541\Debug\TestProgram4M.a(I2C.o)
                              .\CortexM0\ARM_GCC_541\Debug\main.o (I2C_Start)
.\CortexM0\ARM_GCC_541\Debug\TestProgram4M.a(I2C_I2C.o)
                              .\CortexM0\ARM_GCC_541\Debug\TestProgram4M.a(I2C.o) (I2C_I2CInit)
.\CortexM0\ARM_GCC_541\Debug\TestProgram4M.a(I2C_I2C_MASTER.o)
                              .\CortexM0\ARM_GCC_541\Debug\main.o (I2C_I2CMasterSendStart)
.\CortexM0\ARM_GCC_541\Debug\TestProgram4M.a(ADC.o)
                              .\CortexM0\ARM_GCC_541\Debug\main.o (ADC_Start)
.\CortexM0\ARM_GCC_541\Debug\TestProgram4M.a(ADC_INT.o)
                              .\CortexM0\ARM_GCC_541\Debug\TestProgram4M.a(ADC.o) (ADC_ISR)
.\CortexM0\ARM_GCC_541\Debug\TestProgram4M.a(SW1.o)
                              .\CortexM0\ARM_GCC_541\Debug\main.o (SW1_ClearInterrupt)
.\CortexM0\ARM_GCC_541\Debug\TestProgram4M.a(SWISR.o)
                              .\CortexM0\ARM_GCC_541\Debug\main.o (SWISR_StartEx)
.\CortexM0\ARM_GCC_541\Debug\TestProgram4M.a(CyFlash.o)
                              .\CortexM0\ARM_GCC_541\Debug\TestProgram4M.a(CyLib.o) (CySysFlashSetWaitCycles)
.\CortexM0\ARM_GCC_541\Debug\TestProgram4M.a(I2C_I2C_INT.o)
                              .\CortexM0\ARM_GCC_541\Debug\TestProgram4M.a(I2C_I2C.o) (I2C_I2C_ISR)
c:/program files (x86)/cypress/psoc creator/4.1/psoc creator/import/gnu/arm/5.4.1/bin/../lib/gcc/arm-none-eabi/5.4.1/armv6-m\libgcc.a(_udivsi3.o)
                              .\CortexM0\ARM_GCC_541\Debug\u8g2_selection_list.o (__aeabi_uidiv)
c:/program files (x86)/cypress/psoc creator/4.1/psoc creator/import/gnu/arm/5.4.1/bin/../lib/gcc/arm-none-eabi/5.4.1/armv6-m\libgcc.a(_divsi3.o)
                              .\CortexM0\ARM_GCC_541\Debug\u8g2_polygon.o (__aeabi_idiv)
c:/program files (x86)/cypress/psoc creator/4.1/psoc creator/import/gnu/arm/5.4.1/bin/../lib/gcc/arm-none-eabi/5.4.1/armv6-m\libgcc.a(_dvmd_tls.o)
                              c:/program files (x86)/cypress/psoc creator/4.1/psoc creator/import/gnu/arm/5.4.1/bin/../lib/gcc/arm-none-eabi/5.4.1/armv6-m\libgcc.a(_udivsi3.o) (__aeabi_idiv0)
c:/program files (x86)/cypress/psoc creator/4.1/psoc creator/import/gnu/arm/5.4.1/bin/../lib/gcc/arm-none-eabi/5.4.1/armv6-m\libgcc.a(_arm_cmpdf2.o)
                              .\CortexM0\ARM_GCC_541\Debug\main.o (__aeabi_dcmpgt)
c:/program files (x86)/cypress/psoc creator/4.1/psoc creator/import/gnu/arm/5.4.1/bin/../lib/gcc/arm-none-eabi/5.4.1/armv6-m\libgcc.a(_aeabi_ldivmod.o)
                              .\CortexM0\ARM_GCC_541\Debug\TestProgram4M.a(ADC.o) (__aeabi_ldivmod)
c:/program files (x86)/cypress/psoc creator/4.1/psoc creator/import/gnu/arm/5.4.1/bin/../lib/gcc/arm-none-eabi/5.4.1/armv6-m\libgcc.a(_muldi3.o)
                              .\CortexM0\ARM_GCC_541\Debug\TestProgram4M.a(ADC.o) (__aeabi_lmul)
c:/program files (x86)/cypress/psoc creator/4.1/psoc creator/import/gnu/arm/5.4.1/bin/../lib/gcc/arm-none-eabi/5.4.1/armv6-m\libgcc.a(bpabi.o)
                              c:/program files (x86)/cypress/psoc creator/4.1/psoc creator/import/gnu/arm/5.4.1/bin/../lib/gcc/arm-none-eabi/5.4.1/armv6-m\libgcc.a(_aeabi_ldivmod.o) (__gnu_ldivmod_helper)
c:/program files (x86)/cypress/psoc creator/4.1/psoc creator/import/gnu/arm/5.4.1/bin/../lib/gcc/arm-none-eabi/5.4.1/armv6-m\libgcc.a(divsf3.o)
                              .\CortexM0\ARM_GCC_541\Debug\TestProgram4M.a(ADC.o) (__aeabi_fdiv)
c:/program files (x86)/cypress/psoc creator/4.1/psoc creator/import/gnu/arm/5.4.1/bin/../lib/gcc/arm-none-eabi/5.4.1/armv6-m\libgcc.a(mulsf3.o)
                              .\CortexM0\ARM_GCC_541\Debug\TestProgram4M.a(ADC.o) (__aeabi_fmul)
c:/program files (x86)/cypress/psoc creator/4.1/psoc creator/import/gnu/arm/5.4.1/bin/../lib/gcc/arm-none-eabi/5.4.1/armv6-m\libgcc.a(floatsisf.o)
                              .\CortexM0\ARM_GCC_541\Debug\main.o (__aeabi_i2f)
[...]
Memory Configuration

Name             Origin             Length             Attributes
rom              0x00000000         0x00020000         xr
ram              0x20000000         0x00004000         xrw
*default*        0x00000000         0xffffffff

Linker script and memory map

LOAD c:/program files (x86)/cypress/psoc creator/4.1/psoc creator/import/gnu/arm/5.4.1/bin/../lib/gcc/arm-none-eabi/5.4.1/armv6-m/crti.o
LOAD c:/program files (x86)/cypress/psoc creator/4.1/psoc creator/import/gnu/arm/5.4.1/bin/../lib/gcc/arm-none-eabi/5.4.1/armv6-m/crtbegin.o
LOAD c:/program files (x86)/cypress/psoc creator/4.1/psoc creator/import/gnu/arm/5.4.1/bin/../lib/gcc/arm-none-eabi/5.4.1/../../../../arm-none-eabi/lib/armv6-m/crt0.o
START GROUP
LOAD .\CortexM0\ARM_GCC_541\Debug\main.o
LOAD .\CortexM0\ARM_GCC_541\Debug\u8g2_bitmap.o
LOAD .\CortexM0\ARM_GCC_541\Debug\u8g2_box.o
LOAD .\CortexM0\ARM_GCC_541\Debug\u8g2_buffer.o
LOAD .\CortexM0\ARM_GCC_541\Debug\u8g2_circle.o
LOAD .\CortexM0\ARM_GCC_541\Debug\u8g2_cleardisplay.o
LOAD .\CortexM0\ARM_GCC_541\Debug\u8g2_d_memory.o
LOAD .\CortexM0\ARM_GCC_541\Debug\u8g2_d_setup.o
LOAD .\CortexM0\ARM_GCC_541\Debug\u8g2_font.o
LOAD .\CortexM0\ARM_GCC_541\Debug\u8g2_fonts.o
LOAD .\CortexM0\ARM_GCC_541\Debug\u8g2_hvline.o
LOAD .\CortexM0\ARM_GCC_541\Debug\u8g2_input_value.o
LOAD .\CortexM0\ARM_GCC_541\Debug\u8g2_intersection.o
LOAD .\CortexM0\ARM_GCC_541\Debug\u8g2_kerning.o
LOAD .\CortexM0\ARM_GCC_541\Debug\u8g2_line.o
LOAD .\CortexM0\ARM_GCC_541\Debug\u8g2_ll_hvline.o
LOAD .\CortexM0\ARM_GCC_541\Debug\u8g2_message.o
LOAD .\CortexM0\ARM_GCC_541\Debug\u8g2_polygon.o
LOAD .\CortexM0\ARM_GCC_541\Debug\u8g2_selection_list.o
LOAD .\CortexM0\ARM_GCC_541\Debug\u8g2_setup.o
LOAD .\CortexM0\ARM_GCC_541\Debug\u8x8_8x8.o
LOAD .\CortexM0\ARM_GCC_541\Debug\u8x8_byte.o
LOAD .\CortexM0\ARM_GCC_541\Debug\u8x8_cad.o
LOAD .\CortexM0\ARM_GCC_541\Debug\u8x8_d_a2printer.o
LOAD .\CortexM0\ARM_GCC_541\Debug\u8x8_d_ist3020.o
LOAD .\CortexM0\ARM_GCC_541\Debug\u8x8_d_ks0108.o
LOAD .\CortexM0\ARM_GCC_541\Debug\u8x8_d_lc7981.o
LOAD .\CortexM0\ARM_GCC_541\Debug\u8x8_d_ld7032_60x32.o
LOAD .\CortexM0\ARM_GCC_541\Debug\u8x8_d_ls013b7dh03.o
LOAD .\CortexM0\ARM_GCC_541\Debug\u8x8_d_pcd8544_84x48.o
LOAD .\CortexM0\ARM_GCC_541\Debug\u8x8_d_pcf8812.o
LOAD .\CortexM0\ARM_GCC_541\Debug\u8x8_d_sed1330.o
LOAD .\CortexM0\ARM_GCC_541\Debug\u8x8_d_ssd1305.o
LOAD .\CortexM0\ARM_GCC_541\Debug\u8x8_d_ssd1306_64x48.o
LOAD .\CortexM0\ARM_GCC_541\Debug\u8x8_d_ssd1306_128x32.o
LOAD .\CortexM0\ARM_GCC_541\Debug\u8x8_d_ssd1306_128x64_noname.o
LOAD .\CortexM0\ARM_GCC_541\Debug\u8x8_d_ssd1309.o
LOAD .\CortexM0\ARM_GCC_541\Debug\u8x8_d_ssd1322.o
LOAD .\CortexM0\ARM_GCC_541\Debug\u8x8_d_ssd1325.o
LOAD .\CortexM0\ARM_GCC_541\Debug\u8x8_d_ssd1327.o
LOAD .\CortexM0\ARM_GCC_541\Debug\u8x8_d_ssd1606_172x72.o
LOAD .\CortexM0\ARM_GCC_541\Debug\u8x8_d_ssd1607_200x200.o
LOAD .\CortexM0\ARM_GCC_541\Debug\u8x8_d_st7565.o
LOAD .\CortexM0\ARM_GCC_541\Debug\u8x8_d_st7567.o
LOAD .\CortexM0\ARM_GCC_541\Debug\u8x8_d_st7588.o
LOAD .\CortexM0\ARM_GCC_541\Debug\u8x8_d_st7920.o
LOAD .\CortexM0\ARM_GCC_541\Debug\u8x8_d_st75256.o
LOAD .\CortexM0\ARM_GCC_541\Debug\u8x8_d_stdio.o
LOAD .\CortexM0\ARM_GCC_541\Debug\u8x8_d_t6963.o
LOAD .\CortexM0\ARM_GCC_541\Debug\u8x8_d_uc1604.o
LOAD .\CortexM0\ARM_GCC_541\Debug\u8x8_d_uc1608.o
LOAD .\CortexM0\ARM_GCC_541\Debug\u8x8_d_uc1610.o
LOAD .\CortexM0\ARM_GCC_541\Debug\u8x8_d_uc1611.o
LOAD .\CortexM0\ARM_GCC_541\Debug\u8x8_d_uc1701_dogs102.o
LOAD .\CortexM0\ARM_GCC_541\Debug\u8x8_d_uc1701_mini12864.o
LOAD .\CortexM0\ARM_GCC_541\Debug\u8x8_debounce.o
LOAD .\CortexM0\ARM_GCC_541\Debug\u8x8_display.o
LOAD .\CortexM0\ARM_GCC_541\Debug\u8x8_fonts.o
LOAD .\CortexM0\ARM_GCC_541\Debug\u8x8_gpio.o
LOAD .\CortexM0\ARM_GCC_541\Debug\u8x8_input_value.o
LOAD .\CortexM0\ARM_GCC_541\Debug\u8x8_message.o
LOAD .\CortexM0\ARM_GCC_541\Debug\u8x8_selection_list.o
LOAD .\CortexM0\ARM_GCC_541\Debug\u8x8_setup.o
LOAD .\CortexM0\ARM_GCC_541\Debug\u8x8_string.o
LOAD .\CortexM0\ARM_GCC_541\Debug\u8x8_u8toa.o
LOAD .\CortexM0\ARM_GCC_541\Debug\u8x8_u16toa.o
LOAD .\CortexM0\ARM_GCC_541\Debug\cyfitter_cfg.o
LOAD .\CortexM0\ARM_GCC_541\Debug\cymetadata.o
LOAD .\CortexM0\ARM_GCC_541\Debug\Cm0Start.o
LOAD .\CortexM0\ARM_GCC_541\Debug\TestProgram4M.a
LOAD C:\Program Files (x86)\Cypress\PSoC Creator\4.1\PSoC Creator\psoc\content\cycomponentlibrary\CyComponentLibrary.cylib\CortexM0\ARM_GCC_541\Debug\CyComponentLibrary.a
END GROUP
START GROUP
LOAD c:/program files (x86)/cypress/psoc creator/4.1/psoc creator/import/gnu/arm/5.4.1/bin/../lib/gcc/arm-none-eabi/5.4.1/armv6-m\libgcc.a
LOAD c:/program files (x86)/cypress/psoc creator/4.1/psoc creator/import/gnu/arm/5.4.1/bin/../lib/gcc/arm-none-eabi/5.4.1/../../../../arm-none-eabi/lib/armv6-m\libg_nano.a
LOAD c:/program files (x86)/cypress/psoc creator/4.1/psoc creator/import/gnu/arm/5.4.1/bin/../lib/gcc/arm-none-eabi/5.4.1/../../../../arm-none-eabi/lib/armv6-m\libc_nano.a
END GROUP
START GROUP
LOAD c:/program files (x86)/cypress/psoc creator/4.1/psoc creator/import/gnu/arm/5.4.1/bin/../lib/gcc/arm-none-eabi/5.4.1/armv6-m\libgcc.a
LOAD c:/program files (x86)/cypress/psoc creator/4.1/psoc creator/import/gnu/arm/5.4.1/bin/../lib/gcc/arm-none-eabi/5.4.1/../../../../arm-none-eabi/lib/armv6-m\libc_nano.a
END GROUP
LOAD c:/program files (x86)/cypress/psoc creator/4.1/psoc creator/import/gnu/arm/5.4.1/bin/../lib/gcc/arm-none-eabi/5.4.1/armv6-m/crtend.o
LOAD c:/program files (x86)/cypress/psoc creator/4.1/psoc creator/import/gnu/arm/5.4.1/bin/../lib/gcc/arm-none-eabi/5.4.1/armv6-m/crtn.o
START GROUP
LOAD c:/program files (x86)/cypress/psoc creator/4.1/psoc creator/import/gnu/arm/5.4.1/bin/../lib/gcc/arm-none-eabi/5.4.1/armv6-m\libgcc.a
LOAD c:/program files (x86)/cypress/psoc creator/4.1/psoc creator/import/gnu/arm/5.4.1/bin/../lib/gcc/arm-none-eabi/5.4.1/../../../../arm-none-eabi/lib/armv6-m\libc.a
LOAD c:/program files (x86)/cypress/psoc creator/4.1/psoc creator/import/gnu/arm/5.4.1/bin/../lib/gcc/arm-none-eabi/5.4.1/../../../../arm-none-eabi/lib/armv6-m\libnosys.a
END GROUP
                0x00000000                CY_APPL_ORIGIN = 0x0
                0x00000080                CY_FLASH_ROW_SIZE = 0x80
                0x00000001                CY_APPL_NUM = 0x1
                0x00000001                CY_APPL_MAX = 0x1
                0x00000040                CY_METADATA_SIZE = 0x40
                0x00000000                CY_APPL_LOADABLE = 0x0
                0x00000000                CY_CHECKSUM_EXCLUDE_SIZE = ALIGN (0x0, CY_FLASH_ROW_SIZE)
                0x00000000                CY_APP_FOR_STACK_AND_COPIER = 0x0
                [!provide]                PROVIDE (__cy_heap_start, _end)
                0x00000001                PROVIDE (__cy_region_num, ((__cy_regions_end - __cy_regions) / 0x10))
                0x20004000                PROVIDE (__cy_stack, (ORIGIN (ram) + LENGTH (ram)))
                [!provide]                PROVIDE (__cy_heap_end, (__cy_stack - 0x800))

.cybootloader   0x00000000        0x0
 *(.cybootloader)
                0x00000000                appl1_start = CY_APPL_ORIGIN?CY_APPL_ORIGIN:ALIGN (CY_FLASH_ROW_SIZE)
                0x0000ff80                appl2_start = (appl1_start + ALIGN ((((LENGTH (rom) - appl1_start) - (0x2 * CY_FLASH_ROW_SIZE)) / 0x2), CY_FLASH_ROW_SIZE))
                0x00000000                appl_start = (CY_APPL_NUM == 0x1)?appl1_start:appl2_start
                0x00000001                cy_project_type_bootloader = (appl_start == 0x0)?0x1:0x0
                0x00000000                cy_project_type_app_for_stack_and_copier = (CY_APP_FOR_STACK_AND_COPIER == 0x1)?0x1:0x0

.text           0x00000000     0x6780
 CREATE_OBJECT_SYMBOLS
                0x00000000                PROVIDE (__cy_interrupt_vector, RomVectors)
 *(.romvectors)
 .romvectors    0x00000000       0x10 .\CortexM0\ARM_GCC_541\Debug\Cm0Start.o
                0x00000000                RomVectors
                0x00000001                ASSERT ((. != __cy_interrupt_vector), No interrupt vector)
                0x00000001                ASSERT (CY_APPL_ORIGIN?(SIZEOF (.cybootloader) <= CY_APPL_ORIGIN):0x1, Wrong image location)
                0x00000010                PROVIDE (__cy_reset, Reset)
 *(.text.Reset)
 .text.Reset    0x00000010        0x8 .\CortexM0\ARM_GCC_541\Debug\Cm0Start.o
                0x00000010                Reset
                0x00000001                ASSERT ((. != __cy_reset), No reset code)
 *(.psocinit)
 .psocinit      0x00000018      0x1dc .\CortexM0\ARM_GCC_541\Debug\cyfitter_cfg.o
                0x000000ac                cyfitter_cfg
                0x000001f4                . = MAX (., 0x100)
 *(.text .text.* .gnu.linkonce.t.*)
 .text          0x000001f4       0x60 c:/program files (x86)/cypress/psoc creator/4.1/psoc creator/import/gnu/arm/5.4.1/bin/../lib/gcc/arm-none-eabi/5.4.1/armv6-m/crtbegin.o
 .text.sysTickISR
                0x00000254       0x1c .\CortexM0\ARM_GCC_541\Debug\main.o
                0x00000254                sysTickISR
 .text.u8x8_byte_hw_i2c
                0x00000270       0x50 .\CortexM0\ARM_GCC_541\Debug\main.o
                0x00000270                u8x8_byte_hw_i2c
 .text.psoc_gpio_and_delay_cb
                0x000002c0       0x2c .\CortexM0\ARM_GCC_541\Debug\main.o
                0x000002c0                psoc_gpio_and_delay_cb
 .text.displayDataScreen0
                0x000002ec       0x90 .\CortexM0\ARM_GCC_541\Debug\main.o
                0x000002ec                displayDataScreen0
 .text.displayDataScreen1
                0x0000037c      0x174 .\CortexM0\ARM_GCC_541\Debug\main.o
                0x0000037c                displayDataScreen1
 .text.displayDataScreen2
                0x000004f0       0x64 .\CortexM0\ARM_GCC_541\Debug\main.o
                0x000004f0                displayDataScreen2
 .text.handleBaseSwitch
                0x00000554       0x1c .\CortexM0\ARM_GCC_541\Debug\main.o
                0x00000554                handleBaseSwitch
 .text.switchScreen
                0x00000570       0x58 .\CortexM0\ARM_GCC_541\Debug\main.o
                0x00000570                switchScreen
 .text.main     0x000005c8      0x1bc .\CortexM0\ARM_GCC_541\Debug\main.o
                0x000005c8                main
 .text.u8x8_get_glyph_data
                0x00000784       0x68 .\CortexM0\ARM_GCC_541\Debug\u8x8_8x8.o
 .text.u8x8_ascii_next
                0x000007ec       0x18 .\CortexM0\ARM_GCC_541\Debug\u8x8_8x8.o
                0x000007ec                u8x8_ascii_next
 .text.u8x8_SetFont
                0x00000804        0x4 .\CortexM0\ARM_GCC_541\Debug\u8x8_8x8.o
                0x00000804                u8x8_SetFont
 .text.u8x8_DrawGlyph
                0x00000808       0x28 .\CortexM0\ARM_GCC_541\Debug\u8x8_8x8.o
                0x00000808                u8x8_DrawGlyph
 .text.u8x8_utf8_init
                0x00000830        0x8 .\CortexM0\ARM_GCC_541\Debug\u8x8_8x8.o
                0x00000830                u8x8_utf8_init
 .text.u8x8_draw_string
                0x00000838       0x4c .\CortexM0\ARM_GCC_541\Debug\u8x8_8x8.o
 .text.u8x8_DrawString
                0x00000884       0x10 .\CortexM0\ARM_GCC_541\Debug\u8x8_8x8.o
                0x00000884                u8x8_DrawString
 .text.u8x8_byte_SetDC
                0x00000894       0x10 .\CortexM0\ARM_GCC_541\Debug\u8x8_byte.o
                0x00000894                u8x8_byte_SetDC
 .text.u8x8_byte_SendBytes
                0x000008a4       0x10 .\CortexM0\ARM_GCC_541\Debug\u8x8_byte.o
                0x000008a4                u8x8_byte_SendBytes
 .text.u8x8_byte_SendByte
                0x000008b4       0x14 .\CortexM0\ARM_GCC_541\Debug\u8x8_byte.o
                0x000008b4                u8x8_byte_SendByte
 .text.u8x8_byte_StartTransfer
                0x000008c8       0x10 .\CortexM0\ARM_GCC_541\Debug\u8x8_byte.o
                0x000008c8                u8x8_byte_StartTransfer
 .text.u8x8_byte_EndTransfer
                0x000008d8       0x10 .\CortexM0\ARM_GCC_541\Debug\u8x8_byte.o
                0x000008d8                u8x8_byte_EndTransfer
 .text.u8x8_i2c_data_transfer
                0x000008e8       0x28 .\CortexM0\ARM_GCC_541\Debug\u8x8_cad.o
 .text.u8x8_cad_SendCmd
                0x00000910       0x10 .\CortexM0\ARM_GCC_541\Debug\u8x8_cad.o
                0x00000910                u8x8_cad_SendCmd
 .text.u8x8_cad_SendArg
                0x00000920       0x10 .\CortexM0\ARM_GCC_541\Debug\u8x8_cad.o
                0x00000920                u8x8_cad_SendArg
 .text.u8x8_cad_SendData
                0x00000930       0x10 .\CortexM0\ARM_GCC_541\Debug\u8x8_cad.o
                0x00000930                u8x8_cad_SendData
 .text.u8x8_cad_StartTransfer
                0x00000940       0x10 .\CortexM0\ARM_GCC_541\Debug\u8x8_cad.o
                0x00000940                u8x8_cad_StartTransfer
 .text.u8x8_cad_EndTransfer
                0x00000950       0x10 .\CortexM0\ARM_GCC_541\Debug\u8x8_cad.o
                0x00000950                u8x8_cad_EndTransfer
 .text.u8x8_cad_SendSequence
                0x00000960       0x6c .\CortexM0\ARM_GCC_541\Debug\u8x8_cad.o
                0x00000960                u8x8_cad_SendSequence
 .text.u8x8_cad_empty
                0x000009cc       0x38 .\CortexM0\ARM_GCC_541\Debug\u8x8_cad.o
                0x000009cc                u8x8_cad_empty
 .text.u8x8_cad_110
                0x00000a04       0x60 .\CortexM0\ARM_GCC_541\Debug\u8x8_cad.o
                0x00000a04                u8x8_cad_110
 .text.u8x8_cad_100
                0x00000a64       0x60 .\CortexM0\ARM_GCC_541\Debug\u8x8_cad.o
                0x00000a64                u8x8_cad_100
 .text.u8x8_cad_001
                0x00000ac4       0x60 .\CortexM0\ARM_GCC_541\Debug\u8x8_cad.o
                0x00000ac4                u8x8_cad_001
 .text.u8x8_cad_011
                0x00000b24       0x60 .\CortexM0\ARM_GCC_541\Debug\u8x8_cad.o
                0x00000b24                u8x8_cad_011
 .text.u8x8_cad_st7920_spi
                0x00000b84      0x104 .\CortexM0\ARM_GCC_541\Debug\u8x8_cad.o
                0x00000b84                u8x8_cad_st7920_spi
 .text.u8x8_cad_ssd13xx_i2c
                0x00000c88       0x80 .\CortexM0\ARM_GCC_541\Debug\u8x8_cad.o
                0x00000c88                u8x8_cad_ssd13xx_i2c
 .text.u8x8_cad_ld7032_i2c
                0x00000d08       0xc8 .\CortexM0\ARM_GCC_541\Debug\u8x8_cad.o
                0x00000d08                u8x8_cad_ld7032_i2c
 .text.u8x8_cad_uc16xx_i2c
                0x00000dd0       0xf8 .\CortexM0\ARM_GCC_541\Debug\u8x8_cad.o
                0x00000dd0                u8x8_cad_uc16xx_i2c
 .text.u8x8_d_ssd1306_sh1106_generic
                0x00000ec8       0xe8 .\CortexM0\ARM_GCC_541\Debug\u8x8_d_ssd1306_128x64_noname.o
 .text.u8x8_d_ssd1306_128x64_noname
                0x00000fb0       0x40 .\CortexM0\ARM_GCC_541\Debug\u8x8_d_ssd1306_128x64_noname.o
                0x00000fb0                u8x8_d_ssd1306_128x64_noname
 .text.u8x8_d_helper_display_setup_memory
                0x00000ff0        0x8 .\CortexM0\ARM_GCC_541\Debug\u8x8_display.o
                0x00000ff0                u8x8_d_helper_display_setup_memory
 .text.u8x8_d_helper_display_init
                0x00000ff8       0x60 .\CortexM0\ARM_GCC_541\Debug\u8x8_display.o
                0x00000ff8                u8x8_d_helper_display_init
 .text.u8x8_DrawTile
                0x00001058       0x20 .\CortexM0\ARM_GCC_541\Debug\u8x8_display.o
                0x00001058                u8x8_DrawTile
 .text.u8x8_SetupMemory
                0x00001078       0x10 .\CortexM0\ARM_GCC_541\Debug\u8x8_display.o
                0x00001078                u8x8_SetupMemory
 .text.u8x8_InitDisplay
                0x00001088       0x10 .\CortexM0\ARM_GCC_541\Debug\u8x8_display.o
                0x00001088                u8x8_InitDisplay
 .text.u8x8_SetPowerSave
                0x00001098       0x10 .\CortexM0\ARM_GCC_541\Debug\u8x8_display.o
                0x00001098                u8x8_SetPowerSave
 .text.u8x8_ClearDisplayWithTile
                0x000010a8       0x3c .\CortexM0\ARM_GCC_541\Debug\u8x8_display.o
                0x000010a8                u8x8_ClearDisplayWithTile
 .text.u8x8_ClearDisplay
                0x000010e4       0x1c .\CortexM0\ARM_GCC_541\Debug\u8x8_display.o
                0x000010e4                u8x8_ClearDisplay
 .text.u8x8_gpio_call
                0x00001100        0xc .\CortexM0\ARM_GCC_541\Debug\u8x8_gpio.o
                0x00001100                u8x8_gpio_call
 .text.u8x8_dummy_cb
                0x0000110c        0x4 .\CortexM0\ARM_GCC_541\Debug\u8x8_setup.o
                0x0000110c                u8x8_dummy_cb
 .text.u8x8_SetupDefaults
                0x00001110       0x28 .\CortexM0\ARM_GCC_541\Debug\u8x8_setup.o
                0x00001110                u8x8_SetupDefaults
 .text.u8x8_Setup
                0x00001138       0x20 .\CortexM0\ARM_GCC_541\Debug\u8x8_setup.o
                0x00001138                u8x8_Setup
 .text.cfg_write_bytes32
                0x00001158       0x34 .\CortexM0\ARM_GCC_541\Debug\cyfitter_cfg.o
 .text.CYMEMZERO
                0x0000118c        0xc .\CortexM0\ARM_GCC_541\Debug\cyfitter_cfg.o
 .text.SetAnalogRoutingPumps
                0x00001198       0x20 .\CortexM0\ARM_GCC_541\Debug\cyfitter_cfg.o
                0x00001198                SetAnalogRoutingPumps
 .text.AnalogSetDefault
                0x000011b8       0x44 .\CortexM0\ARM_GCC_541\Debug\cyfitter_cfg.o
 .text.IntDefaultHandler
                0x000011fc       0x10 .\CortexM0\ARM_GCC_541\Debug\Cm0Start.o
                0x000011fc                IntDefaultHandler
 .text._sbrk    0x0000120c       0x34 .\CortexM0\ARM_GCC_541\Debug\Cm0Start.o
                0x0000120c                _sbrk
 .text.Start_c  0x00001240       0x48 .\CortexM0\ARM_GCC_541\Debug\Cm0Start.o
                0x00001240                Start_c
 .text.initialize_psoc
                0x00001288       0x4c .\CortexM0\ARM_GCC_541\Debug\Cm0Start.o
                0x00001288                initialize_psoc
 .text.D3_Read  0x000012d4       0x10 .\CortexM0\ARM_GCC_541\Debug\TestProgram4M.a(D3.o)
                0x000012d4                D3_Read
 .text.Red_Write
                0x000012e4       0x18 .\CortexM0\ARM_GCC_541\Debug\TestProgram4M.a(Red.o)
                0x000012e4                Red_Write
 .text.Red_Read
                0x000012fc       0x10 .\CortexM0\ARM_GCC_541\Debug\TestProgram4M.a(Red.o)
                0x000012fc                Red_Read
 .text.Green_Write
                0x0000130c       0x18 .\CortexM0\ARM_GCC_541\Debug\TestProgram4M.a(Green.o)
                0x0000130c                Green_Write
 .text.CySysClkImoDisableWcoLock
                0x00001324       0x14 .\CortexM0\ARM_GCC_541\Debug\TestProgram4M.a(CyLib.o)
                0x00001324                CySysClkImoDisableWcoLock
 .text.CySysClkImoGetWcoLock
                0x00001338       0x14 .\CortexM0\ARM_GCC_541\Debug\TestProgram4M.a(CyLib.o)
                0x00001338                CySysClkImoGetWcoLock
 .text.CyIntEnable
                0x0000134c       0x14 .\CortexM0\ARM_GCC_541\Debug\TestProgram4M.a(CyLib.o)
                0x0000134c                CyIntEnable
 .text.CyIntDisable
                0x00001360       0x14 .\CortexM0\ARM_GCC_541\Debug\TestProgram4M.a(CyLib.o)
                0x00001360                CyIntDisable
 .text.CyHalt   0x00001374        0x4 .\CortexM0\ARM_GCC_541\Debug\TestProgram4M.a(CyLib.o)
                0x00001374                CyHalt
 .text.CyIntSetSysVector
                0x00001378       0x20 .\CortexM0\ARM_GCC_541\Debug\TestProgram4M.a(CyLib.o)
                0x00001378                CyIntSetSysVector
 .text.CyIntSetVector
                0x00001398       0x24 .\CortexM0\ARM_GCC_541\Debug\TestProgram4M.a(CyLib.o)
                0x00001398                CyIntSetVector
 .text.CyIntSetPriority
                0x000013bc       0x4c .\CortexM0\ARM_GCC_541\Debug\TestProgram4M.a(CyLib.o)
                0x000013bc                CyIntSetPriority
 .text.CyDelay  0x00001408       0x30 .\CortexM0\ARM_GCC_541\Debug\TestProgram4M.a(CyLib.o)
                0x00001408                CyDelay
 .text.CySysClkImoEnableWcoLock
                0x00001438       0xf0 .\CortexM0\ARM_GCC_541\Debug\TestProgram4M.a(CyLib.o)
                0x00001438                CySysClkImoEnableWcoLock
 .text.CySysClkWriteImoFreq
                0x00001528       0x80 .\CortexM0\ARM_GCC_541\Debug\TestProgram4M.a(CyLib.o)
                0x00001528                CySysClkWriteImoFreq
 .text.CyDelayUs
                0x000015a8       0x14 .\CortexM0\ARM_GCC_541\Debug\TestProgram4M.a(CyLib.o)
                0x000015a8                CyDelayUs
 .text.CySysTickEnableInterrupt
                0x000015bc       0x10 .\CortexM0\ARM_GCC_541\Debug\TestProgram4M.a(CyLib.o)
                0x000015bc                CySysTickEnableInterrupt
 .text.CySysTickEnable
                0x000015cc       0x18 .\CortexM0\ARM_GCC_541\Debug\TestProgram4M.a(CyLib.o)
                0x000015cc                CySysTickEnable
 .text.CySysTickSetReload
                0x000015e4       0x10 .\CortexM0\ARM_GCC_541\Debug\TestProgram4M.a(CyLib.o)
                0x000015e4                CySysTickSetReload
 .text.CySysTickSetClockSource
                0x000015f4       0x20 .\CortexM0\ARM_GCC_541\Debug\TestProgram4M.a(CyLib.o)
                0x000015f4                CySysTickSetClockSource
 .text.CySysTickGetCountFlag
                0x00001614       0x10 .\CortexM0\ARM_GCC_541\Debug\TestProgram4M.a(CyLib.o)
                0x00001614                CySysTickGetCountFlag
 .text.CySysTickServiceCallbacks
                0x00001624       0x28 .\CortexM0\ARM_GCC_541\Debug\TestProgram4M.a(CyLib.o)
 .text.CySysTickClear
                0x0000164c        0xc .\CortexM0\ARM_GCC_541\Debug\TestProgram4M.a(CyLib.o)
                0x0000164c                CySysTickClear
 .text.CySysTickInit
                0x00001658       0x4c .\CortexM0\ARM_GCC_541\Debug\TestProgram4M.a(CyLib.o)
                0x00001658                CySysTickInit
 .text.CySysTickStart
                0x000016a4       0x20 .\CortexM0\ARM_GCC_541\Debug\TestProgram4M.a(CyLib.o)
                0x000016a4                CySysTickStart
 .text.CySysTickSetCallback
                0x000016c4       0x10 .\CortexM0\ARM_GCC_541\Debug\TestProgram4M.a(CyLib.o)
                0x000016c4                CySysTickSetCallback
 *fill*         0x000016d4        0x4 
 .text          0x000016d8       0x20 .\CortexM0\ARM_GCC_541\Debug\TestProgram4M.a(CyBootAsmGnu.o)
                0x000016d8                CyDelayCycles
                0x000016ea                CyEnterCriticalSection
                0x000016f2                CyExitCriticalSection
 .text.CySysWdtLocked
                0x000016f8       0x14 .\CortexM0\ARM_GCC_541\Debug\TestProgram4M.a(CyLFClk.o)
 .text.CySysClkWcoEnabled
                0x0000170c       0x14 .\CortexM0\ARM_GCC_541\Debug\TestProgram4M.a(CyLFClk.o)
                0x0000170c                CySysClkWcoEnabled
 .text.CySysWdtLock
                0x00001720       0x1c .\CortexM0\ARM_GCC_541\Debug\TestProgram4M.a(CyLFClk.o)
                0x00001720                CySysWdtLock
 .text.CySysWdtUnlock
                0x0000173c       0x30 .\CortexM0\ARM_GCC_541\Debug\TestProgram4M.a(CyLFClk.o)
                0x0000173c                CySysWdtUnlock
 .text.CySysWdtClearInterrupt
                0x0000176c       0x4c .\CortexM0\ARM_GCC_541\Debug\TestProgram4M.a(CyLFClk.o)
                0x0000176c                CySysWdtClearInterrupt
 .text.CySysWdtIsr
                0x000017b8       0xa4 .\CortexM0\ARM_GCC_541\Debug\TestProgram4M.a(CyLFClk.o)
                0x000017b8                CySysWdtIsr
 .text.I2C_ScbEnableIntr
                0x0000185c        0xc .\CortexM0\ARM_GCC_541\Debug\TestProgram4M.a(I2C.o)
 .text.I2C_Init
                0x00001868        0x8 .\CortexM0\ARM_GCC_541\Debug\TestProgram4M.a(I2C.o)
                0x00001868                I2C_Init
 .text.I2C_Enable
                0x00001870       0x18 .\CortexM0\ARM_GCC_541\Debug\TestProgram4M.a(I2C.o)
                0x00001870                I2C_Enable
 .text.I2C_Start
                0x00001888       0x20 .\CortexM0\ARM_GCC_541\Debug\TestProgram4M.a(I2C.o)
                0x00001888                I2C_Start
 .text.I2C_I2CInit
                0x000018a8       0xbc .\CortexM0\ARM_GCC_541\Debug\TestProgram4M.a(I2C_I2C.o)
                0x000018a8                I2C_I2CInit
 .text.I2C_I2CMasterSendStart
                0x00001964       0xd8 .\CortexM0\ARM_GCC_541\Debug\TestProgram4M.a(I2C_I2C_MASTER.o)
                0x00001964                I2C_I2CMasterSendStart
 .text.I2C_I2CMasterSendStop
                0x00001a3c       0x8c .\CortexM0\ARM_GCC_541\Debug\TestProgram4M.a(I2C_I2C_MASTER.o)
                0x00001a3c                I2C_I2CMasterSendStop
 .text.I2C_I2CMasterWriteByte
                0x00001ac8       0x98 .\CortexM0\ARM_GCC_541\Debug\TestProgram4M.a(I2C_I2C_MASTER.o)
                0x00001ac8                I2C_I2CMasterWriteByte
 .text.I2C_I2CMasterStatus
                0x00001b60       0x30 .\CortexM0\ARM_GCC_541\Debug\TestProgram4M.a(I2C_I2C_MASTER.o)
                0x00001b60                I2C_I2CMasterStatus
 .text.I2C_I2CReStartGeneration
                0x00001b90       0x20 .\CortexM0\ARM_GCC_541\Debug\TestProgram4M.a(I2C_I2C_MASTER.o)
                0x00001b90                I2C_I2CReStartGeneration
 .text.I2C_I2CMasterWriteBuf
                0x00001bb0       0xec .\CortexM0\ARM_GCC_541\Debug\TestProgram4M.a(I2C_I2C_MASTER.o)
                0x00001bb0                I2C_I2CMasterWriteBuf
 .text.I2C_I2CMasterReadBuf
                0x00001c9c       0xfc .\CortexM0\ARM_GCC_541\Debug\TestProgram4M.a(I2C_I2C_MASTER.o)
                0x00001c9c                I2C_I2CMasterReadBuf
 .text.ADC_Init
                0x00001d98      0x164 .\CortexM0\ARM_GCC_541\Debug\TestProgram4M.a(ADC.o)
                0x00001d98                ADC_Init
 .text.ADC_Enable
                0x00001efc       0x30 .\CortexM0\ARM_GCC_541\Debug\TestProgram4M.a(ADC.o)
                0x00001efc                ADC_Enable
 .text.ADC_Start
                0x00001f2c       0x20 .\CortexM0\ARM_GCC_541\Debug\TestProgram4M.a(ADC.o)
                0x00001f2c                ADC_Start
 .text.ADC_StartConvert
                0x00001f4c       0x14 .\CortexM0\ARM_GCC_541\Debug\TestProgram4M.a(ADC.o)
                0x00001f4c                ADC_StartConvert
 .text.ADC_IsEndConversion
                0x00001f60       0x28 .\CortexM0\ARM_GCC_541\Debug\TestProgram4M.a(ADC.o)
                0x00001f60                ADC_IsEndConversion
 .text.ADC_GetResult16
                0x00001f88       0x2c .\CortexM0\ARM_GCC_541\Debug\TestProgram4M.a(ADC.o)
                0x00001f88                ADC_GetResult16
 .text.ADC_CountsTo_mVolts
                0x00001fb4       0x5c .\CortexM0\ARM_GCC_541\Debug\TestProgram4M.a(ADC.o)
                0x00001fb4                ADC_CountsTo_mVolts
 .text.ADC_ISR  0x00002010        0xc .\CortexM0\ARM_GCC_541\Debug\TestProgram4M.a(ADC_INT.o)
                0x00002010                ADC_ISR
 .text.SW1_ClearInterrupt
                0x0000201c       0x14 .\CortexM0\ARM_GCC_541\Debug\TestProgram4M.a(SW1.o)
                0x0000201c                SW1_ClearInterrupt
 .text.SWISR_SetVector
                0x00002030        0xc .\CortexM0\ARM_GCC_541\Debug\TestProgram4M.a(SWISR.o)
                0x00002030                SWISR_SetVector
 .text.SWISR_SetPriority
                0x0000203c       0x20 .\CortexM0\ARM_GCC_541\Debug\TestProgram4M.a(SWISR.o)
                0x0000203c                SWISR_SetPriority
 .text.SWISR_Enable
                0x0000205c        0xc .\CortexM0\ARM_GCC_541\Debug\TestProgram4M.a(SWISR.o)
                0x0000205c                SWISR_Enable
 .text.SWISR_Disable
                0x00002068        0xc .\CortexM0\ARM_GCC_541\Debug\TestProgram4M.a(SWISR.o)
                0x00002068                SWISR_Disable
 .text.SWISR_StartEx
                0x00002074       0x1c .\CortexM0\ARM_GCC_541\Debug\TestProgram4M.a(SWISR.o)
                0x00002074                SWISR_StartEx
 .text.CySysFlashSetWaitCycles
                0x00002090       0x54 .\CortexM0\ARM_GCC_541\Debug\TestProgram4M.a(CyFlash.o)
                0x00002090                CySysFlashSetWaitCycles
 .text.I2C_I2C_ISR
                0x000020e4      0x374 .\CortexM0\ARM_GCC_541\Debug\TestProgram4M.a(I2C_I2C_INT.o)
                0x000020e4                I2C_I2C_ISR
 .text          0x00002458      0x114 c:/program files (x86)/cypress/psoc creator/4.1/psoc creator/import/gnu/arm/5.4.1/bin/../lib/gcc/arm-none-eabi/5.4.1/armv6-m\libgcc.a(_udivsi3.o)
                0x00002458                __aeabi_uidiv
                0x00002458                __udivsi3
                0x00002564                __aeabi_uidivmod
 .text          0x0000256c      0x1d4 c:/program files (x86)/cypress/psoc creator/4.1/psoc creator/import/gnu/arm/5.4.1/bin/../lib/gcc/arm-none-eabi/5.4.1/armv6-m\libgcc.a(_divsi3.o)
                0x0000256c                __divsi3
                0x0000256c                __aeabi_idiv
                0x00002738                __aeabi_idivmod
 .text          0x00002740        0x4 c:/program files (x86)/cypress/psoc creator/4.1/psoc creator/import/gnu/arm/5.4.1/bin/../lib/gcc/arm-none-eabi/5.4.1/armv6-m\libgcc.a(_dvmd_tls.o)
                0x00002740                __aeabi_idiv0
                0x00002740                __aeabi_ldiv0
 .text          0x00002744       0x7c c:/program files (x86)/cypress/psoc creator/4.1/psoc creator/import/gnu/arm/5.4.1/bin/../lib/gcc/arm-none-eabi/5.4.1/armv6-m\libgcc.a(_arm_cmpdf2.o)
                0x00002744                __aeabi_cdrcmple
                0x00002754                __aeabi_cdcmple
                0x00002754                __aeabi_cdcmpeq
                0x00002764                __aeabi_dcmpeq
                0x00002770                __aeabi_dcmplt
                0x00002784                __aeabi_dcmple
                0x00002798                __aeabi_dcmpgt
                0x000027ac                __aeabi_dcmpge
 .text          0x000027c0       0x90 c:/program files (x86)/cypress/psoc creator/4.1/psoc creator/import/gnu/arm/5.4.1/bin/../lib/gcc/arm-none-eabi/5.4.1/armv6-m\libgcc.a(floatsisf.o)
                0x000027c0                __aeabi_i2f
 .text          0x00002850      0x658 c:/program files (x86)/cypress/psoc creator/4.1/psoc creator/import/gnu/arm/5.4.1/bin/../lib/gcc/arm-none-eabi/5.4.1/armv6-m\libgcc.a(adddf3.o)
                0x00002850                __aeabi_dadd
 .text          0x00002ea8      0x62c c:/program files (x86)/cypress/psoc creator/4.1/psoc creator/import/gnu/arm/5.4.1/bin/../lib/gcc/arm-none-eabi/5.4.1/armv6-m\libgcc.a(divdf3.o)
                0x00002ea8                __aeabi_ddiv
 .text          0x000034d4       0x80 c:/program files (x86)/cypress/psoc creator/4.1/psoc creator/import/gnu/arm/5.4.1/bin/../lib/gcc/arm-none-eabi/5.4.1/armv6-m\libgcc.a(eqdf2.o)
                0x000034d4                __nedf2
                0x000034d4                __eqdf2
 .text          0x00003554       0xc8 c:/program files (x86)/cypress/psoc creator/4.1/psoc creator/import/gnu/arm/5.4.1/bin/../lib/gcc/arm-none-eabi/5.4.1/armv6-m\libgcc.a(gedf2.o)
                0x00003554                __gedf2
                0x00003554                __gtdf2
 .text          0x0000361c       0xd4 c:/program files (x86)/cypress/psoc creator/4.1/psoc creator/import/gnu/arm/5.4.1/bin/../lib/gcc/arm-none-eabi/5.4.1/armv6-m\libgcc.a(ledf2.o)
                0x0000361c                __ledf2
                0x0000361c                __ltdf2
 .text          0x000036f0       0xa8 c:/program files (x86)/cypress/psoc creator/4.1/psoc creator/import/gnu/arm/5.4.1/bin/../lib/gcc/arm-none-eabi/5.4.1/armv6-m\libgcc.a(extendsfdf2.o)
                0x000036f0                __aeabi_f2d
 .text          0x00003798      0x118 c:/program files (x86)/cypress/psoc creator/4.1/psoc creator/import/gnu/arm/5.4.1/bin/../lib/gcc/arm-none-eabi/5.4.1/armv6-m\libgcc.a(truncdfsf2.o)
                0x00003798                __aeabi_d2f
 .text          0x000038b0       0x3c c:/program files (x86)/cypress/psoc creator/4.1/psoc creator/import/gnu/arm/5.4.1/bin/../lib/gcc/arm-none-eabi/5.4.1/armv6-m\libgcc.a(_clzsi2.o)
                0x000038b0                __clzsi2
 .text.__errno  0x000038ec        0xc c:/program files (x86)/cypress/psoc creator/4.1/psoc creator/import/gnu/arm/5.4.1/bin/../lib/gcc/arm-none-eabi/5.4.1/../../../../arm-none-eabi/lib/armv6-m\libg_nano.a(lib_a-errno.o)
                0x000038ec                __errno
 .text.__libc_init_array
                0x000038f8       0x4c c:/program files (x86)/cypress/psoc creator/4.1/psoc creator/import/gnu/arm/5.4.1/bin/../lib/gcc/arm-none-eabi/5.4.1/../../../../arm-none-eabi/lib/armv6-m\libg_nano.a(lib_a-init.o)
                0x000038f8                __libc_init_array
 .text.memcpy   0x00003944       0x12 c:/program files (x86)/cypress/psoc creator/4.1/psoc creator/import/gnu/arm/5.4.1/bin/../lib/gcc/arm-none-eabi/5.4.1/../../../../arm-none-eabi/lib/armv6-m\libg_nano.a(lib_a-memcpy-stub.o)
                0x00003944                memcpy
 .text.memset   0x00003956       0x10 c:/program files (x86)/cypress/psoc creator/4.1/psoc creator/import/gnu/arm/5.4.1/bin/../lib/gcc/arm-none-eabi/5.4.1/../../../../arm-none-eabi/lib/armv6-m\libg_nano.a(lib_a-memset.o)
                0x00003956                memset
 .text.__cvt    0x00003966       0xca c:/program files (x86)/cypress/psoc creator/4.1/psoc creator/import/gnu/arm/5.4.1/bin/../lib/gcc/arm-none-eabi/5.4.1/../../../../arm-none-eabi/lib/armv6-m\libg_nano.a(lib_a-nano-vfprintf_float.o)
                0x00003966                __cvt
 .text.__exponent
                0x00003a30       0x62 c:/program files (x86)/cypress/psoc creator/4.1/psoc creator/import/gnu/arm/5.4.1/bin/../lib/gcc/arm-none-eabi/5.4.1/../../../../arm-none-eabi/lib/armv6-m\libg_nano.a(lib_a-nano-vfprintf_float.o)
                0x00003a30                __exponent
 *fill*         0x00003a92        0x2 
 .text._printf_float
                0x00003a94      0x4a0 c:/program files (x86)/cypress/psoc creator/4.1/psoc creator/import/gnu/arm/5.4.1/bin/../lib/gcc/arm-none-eabi/5.4.1/../../../../arm-none-eabi/lib/armv6-m\libg_nano.a(lib_a-nano-vfprintf_float.o)
                0x00003a94                _printf_float
 .text._printf_common
                0x00003f34       0xdc c:/program files (x86)/cypress/psoc creator/4.1/psoc creator/import/gnu/arm/5.4.1/bin/../lib/gcc/arm-none-eabi/5.4.1/../../../../arm-none-eabi/lib/armv6-m\libg_nano.a(lib_a-nano-vfprintf_i.o)
                0x00003f34                _printf_common
 .text._printf_i
                0x00004010      0x244 c:/program files (x86)/cypress/psoc creator/4.1/psoc creator/import/gnu/arm/5.4.1/bin/../lib/gcc/arm-none-eabi/5.4.1/../../../../arm-none-eabi/lib/armv6-m\libg_nano.a(lib_a-nano-vfprintf_i.o)
                0x00004010                _printf_i
 .text.sprintf  0x00004254       0x44 c:/program files (x86)/cypress/psoc creator/4.1/psoc creator/import/gnu/arm/5.4.1/bin/../lib/gcc/arm-none-eabi/5.4.1/../../../../arm-none-eabi/lib/armv6-m\libg_nano.a(lib_a-sprintf.o)
                0x00004254                siprintf
                0x00004254                sprintf
 .text          0x00004298        0xe c:/program files (x86)/cypress/psoc creator/4.1/psoc creator/import/gnu/arm/5.4.1/bin/../lib/gcc/arm-none-eabi/5.4.1/../../../../arm-none-eabi/lib/armv6-m\libg_nano.a(lib_a-strlen.o)
                0x00004298                strlen
 .text.quorem   0x000042a6      0x10c c:/program files (x86)/cypress/psoc creator/4.1/psoc creator/import/gnu/arm/5.4.1/bin/../lib/gcc/arm-none-eabi/5.4.1/../../../../arm-none-eabi/lib/armv6-m\libg_nano.a(lib_a-dtoa.o)
 *fill*         0x000043b2        0x2 
 .text._dtoa_r  0x000043b4      0xb8c c:/program files (x86)/cypress/psoc creator/4.1/psoc creator/import/gnu/arm/5.4.1/bin/../lib/gcc/arm-none-eabi/5.4.1/../../../../arm-none-eabi/lib/armv6-m\libg_nano.a(lib_a-dtoa.o)
                0x000043b4                _dtoa_r
 .text._localeconv_r
                0x00004f40        0x8 c:/program files (x86)/cypress/psoc creator/4.1/psoc creator/import/gnu/arm/5.4.1/bin/../lib/gcc/arm-none-eabi/5.4.1/../../../../arm-none-eabi/lib/armv6-m\libg_nano.a(lib_a-locale.o)
                0x00004f40                _localeconv_r
 .text.malloc   0x00004f48       0x14 c:/program files (x86)/cypress/psoc creator/4.1/psoc creator/import/gnu/arm/5.4.1/bin/../lib/gcc/arm-none-eabi/5.4.1/../../../../arm-none-eabi/lib/armv6-m\libg_nano.a(lib_a-malloc.o)
                0x00004f48                malloc
 .text.memchr   0x00004f5c       0x16 c:/program files (x86)/cypress/psoc creator/4.1/psoc creator/import/gnu/arm/5.4.1/bin/../lib/gcc/arm-none-eabi/5.4.1/../../../../arm-none-eabi/lib/armv6-m\libg_nano.a(lib_a-memchr-stub.o)
                0x00004f5c                memchr
 .text._Balloc  0x00004f72       0x70 c:/program files (x86)/cypress/psoc creator/4.1/psoc creator/import/gnu/arm/5.4.1/bin/../lib/gcc/arm-none-eabi/5.4.1/../../../../arm-none-eabi/lib/armv6-m\libg_nano.a(lib_a-mprec.o)
                0x00004f72                _Balloc
 .text._Bfree   0x00004fe2       0x32 c:/program files (x86)/cypress/psoc creator/4.1/psoc creator/import/gnu/arm/5.4.1/bin/../lib/gcc/arm-none-eabi/5.4.1/../../../../arm-none-eabi/lib/armv6-m\libg_nano.a(lib_a-mprec.o)
                0x00004fe2                _Bfree
 .text.__multadd
                0x00005014       0x7a c:/program files (x86)/cypress/psoc creator/4.1/psoc creator/import/gnu/arm/5.4.1/bin/../lib/gcc/arm-none-eabi/5.4.1/../../../../arm-none-eabi/lib/armv6-m\libg_nano.a(lib_a-mprec.o)
                0x00005014                __multadd
 .text.__hi0bits
                0x0000508e       0x36 c:/program files (x86)/cypress/psoc creator/4.1/psoc creator/import/gnu/arm/5.4.1/bin/../lib/gcc/arm-none-eabi/5.4.1/../../../../arm-none-eabi/lib/armv6-m\libg_nano.a(lib_a-mprec.o)
                0x0000508e                __hi0bits
 .text.__lo0bits
                0x000050c4       0x5e c:/program files (x86)/cypress/psoc creator/4.1/psoc creator/import/gnu/arm/5.4.1/bin/../lib/gcc/arm-none-eabi/5.4.1/../../../../arm-none-eabi/lib/armv6-m\libg_nano.a(lib_a-mprec.o)
                0x000050c4                __lo0bits
 .text.__i2b    0x00005122       0x12 c:/program files (x86)/cypress/psoc creator/4.1/psoc creator/import/gnu/arm/5.4.1/bin/../lib/gcc/arm-none-eabi/5.4.1/../../../../arm-none-eabi/lib/armv6-m\libg_nano.a(lib_a-mprec.o)
                0x00005122                __i2b
 .text.__multiply
                0x00005134      0x112 c:/program files (x86)/cypress/psoc creator/4.1/psoc creator/import/gnu/arm/5.4.1/bin/../lib/gcc/arm-none-eabi/5.4.1/../../../../arm-none-eabi/lib/armv6-m\libg_nano.a(lib_a-mprec.o)
                0x00005134                __multiply
 *fill*         0x00005246        0x2 
 .text.__pow5mult
                0x00005248       0xa8 c:/program files (x86)/cypress/psoc creator/4.1/psoc creator/import/gnu/arm/5.4.1/bin/../lib/gcc/arm-none-eabi/5.4.1/../../../../arm-none-eabi/lib/armv6-m\libg_nano.a(lib_a-mprec.o)
                0x00005248                __pow5mult
 .text.__lshift
                0x000052f0       0xa4 c:/program files (x86)/cypress/psoc creator/4.1/psoc creator/import/gnu/arm/5.4.1/bin/../lib/gcc/arm-none-eabi/5.4.1/../../../../arm-none-eabi/lib/armv6-m\libg_nano.a(lib_a-mprec.o)
                0x000052f0                __lshift
 .text.__mcmp   0x00005394       0x36 c:/program files (x86)/cypress/psoc creator/4.1/psoc creator/import/gnu/arm/5.4.1/bin/../lib/gcc/arm-none-eabi/5.4.1/../../../../arm-none-eabi/lib/armv6-m\libg_nano.a(lib_a-mprec.o)
                0x00005394                __mcmp
 .text.__mdiff  0x000053ca       0xd6 c:/program files (x86)/cypress/psoc creator/4.1/psoc creator/import/gnu/arm/5.4.1/bin/../lib/gcc/arm-none-eabi/5.4.1/../../../../arm-none-eabi/lib/armv6-m\libg_nano.a(lib_a-mprec.o)
                0x000053ca                __mdiff
 .text.__d2b    0x000054a0       0xa8 c:/program files (x86)/cypress/psoc creator/4.1/psoc creator/import/gnu/arm/5.4.1/bin/../lib/gcc/arm-none-eabi/5.4.1/../../../../arm-none-eabi/lib/armv6-m\libg_nano.a(lib_a-mprec.o)
                0x000054a0                __d2b
 .text._calloc_r
                0x00005548       0x1c c:/program files (x86)/cypress/psoc creator/4.1/psoc creator/import/gnu/arm/5.4.1/bin/../lib/gcc/arm-none-eabi/5.4.1/../../../../arm-none-eabi/lib/armv6-m\libg_nano.a(lib_a-nano-callocr.o)
                0x00005548                _calloc_r
 .text._free_r  0x00005564       0x98 c:/program files (x86)/cypress/psoc creator/4.1/psoc creator/import/gnu/arm/5.4.1/bin/../lib/gcc/arm-none-eabi/5.4.1/../../../../arm-none-eabi/lib/armv6-m\libg_nano.a(lib_a-nano-freer.o)
                0x00005564                _free_r
 .text._malloc_r
                0x000055fc       0xc0 c:/program files (x86)/cypress/psoc creator/4.1/psoc creator/import/gnu/arm/5.4.1/bin/../lib/gcc/arm-none-eabi/5.4.1/../../../../arm-none-eabi/lib/armv6-m\libg_nano.a(lib_a-nano-mallocr.o)
                0x000055fc                _malloc_r
 .text.__ssputs_r
                0x000056bc       0xc4 c:/program files (x86)/cypress/psoc creator/4.1/psoc creator/import/gnu/arm/5.4.1/bin/../lib/gcc/arm-none-eabi/5.4.1/../../../../arm-none-eabi/lib/armv6-m\libg_nano.a(lib_a-nano-svfprintf.o)
                0x000056bc                __ssputs_r
 .text._svfprintf_r
                0x00005780      0x1fc c:/program files (x86)/cypress/psoc creator/4.1/psoc creator/import/gnu/arm/5.4.1/bin/../lib/gcc/arm-none-eabi/5.4.1/../../../../arm-none-eabi/lib/armv6-m\libg_nano.a(lib_a-nano-svfprintf.o)
                0x00005780                _svfiprintf_r
                0x00005780                _svfprintf_r
 .text._sbrk_r  0x0000597c       0x24 c:/program files (x86)/cypress/psoc creator/4.1/psoc creator/import/gnu/arm/5.4.1/bin/../lib/gcc/arm-none-eabi/5.4.1/../../../../arm-none-eabi/lib/armv6-m\libg_nano.a(lib_a-sbrkr.o)
                0x0000597c                _sbrk_r
 .text.memmove  0x000059a0       0x2a c:/program files (x86)/cypress/psoc creator/4.1/psoc creator/import/gnu/arm/5.4.1/bin/../lib/gcc/arm-none-eabi/5.4.1/../../../../arm-none-eabi/lib/armv6-m\libg_nano.a(lib_a-memmove.o)
                0x000059a0                memmove
 .text.__malloc_lock
                0x000059ca        0x2 c:/program files (x86)/cypress/psoc creator/4.1/psoc creator/import/gnu/arm/5.4.1/bin/../lib/gcc/arm-none-eabi/5.4.1/../../../../arm-none-eabi/lib/armv6-m\libg_nano.a(lib_a-mlock.o)
                0x000059ca                __malloc_lock
 .text.__malloc_unlock
                0x000059cc        0x2 c:/program files (x86)/cypress/psoc creator/4.1/psoc creator/import/gnu/arm/5.4.1/bin/../lib/gcc/arm-none-eabi/5.4.1/../../../../arm-none-eabi/lib/armv6-m\libg_nano.a(lib_a-mlock.o)
                0x000059cc                __malloc_unlock
 .text._realloc_r
                0x000059ce       0x4c c:/program files (x86)/cypress/psoc creator/4.1/psoc creator/import/gnu/arm/5.4.1/bin/../lib/gcc/arm-none-eabi/5.4.1/../../../../arm-none-eabi/lib/armv6-m\libg_nano.a(lib_a-nano-reallocr.o)
                0x000059ce                _realloc_r
 .text._malloc_usable_size_r
                0x00005a1a       0x16 c:/program files (x86)/cypress/psoc creator/4.1/psoc creator/import/gnu/arm/5.4.1/bin/../lib/gcc/arm-none-eabi/5.4.1/../../../../arm-none-eabi/lib/armv6-m\libg_nano.a(lib_a-nano-msizer.o)
                0x00005a1a                _malloc_usable_size_r
 .text          0x00005a30       0x14 c:/program files (x86)/cypress/psoc creator/4.1/psoc creator/import/gnu/arm/5.4.1/bin/../lib/gcc/arm-none-eabi/5.4.1/armv6-m\libgcc.a(_thumb1_case_uqi.o)
                0x00005a30                __gnu_thumb1_case_uqi
 .text          0x00005a44      0x4f4 c:/program files (x86)/cypress/psoc creator/4.1/psoc creator/import/gnu/arm/5.4.1/bin/../lib/gcc/arm-none-eabi/5.4.1/armv6-m\libgcc.a(muldf3.o)
                0x00005a44                __aeabi_dmul
 .text          0x00005f38      0x6a8 c:/program files (x86)/cypress/psoc creator/4.1/psoc creator/import/gnu/arm/5.4.1/bin/../lib/gcc/arm-none-eabi/5.4.1/armv6-m\libgcc.a(subdf3.o)
                0x00005f38                __aeabi_dsub
 .text          0x000065e0       0x40 c:/program files (x86)/cypress/psoc creator/4.1/psoc creator/import/gnu/arm/5.4.1/bin/../lib/gcc/arm-none-eabi/5.4.1/armv6-m\libgcc.a(unorddf2.o)
                0x000065e0                __aeabi_dcmpun
 .text          0x00006620       0x6c c:/program files (x86)/cypress/psoc creator/4.1/psoc creator/import/gnu/arm/5.4.1/bin/../lib/gcc/arm-none-eabi/5.4.1/armv6-m\libgcc.a(fixdfsi.o)
                0x00006620                __aeabi_d2iz
 .text          0x0000668c       0x84 c:/program files (x86)/cypress/psoc creator/4.1/psoc creator/import/gnu/arm/5.4.1/bin/../lib/gcc/arm-none-eabi/5.4.1/armv6-m\libgcc.a(floatsidf.o)
                0x0000668c                __aeabi_i2d
 .text          0x00006710       0x70 c:/program files (x86)/cypress/psoc creator/4.1/psoc creator/import/gnu/arm/5.4.1/bin/../lib/gcc/arm-none-eabi/5.4.1/armv6-m\libgcc.a(floatunsidf.o)
                0x00006710                __aeabi_ui2d
 *(.plt)
 *(.gnu.warning)
 *(.glue_7t)
 .glue_7t       0x00006780        0x0 linker stubs
 *(.glue_7)
 .glue_7        0x00006780        0x0 linker stubs
 *(.vfp11_veneer)
 .vfp11_veneer  0x00006780        0x0 linker stubs
 *(.bootloader)
 *(.ARM.extab* .gnu.linkonce.armextab.*)
 *(.gcc_except_table)

.v4_bx          0x00006780        0x0
 .v4_bx         0x00006780        0x0 linker stubs

.iplt           0x00006780        0x0
 .iplt          0x00006780        0x0 c:/program files (x86)/cypress/psoc creator/4.1/psoc creator/import/gnu/arm/5.4.1/bin/../lib/gcc/arm-none-eabi/5.4.1/armv6-m/crtbegin.o

.eh_frame_hdr
 *(.eh_frame_hdr)

.eh_frame       0x00006780        0x4
 *(.eh_frame)
 .eh_frame      0x00006780        0x0 c:/program files (x86)/cypress/psoc creator/4.1/psoc creator/import/gnu/arm/5.4.1/bin/../lib/gcc/arm-none-eabi/5.4.1/armv6-m/crtbegin.o
 .eh_frame      0x00006780        0x4 c:/program files (x86)/cypress/psoc creator/4.1/psoc creator/import/gnu/arm/5.4.1/bin/../lib/gcc/arm-none-eabi/5.4.1/armv6-m/crtend.o
                [!provide]                PROVIDE (__exidx_start, .)

.ARM.exidx
 *(.ARM.exidx* .gnu.linkonce.armexidx.*)
                0x00006784                __exidx_end = .

.rodata         0x00006788     0x8f18
 *(.rodata .rodata.* .gnu.linkonce.r.*)
 .rodata        0x00006788       0x34 .\CortexM0\ARM_GCC_541\Debug\main.o
 .rodata.str1.4
                0x000067bc       0xc4 .\CortexM0\ARM_GCC_541\Debug\main.o
 .rodata        0x00006880       0xd8 .\CortexM0\ARM_GCC_541\Debug\u8x8_cad.o
 .rodata        0x00006958       0xc0 .\CortexM0\ARM_GCC_541\Debug\u8x8_d_ssd1306_128x64_noname.o
 .rodata        0x00006a18     0x894e .\CortexM0\ARM_GCC_541\Debug\u8x8_fonts.o
                0x00006a18                u8x8_font_pxplustandynewtv_u
                0x00006c1c                u8x8_font_pxplustandynewtv_n
                0x00006cf8                u8x8_font_pxplustandynewtv_r
                0x00006ffc                u8x8_font_pxplustandynewtv_f
                0x00007700                u8x8_font_pxplusibmcga_u
                0x00007904                u8x8_font_pxplusibmcga_n
                0x000079e0                u8x8_font_pxplusibmcga_r
                0x00007ce4                u8x8_font_pxplusibmcga_f
                0x000083e8                u8x8_font_pxplusibmcgathin_u
                0x000085ec                u8x8_font_pxplusibmcgathin_n
                0x000086c8                u8x8_font_pxplusibmcgathin_r
                0x000089cc                u8x8_font_pxplusibmcgathin_f
                0x000090d0                u8x8_font_pcsenior_u
                0x000092d4                u8x8_font_pcsenior_n
                0x000093b0                u8x8_font_pcsenior_r
                0x000096b4                u8x8_font_pcsenior_f
                0x00009db8                u8x8_font_pressstart2p_u
                0x00009fbc                u8x8_font_pressstart2p_n
                0x0000a098                u8x8_font_pressstart2p_r
                0x0000a39c                u8x8_font_pressstart2p_f
                0x0000aaa0                u8x8_font_victoriamedium8_u
                0x0000aca4                u8x8_font_victoriamedium8_n
                0x0000ad80                u8x8_font_victoriamedium8_r
                0x0000b084                u8x8_font_victoriabold8_u
                0x0000b288                u8x8_font_victoriabold8_n
                0x0000b364                u8x8_font_victoriabold8_r
                0x0000b668                u8x8_font_torussansbold8_u
                0x0000b86c                u8x8_font_torussansbold8_n
                0x0000b948                u8x8_font_torussansbold8_r
                0x0000bc4c                u8x8_font_saikyosansbold8_u
                0x0000be50                u8x8_font_saikyosansbold8_n
                0x0000bf2c                u8x8_font_chroma48medium8_u
                0x0000c130                u8x8_font_chroma48medium8_n
                0x0000c20c                u8x8_font_chroma48medium8_r
                0x0000c510                u8x8_font_artosserif8_u
                0x0000c714                u8x8_font_artosserif8_n
                0x0000c7f0                u8x8_font_artosserif8_r
                0x0000caec                u8x8_font_artossans8_u
                0x0000ccf0                u8x8_font_artossans8_n
                0x0000cdcc                u8x8_font_artossans8_r
                0x0000d0d0                u8x8_font_amstrad_cpc_extended_u
                0x0000d2d4                u8x8_font_amstrad_cpc_extended_n
                0x0000d3b0                u8x8_font_amstrad_cpc_extended_r
                0x0000d6ac                u8x8_font_amstrad_cpc_extended_f
                0x0000ddb0                u8x8_font_5x8_n
                0x0000de8c                u8x8_font_5x8_r
                0x0000e188                u8x8_font_5x8_f
                0x0000e88c                u8x8_font_5x7_n
                0x0000e968                u8x8_font_5x7_r
                0x0000ec64                u8x8_font_5x7_f
 *fill*         0x0000f366        0x2 
 .rodata        0x0000f368       0x68 .\CortexM0\ARM_GCC_541\Debug\cyfitter_cfg.o
 .rodata        0x0000f3d0       0x47 .\CortexM0\ARM_GCC_541\Debug\TestProgram4M.a(CyLib.o)
                0x0000f3d0                cyImoFreqMhz2Reg
                0x0000f400                cyImoFreqMhz2DpllOffset
 *fill*         0x0000f417        0x1 
 .rodata        0x0000f418        0xf .\CortexM0\ARM_GCC_541\Debug\TestProgram4M.a(ADC.o)
 *fill*         0x0000f427        0x1 
 .rodata        0x0000f428       0x40 c:/program files (x86)/cypress/psoc creator/4.1/psoc creator/import/gnu/arm/5.4.1/bin/../lib/gcc/arm-none-eabi/5.4.1/armv6-m\libgcc.a(divdf3.o)
 .rodata.str1.1
                0x0000f468        0x2 c:/program files (x86)/cypress/psoc creator/4.1/psoc creator/import/gnu/arm/5.4.1/bin/../lib/gcc/arm-none-eabi/5.4.1/../../../../arm-none-eabi/lib/armv6-m\libg_nano.a(lib_a-impure.o)
 .rodata.str1.1
                0x0000f46a       0x12 c:/program files (x86)/cypress/psoc creator/4.1/psoc creator/import/gnu/arm/5.4.1/bin/../lib/gcc/arm-none-eabi/5.4.1/../../../../arm-none-eabi/lib/armv6-m\libg_nano.a(lib_a-nano-vfprintf_float.o)
 .rodata.str1.1
                0x0000f47c       0x22 c:/program files (x86)/cypress/psoc creator/4.1/psoc creator/import/gnu/arm/5.4.1/bin/../lib/gcc/arm-none-eabi/5.4.1/../../../../arm-none-eabi/lib/armv6-m\libg_nano.a(lib_a-nano-vfprintf_i.o)
 .rodata.str1.1
                0x0000f49e        0xd c:/program files (x86)/cypress/psoc creator/4.1/psoc creator/import/gnu/arm/5.4.1/bin/../lib/gcc/arm-none-eabi/5.4.1/../../../../arm-none-eabi/lib/armv6-m\libg_nano.a(lib_a-dtoa.o)
                                  0xf (size before relaxing)
 *fill*         0x0000f4ab        0x1 
 .rodata.__sf_fake_stdin
                0x0000f4ac       0x20 c:/program files (x86)/cypress/psoc creator/4.1/psoc creator/import/gnu/arm/5.4.1/bin/../lib/gcc/arm-none-eabi/5.4.1/../../../../arm-none-eabi/lib/armv6-m\libg_nano.a(lib_a-findfp.o)
                0x0000f4ac                __sf_fake_stdin
 .rodata.__sf_fake_stdout
                0x0000f4cc       0x20 c:/program files (x86)/cypress/psoc creator/4.1/psoc creator/import/gnu/arm/5.4.1/bin/../lib/gcc/arm-none-eabi/5.4.1/../../../../arm-none-eabi/lib/armv6-m\libg_nano.a(lib_a-findfp.o)
                0x0000f4cc                __sf_fake_stdout
 .rodata.__sf_fake_stderr
                0x0000f4ec       0x20 c:/program files (x86)/cypress/psoc creator/4.1/psoc creator/import/gnu/arm/5.4.1/bin/../lib/gcc/arm-none-eabi/5.4.1/../../../../arm-none-eabi/lib/armv6-m\libg_nano.a(lib_a-findfp.o)
                0x0000f4ec                __sf_fake_stderr
 .rodata.str1.1
                0x0000f50c        0x8 c:/program files (x86)/cypress/psoc creator/4.1/psoc creator/import/gnu/arm/5.4.1/bin/../lib/gcc/arm-none-eabi/5.4.1/../../../../arm-none-eabi/lib/armv6-m\libg_nano.a(lib_a-locale.o)
                                  0xb (size before relaxing)
 *fill*         0x0000f514        0x4 
 .rodata.__mprec_tens
                0x0000f518       0xc8 c:/program files (x86)/cypress/psoc creator/4.1/psoc creator/import/gnu/arm/5.4.1/bin/../lib/gcc/arm-none-eabi/5.4.1/../../../../arm-none-eabi/lib/armv6-m\libg_nano.a(lib_a-mprec.o)
                0x0000f518                __mprec_tens
 .rodata.p05.5408
                0x0000f5e0        0xc c:/program files (x86)/cypress/psoc creator/4.1/psoc creator/import/gnu/arm/5.4.1/bin/../lib/gcc/arm-none-eabi/5.4.1/../../../../arm-none-eabi/lib/armv6-m\libg_nano.a(lib_a-mprec.o)
 *fill*         0x0000f5ec        0x4 
 .rodata.__mprec_bigtens
                0x0000f5f0       0x28 c:/program files (x86)/cypress/psoc creator/4.1/psoc creator/import/gnu/arm/5.4.1/bin/../lib/gcc/arm-none-eabi/5.4.1/../../../../arm-none-eabi/lib/armv6-m\libg_nano.a(lib_a-mprec.o)
                0x0000f5f0                __mprec_bigtens
 .rodata.str1.1
                0x0000f618       0x11 c:/program files (x86)/cypress/psoc creator/4.1/psoc creator/import/gnu/arm/5.4.1/bin/../lib/gcc/arm-none-eabi/5.4.1/../../../../arm-none-eabi/lib/armv6-m\libg_nano.a(lib_a-nano-svfprintf.o)
 *fill*         0x0000f629        0x3 
 .rodata        0x0000f62c       0x40 c:/program files (x86)/cypress/psoc creator/4.1/psoc creator/import/gnu/arm/5.4.1/bin/../lib/gcc/arm-none-eabi/5.4.1/armv6-m\libgcc.a(muldf3.o)
                0x0000f66c                . = ALIGN (0x4)
 *(.init)
 .init          0x0000f66c        0x4 c:/program files (x86)/cypress/psoc creator/4.1/psoc creator/import/gnu/arm/5.4.1/bin/../lib/gcc/arm-none-eabi/5.4.1/armv6-m/crti.o
                0x0000f66c                _init
 .init          0x0000f670        0x8 c:/program files (x86)/cypress/psoc creator/4.1/psoc creator/import/gnu/arm/5.4.1/bin/../lib/gcc/arm-none-eabi/5.4.1/armv6-m/crtn.o
                0x0000f678                . = ALIGN (0x4)
                0x0000f678                __preinit_array_start = .
 *(.preinit_array)
                0x0000f678                __preinit_array_end = .
                0x0000f678                . = ALIGN (0x4)
                0x0000f678                __init_array_start = .
 *(SORT(.init_array.*))
 *(.init_array)
 .init_array    0x0000f678        0x4 c:/program files (x86)/cypress/psoc creator/4.1/psoc creator/import/gnu/arm/5.4.1/bin/../lib/gcc/arm-none-eabi/5.4.1/armv6-m/crtbegin.o
 .init_array    0x0000f67c        0x4 .\CortexM0\ARM_GCC_541\Debug\Cm0Start.o
                0x0000f680                __init_array_end = .
                0x0000f680                . = ALIGN (0x4)
 *(.fini)
 .fini          0x0000f680        0x4 c:/program files (x86)/cypress/psoc creator/4.1/psoc creator/import/gnu/arm/5.4.1/bin/../lib/gcc/arm-none-eabi/5.4.1/armv6-m/crti.o
                0x0000f680                _fini
 .fini          0x0000f684        0x8 c:/program files (x86)/cypress/psoc creator/4.1/psoc creator/import/gnu/arm/5.4.1/bin/../lib/gcc/arm-none-eabi/5.4.1/armv6-m/crtn.o
                0x0000f68c                . = ALIGN (0x4)
                0x0000f68c                __fini_array_start = .
 *(.fini_array)
 .fini_array    0x0000f68c        0x4 c:/program files (x86)/cypress/psoc creator/4.1/psoc creator/import/gnu/arm/5.4.1/bin/../lib/gcc/arm-none-eabi/5.4.1/armv6-m/crtbegin.o
 *(SORT(.fini_array.*))
                0x0000f690                __fini_array_end = .
                0x0000f690                . = ALIGN (0x4)
 *crtbegin.o(.ctors)
 *(EXCLUDE_FILE(*crtend.o) .ctors)
 *(SORT(.ctors.*))
 *crtend.o(.ctors)
                0x0000f690                . = ALIGN (0x4)
 *crtbegin.o(.dtors)
 *(EXCLUDE_FILE(*crtend.o) .dtors)
 *(SORT(.dtors.*))
 *crtend.o(.dtors)
                0x0000f690                . = ALIGN (0x4)
                0x0000f690                __cy_regions = .
                0x0000f690        0x4 LONG 0xf6a0 __cy_region_init_ram
                0x0000f694        0x4 LONG 0x200000c0 __cy_region_start_data
                0x0000f698        0x4 LONG 0xd8 __cy_region_init_size_ram
                0x0000f69c        0x4 LONG 0x160 __cy_region_zero_size_ram
                0x0000f6a0                __cy_regions_end = .
                0x0000f6a0                . = ALIGN (0x8)
                0x0000f6a0                _etext = .

.cy_checksum_exclude
                0x0000f6a0        0x0
 *(.cy_checksum_exclude)

.ramvectors     0x20000000       0xc0
                0x20000000                __cy_region_start_ram = .
 *(.ramvectors)
 .ramvectors    0x20000000       0xc0 .\CortexM0\ARM_GCC_541\Debug\Cm0Start.o
                0x20000000                CyRamVectors

.noinit
 *(.noinit)

.data           0x200000c0       0xd8 load address 0x0000f6a0
                0x200000c0                __cy_region_start_data = .
 *(.jcr)
 .jcr           0x200000c0        0x0 c:/program files (x86)/cypress/psoc creator/4.1/psoc creator/import/gnu/arm/5.4.1/bin/../lib/gcc/arm-none-eabi/5.4.1/armv6-m/crtbegin.o
 .jcr           0x200000c0        0x4 c:/program files (x86)/cypress/psoc creator/4.1/psoc creator/import/gnu/arm/5.4.1/bin/../lib/gcc/arm-none-eabi/5.4.1/armv6-m/crtend.o
 *(.got.plt)
 *(.got)
 *(.shdata)
 *(.data .data.* .gnu.linkonce.d.*)
 .data          0x200000c4       0x18 .\CortexM0\ARM_GCC_541\Debug\main.o
                0x200000c4                displayFunctions
 .data          0x200000dc        0x4 .\CortexM0\ARM_GCC_541\Debug\Cm0Start.o
 .data          0x200000e0       0x14 .\CortexM0\ARM_GCC_541\Debug\TestProgram4M.a(CyLib.o)
                0x200000e0                CySysClkPumpConfig
                0x200000e4                cydelay32kMs
                0x200000e8                cydelayFreqKhz
                0x200000ec                cydelayFreqMhz
                0x200000f0                cydelayFreqHz
 .data          0x200000f4        0x8 .\CortexM0\ARM_GCC_541\Debug\TestProgram4M.a(CyLFClk.o)
 .data.impure_data
                0x200000fc       0x60 c:/program files (x86)/cypress/psoc creator/4.1/psoc creator/import/gnu/arm/5.4.1/bin/../lib/gcc/arm-none-eabi/5.4.1/../../../../arm-none-eabi/lib/armv6-m\libg_nano.a(lib_a-impure.o)
 .data._impure_ptr
                0x2000015c        0x4 c:/program files (x86)/cypress/psoc creator/4.1/psoc creator/import/gnu/arm/5.4.1/bin/../lib/gcc/arm-none-eabi/5.4.1/../../../../arm-none-eabi/lib/armv6-m\libg_nano.a(lib_a-impure.o)
                0x2000015c                _impure_ptr
 .data.lconv    0x20000160       0x38 c:/program files (x86)/cypress/psoc creator/4.1/psoc creator/import/gnu/arm/5.4.1/bin/../lib/gcc/arm-none-eabi/5.4.1/../../../../arm-none-eabi/lib/armv6-m\libg_nano.a(lib_a-locale.o)
                0x20000198                . = ALIGN (0x8)
 *(.ram)
                0x20000198                _edata = .

.igot.plt       0x20000198        0x0 load address 0x0000f778
 .igot.plt      0x20000198        0x0 c:/program files (x86)/cypress/psoc creator/4.1/psoc creator/import/gnu/arm/5.4.1/bin/../lib/gcc/arm-none-eabi/5.4.1/armv6-m/crtbegin.o

.bss            0x20000198      0x160 load address 0x0000f778
                0x20000198                PROVIDE (__bss_start__, .)
 *(.shbss)
 *(.bss .bss.* .gnu.linkonce.b.*)
 .bss           0x20000198       0x1c c:/program files (x86)/cypress/psoc creator/4.1/psoc creator/import/gnu/arm/5.4.1/bin/../lib/gcc/arm-none-eabi/5.4.1/armv6-m/crtbegin.o
 .bss           0x200001b4       0x10 .\CortexM0\ARM_GCC_541\Debug\main.o
                0x200001b8                updateData
                0x200001bc                bootloaderMode
                0x200001c0                currentScreen
 .bss           0x200001c4       0x12 .\CortexM0\ARM_GCC_541\Debug\u8x8_cad.o
 *fill*         0x200001d6        0x2 
 .bss           0x200001d8       0x18 .\CortexM0\ARM_GCC_541\Debug\TestProgram4M.a(CyLib.o)
                0x200001ec                CySysTickInitVar
 .bss           0x200001f0       0x28 .\CortexM0\ARM_GCC_541\Debug\TestProgram4M.a(CyLFClk.o)
 .bss           0x20000218        0x8 .\CortexM0\ARM_GCC_541\Debug\TestProgram4M.a(I2C.o)
                0x20000218                I2C_initVar
                0x2000021c                I2C_customIntrHandler
 .bss           0x20000220        0x1 .\CortexM0\ARM_GCC_541\Debug\TestProgram4M.a(ADC.o)
                0x20000220                ADC_initVar
 *fill*         0x20000221        0x3 
 .bss.__malloc_sbrk_start
                0x20000224        0x4 c:/program files (x86)/cypress/psoc creator/4.1/psoc creator/import/gnu/arm/5.4.1/bin/../lib/gcc/arm-none-eabi/5.4.1/../../../../arm-none-eabi/lib/armv6-m\libg_nano.a(lib_a-nano-mallocr.o)
                0x20000224                __malloc_sbrk_start
 .bss.__malloc_free_list
                0x20000228        0x4 c:/program files (x86)/cypress/psoc creator/4.1/psoc creator/import/gnu/arm/5.4.1/bin/../lib/gcc/arm-none-eabi/5.4.1/../../../../arm-none-eabi/lib/armv6-m\libg_nano.a(lib_a-nano-mallocr.o)
                0x20000228                __malloc_free_list
 *(COMMON)
 COMMON         0x2000022c       0x8c .\CortexM0\ARM_GCC_541\Debug\main.o
                0x2000022c                A0
                0x20000230                buff
                0x20000270                u8x8
                0x2000029c                pafeDataSet
                0x200002b4                A2
                0x200002b6                A1
 COMMON         0x200002b8        0x1 .\CortexM0\ARM_GCC_541\Debug\TestProgram4M.a(I2C_I2C.o)
                0x200002b8                I2C_state
 *fill*         0x200002b9        0x3 
 COMMON         0x200002bc       0x24 .\CortexM0\ARM_GCC_541\Debug\TestProgram4M.a(I2C_I2C_MASTER.o)
                0x200002bc                I2C_mstrWrBufIndexTmp
                0x200002c0                I2C_mstrWrBufIndex
                0x200002c4                I2C_mstrWrBufSize
                0x200002c8                I2C_mstrStatus
                0x200002cc                I2C_mstrRdBufPtr
                0x200002d0                I2C_mstrControl
                0x200002d4                I2C_mstrRdBufSize
                0x200002d8                I2C_mstrRdBufIndex
                0x200002dc                I2C_mstrWrBufPtr
 COMMON         0x200002e0       0x12 .\CortexM0\ARM_GCC_541\Debug\TestProgram4M.a(ADC.o)
                0x200002e0                ADC_countsPer10Volt
                0x200002ec                ADC_offset
 *fill*         0x200002f2        0x2 
 COMMON         0x200002f4        0x4 c:/program files (x86)/cypress/psoc creator/4.1/psoc creator/import/gnu/arm/5.4.1/bin/../lib/gcc/arm-none-eabi/5.4.1/../../../../arm-none-eabi/lib/armv6-m\libg_nano.a(lib_a-reent.o)
                0x200002f4                errno
                0x200002f8                . = ALIGN (0x8)
 *(.ram.b)
                0x200002f8                _end = .
                0x200002f8                __end = .
                0x200002f8                PROVIDE (end, .)
                0x200002f8                PROVIDE (__bss_end__, .)
                0x0000f6a0                __cy_region_init_ram = LOADADDR (.data)
                0x000000d8                __cy_region_init_size_ram = (_edata - ADDR (.data))
                0x00000160                __cy_region_zero_size_ram = (_end - _edata)

.heap           0x200002f8      0x200 load address 0x0000f778
                0x200002f8                . = _end
                0x200004f8                . = (. + 0x200)
 *fill*         0x200002f8      0x200 
                0x200004f8                __cy_heap_limit = .

.stack          0x20003800      0x800
                0x20003800                __cy_stack_limit = .
                0x20004000                . = (. + 0x800)
 *fill*         0x20003800      0x800 
                0x00000001                ASSERT ((__cy_stack_limit >= __cy_heap_limit), region RAM overflowed with stack)
                0x00000000                cy_checksum_exclude_size = (CY_APPL_LOADABLE == 0x1)?SIZEOF (.cy_checksum_exclude):0x0
                0x00000001                ASSERT ((cy_checksum_exclude_size <= CY_CHECKSUM_EXCLUDE_SIZE), CY_BOOT: Section .cy_checksum_exclude size exceedes specified limit.)
                0x0001ffc0                cyloadermeta_start = (cy_project_type_bootloader || cy_project_type_app_for_stack_and_copier)?(LENGTH (rom) - CY_METADATA_SIZE):0xf0000000

.cyloadermeta
 *(.cyloadermeta)
                0x0001ffc0                cyloadablemeta_start = cy_project_type_app_for_stack_and_copier?((LENGTH (rom) - CY_FLASH_ROW_SIZE) - CY_METADATA_SIZE):((LENGTH (rom) - (CY_FLASH_ROW_SIZE * (CY_APPL_NUM - 0x1))) - CY_METADATA_SIZE)

.cyloadablemeta
 *(.cyloadablemeta)

.cyflashprotect
                0x90400000       0x80
 *(.cyflashprotect)
 .cyflashprotect
                0x90400000       0x80 .\CortexM0\ARM_GCC_541\Debug\cymetadata.o
                0x90400000                cy_meta_flashprotect

.cymeta         0x90500000        0xc
 *(.cymeta)
 .cymeta        0x90500000        0xc .\CortexM0\ARM_GCC_541\Debug\cymetadata.o
                0x90500000                cy_metadata

.cychipprotect  0x90600000        0x1
 *(.cychipprotect)
 .cychipprotect
                0x90600000        0x1 .\CortexM0\ARM_GCC_541\Debug\cymetadata.o
                0x90600000                cy_meta_chipprotect

.rel.dyn        0x0000f778        0x0 load address 0x90600004
 .rel.iplt      0x0000f778        0x0 c:/program files (x86)/cypress/psoc creator/4.1/psoc creator/import/gnu/arm/5.4.1/bin/../lib/gcc/arm-none-eabi/5.4.1/armv6-m/crtbegin.o

.stab           0x00000000       0x9c
 *(.stab)
 .stab          0x00000000       0x24 c:/program files (x86)/cypress/psoc creator/4.1/psoc creator/import/gnu/arm/5.4.1/bin/../lib/gcc/arm-none-eabi/5.4.1/../../../../arm-none-eabi/lib/armv6-m\libnosys.a(close.o)
 .stab          0x00000024       0x18 c:/program files (x86)/cypress/psoc creator/4.1/psoc creator/import/gnu/arm/5.4.1/bin/../lib/gcc/arm-none-eabi/5.4.1/../../../../arm-none-eabi/lib/armv6-m\libnosys.a(fstat.o)
                                 0x24 (size before relaxing)
 .stab          0x0000003c       0x18 c:/program files (x86)/cypress/psoc creator/4.1/psoc creator/import/gnu/arm/5.4.1/bin/../lib/gcc/arm-none-eabi/5.4.1/../../../../arm-none-eabi/lib/armv6-m\libnosys.a(isatty.o)
                                 0x24 (size before relaxing)
 .stab          0x00000054       0x18 c:/program files (x86)/cypress/psoc creator/4.1/psoc creator/import/gnu/arm/5.4.1/bin/../lib/gcc/arm-none-eabi/5.4.1/../../../../arm-none-eabi/lib/armv6-m\libnosys.a(lseek.o)
                                 0x24 (size before relaxing)
 .stab          0x0000006c       0x18 c:/program files (x86)/cypress/psoc creator/4.1/psoc creator/import/gnu/arm/5.4.1/bin/../lib/gcc/arm-none-eabi/5.4.1/../../../../arm-none-eabi/lib/armv6-m\libnosys.a(read.o)
                                 0x24 (size before relaxing)
 .stab          0x00000084       0x18 c:/program files (x86)/cypress/psoc creator/4.1/psoc creator/import/gnu/arm/5.4.1/bin/../lib/gcc/arm-none-eabi/5.4.1/../../../../arm-none-eabi/lib/armv6-m\libnosys.a(write.o)
                                 0x24 (size before relaxing)

.stabstr        0x00000000      0x14d
 *(.stabstr)
 .stabstr       0x00000000      0x14d c:/program files (x86)/cypress/psoc creator/4.1/psoc creator/import/gnu/arm/5.4.1/bin/../lib/gcc/arm-none-eabi/5.4.1/../../../../arm-none-eabi/lib/armv6-m\libnosys.a(close.o)

.debug
 *(.debug)

.line
 *(.line)

.debug_srcinfo
 *(.debug_srcinfo)

.debug_sfnames
 *(.debug_sfnames)

.debug_aranges  0x00000000     0x2248
 *(.debug_aranges)
 .debug_aranges
                0x00000000       0x60 .\CortexM0\ARM_GCC_541\Debug\main.o
 .debug_aranges
                0x00000060       0x48 .\CortexM0\ARM_GCC_541\Debug\u8g2_bitmap.o
 .debug_aranges
                0x000000a8       0x38 .\CortexM0\ARM_GCC_541\Debug\u8g2_box.o
 .debug_aranges
                0x000000e0       0x50 .\CortexM0\ARM_GCC_541\Debug\u8g2_buffer.o
 .debug_aranges
                0x00000130       0x78 .\CortexM0\ARM_GCC_541\Debug\u8g2_circle.o
 .debug_aranges
                0x000001a8       0x20 .\CortexM0\ARM_GCC_541\Debug\u8g2_cleardisplay.o
 .debug_aranges
                0x000001c8      0x3a8 .\CortexM0\ARM_GCC_541\Debug\u8g2_d_memory.o
 .debug_aranges
                0x00000570      0x6c0 .\CortexM0\ARM_GCC_541\Debug\u8g2_d_setup.o
 .debug_aranges
                0x00000c30      0x198 .\CortexM0\ARM_GCC_541\Debug\u8g2_font.o
 .debug_aranges
                0x00000dc8       0x18 .\CortexM0\ARM_GCC_541\Debug\u8g2_fonts.o
 .debug_aranges
                0x00000de0       0x58 .\CortexM0\ARM_GCC_541\Debug\u8g2_hvline.o
 .debug_aranges
                0x00000e38       0x20 .\CortexM0\ARM_GCC_541\Debug\u8g2_input_value.o
 .debug_aranges
                0x00000e58       0x28 .\CortexM0\ARM_GCC_541\Debug\u8g2_intersection.o
 .debug_aranges
                0x00000e80       0x28 .\CortexM0\ARM_GCC_541\Debug\u8g2_kerning.o
 .debug_aranges
                0x00000ea8       0x20 .\CortexM0\ARM_GCC_541\Debug\u8g2_line.o
 .debug_aranges
                0x00000ec8       0x28 .\CortexM0\ARM_GCC_541\Debug\u8g2_ll_hvline.o
 .debug_aranges
                0x00000ef0       0x28 .\CortexM0\ARM_GCC_541\Debug\u8g2_message.o
 .debug_aranges
                0x00000f18       0x98 .\CortexM0\ARM_GCC_541\Debug\u8g2_polygon.o
 .debug_aranges
                0x00000fb0       0x40 .\CortexM0\ARM_GCC_541\Debug\u8g2_selection_list.o
 .debug_aranges
                0x00000ff0       0x78 .\CortexM0\ARM_GCC_541\Debug\u8g2_setup.o
 .debug_aranges
                0x00001068       0x98 .\CortexM0\ARM_GCC_541\Debug\u8x8_8x8.o
 .debug_aranges
                0x00001100       0xd0 .\CortexM0\ARM_GCC_541\Debug\u8x8_byte.o
 .debug_aranges
                0x000011d0       0x98 .\CortexM0\ARM_GCC_541\Debug\u8x8_cad.o
 .debug_aranges
                0x00001268       0x30 .\CortexM0\ARM_GCC_541\Debug\u8x8_d_a2printer.o
 .debug_aranges
                0x00001298       0x20 .\CortexM0\ARM_GCC_541\Debug\u8x8_d_ist3020.o
 .debug_aranges
                0x000012b8       0x30 .\CortexM0\ARM_GCC_541\Debug\u8x8_d_ks0108.o
 .debug_aranges
                0x000012e8       0x38 .\CortexM0\ARM_GCC_541\Debug\u8x8_d_lc7981.o
 .debug_aranges
                0x00001320       0x28 .\CortexM0\ARM_GCC_541\Debug\u8x8_d_ld7032_60x32.o
 .debug_aranges
                0x00001348       0x20 .\CortexM0\ARM_GCC_541\Debug\u8x8_d_ls013b7dh03.o
 .debug_aranges
                0x00001368       0x20 .\CortexM0\ARM_GCC_541\Debug\u8x8_d_pcd8544_84x48.o
 .debug_aranges
                0x00001388       0x28 .\CortexM0\ARM_GCC_541\Debug\u8x8_d_pcf8812.o
 .debug_aranges
                0x000013b0       0x30 .\CortexM0\ARM_GCC_541\Debug\u8x8_d_sed1330.o
 .debug_aranges
                0x000013e0       0x28 .\CortexM0\ARM_GCC_541\Debug\u8x8_d_ssd1305.o
 .debug_aranges
                0x00001408       0x28 .\CortexM0\ARM_GCC_541\Debug\u8x8_d_ssd1306_64x48.o
 .debug_aranges
                0x00001430       0x28 .\CortexM0\ARM_GCC_541\Debug\u8x8_d_ssd1306_128x32.o
 .debug_aranges
                0x00001458       0x40 .\CortexM0\ARM_GCC_541\Debug\u8x8_d_ssd1306_128x64_noname.o
 .debug_aranges
                0x00001498       0x28 .\CortexM0\ARM_GCC_541\Debug\u8x8_d_ssd1309.o
 .debug_aranges
                0x000014c0       0x38 .\CortexM0\ARM_GCC_541\Debug\u8x8_d_ssd1322.o
 .debug_aranges
                0x000014f8       0x30 .\CortexM0\ARM_GCC_541\Debug\u8x8_d_ssd1325.o
 .debug_aranges
                0x00001528       0x30 .\CortexM0\ARM_GCC_541\Debug\u8x8_d_ssd1327.o
 .debug_aranges
                0x00001558       0x38 .\CortexM0\ARM_GCC_541\Debug\u8x8_d_ssd1606_172x72.o
 .debug_aranges
                0x00001590       0x38 .\CortexM0\ARM_GCC_541\Debug\u8x8_d_ssd1607_200x200.o
 .debug_aranges
                0x000015c8       0x60 .\CortexM0\ARM_GCC_541\Debug\u8x8_d_st7565.o
 .debug_aranges
                0x00001628       0x20 .\CortexM0\ARM_GCC_541\Debug\u8x8_d_st7567.o
 .debug_aranges
                0x00001648       0x28 .\CortexM0\ARM_GCC_541\Debug\u8x8_d_st7588.o
 .debug_aranges
                0x00001670       0x30 .\CortexM0\ARM_GCC_541\Debug\u8x8_d_st7920.o
 .debug_aranges
                0x000016a0       0x28 .\CortexM0\ARM_GCC_541\Debug\u8x8_d_st75256.o
 .debug_aranges
                0x000016c8       0x38 .\CortexM0\ARM_GCC_541\Debug\u8x8_d_stdio.o
 .debug_aranges
                0x00001700       0x40 .\CortexM0\ARM_GCC_541\Debug\u8x8_d_t6963.o
 .debug_aranges
                0x00001740       0x28 .\CortexM0\ARM_GCC_541\Debug\u8x8_d_uc1604.o
 .debug_aranges
                0x00001768       0x30 .\CortexM0\ARM_GCC_541\Debug\u8x8_d_uc1608.o
 .debug_aranges
                0x00001798       0x28 .\CortexM0\ARM_GCC_541\Debug\u8x8_d_uc1610.o
 .debug_aranges
                0x000017c0       0x30 .\CortexM0\ARM_GCC_541\Debug\u8x8_d_uc1611.o
 .debug_aranges
                0x000017f0       0x20 .\CortexM0\ARM_GCC_541\Debug\u8x8_d_uc1701_dogs102.o
 .debug_aranges
                0x00001810       0x20 .\CortexM0\ARM_GCC_541\Debug\u8x8_d_uc1701_mini12864.o
 .debug_aranges
                0x00001830       0x30 .\CortexM0\ARM_GCC_541\Debug\u8x8_debounce.o
 .debug_aranges
                0x00001860       0x78 .\CortexM0\ARM_GCC_541\Debug\u8x8_display.o
 .debug_aranges
                0x000018d8       0x18 .\CortexM0\ARM_GCC_541\Debug\u8x8_fonts.o
 .debug_aranges
                0x000018f0       0x20 .\CortexM0\ARM_GCC_541\Debug\u8x8_gpio.o
 .debug_aranges
                0x00001910       0x20 .\CortexM0\ARM_GCC_541\Debug\u8x8_input_value.o
 .debug_aranges
                0x00001930       0x28 .\CortexM0\ARM_GCC_541\Debug\u8x8_message.o
 .debug_aranges
                0x00001958       0x40 .\CortexM0\ARM_GCC_541\Debug\u8x8_selection_list.o
 .debug_aranges
                0x00001998       0x30 .\CortexM0\ARM_GCC_541\Debug\u8x8_setup.o
 .debug_aranges
                0x000019c8       0x40 .\CortexM0\ARM_GCC_541\Debug\u8x8_string.o
 .debug_aranges
                0x00001a08       0x28 .\CortexM0\ARM_GCC_541\Debug\u8x8_u8toa.o
 .debug_aranges
                0x00001a30       0x28 .\CortexM0\ARM_GCC_541\Debug\u8x8_u16toa.o
 .debug_aranges
                0x00001a58       0x48 .\CortexM0\ARM_GCC_541\Debug\cyfitter_cfg.o
 .debug_aranges
                0x00001aa0       0x18 .\CortexM0\ARM_GCC_541\Debug\cymetadata.o
 .debug_aranges
                0x00001ab8       0x48 .\CortexM0\ARM_GCC_541\Debug\Cm0Start.o
 .debug_aranges
                0x00001b00       0x48 .\CortexM0\ARM_GCC_541\Debug\TestProgram4M.a(D3.o)
 .debug_aranges
                0x00001b48       0x48 .\CortexM0\ARM_GCC_541\Debug\TestProgram4M.a(Red.o)
 .debug_aranges
                0x00001b90       0x48 .\CortexM0\ARM_GCC_541\Debug\TestProgram4M.a(Green.o)
 .debug_aranges
                0x00001bd8      0x1c8 .\CortexM0\ARM_GCC_541\Debug\TestProgram4M.a(CyLib.o)
 .debug_aranges
                0x00001da0       0x20 .\CortexM0\ARM_GCC_541\Debug\TestProgram4M.a(CyBootAsmGnu.o)
 .debug_aranges
                0x00001dc0      0x188 .\CortexM0\ARM_GCC_541\Debug\TestProgram4M.a(CyLFClk.o)
 .debug_aranges
                0x00001f48       0x60 .\CortexM0\ARM_GCC_541\Debug\TestProgram4M.a(I2C.o)
 .debug_aranges
                0x00001fa8       0x28 .\CortexM0\ARM_GCC_541\Debug\TestProgram4M.a(I2C_I2C.o)
 .debug_aranges
                0x00001fd0       0x88 .\CortexM0\ARM_GCC_541\Debug\TestProgram4M.a(I2C_I2C_MASTER.o)
 .debug_aranges
                0x00002058       0xa8 .\CortexM0\ARM_GCC_541\Debug\TestProgram4M.a(ADC.o)
 .debug_aranges
                0x00002100       0x20 .\CortexM0\ARM_GCC_541\Debug\TestProgram4M.a(ADC_INT.o)
 .debug_aranges
                0x00002120       0x48 .\CortexM0\ARM_GCC_541\Debug\TestProgram4M.a(SW1.o)
 .debug_aranges
                0x00002168       0x80 .\CortexM0\ARM_GCC_541\Debug\TestProgram4M.a(SWISR.o)
 .debug_aranges
                0x000021e8       0x40 .\CortexM0\ARM_GCC_541\Debug\TestProgram4M.a(CyFlash.o)
 .debug_aranges
                0x00002228       0x20 .\CortexM0\ARM_GCC_541\Debug\TestProgram4M.a(I2C_I2C_INT.o)

.debug_pubnames
 *(.debug_pubnames)

.debug_info     0x00000000    0x3d866
 *(.debug_info .gnu.linkonce.wi.*)
 .debug_info    0x00000000      0xe93 .\CortexM0\ARM_GCC_541\Debug\main.o
 .debug_info    0x00000e93      0xc86 .\CortexM0\ARM_GCC_541\Debug\u8g2_bitmap.o
 .debug_info    0x00001b19      0xe0a .\CortexM0\ARM_GCC_541\Debug\u8g2_box.o
 .debug_info    0x00002923      0xa21 .\CortexM0\ARM_GCC_541\Debug\u8g2_buffer.o
 .debug_info    0x00003344     0x154c .\CortexM0\ARM_GCC_541\Debug\u8g2_circle.o
 .debug_info    0x00004890      0x7a2 .\CortexM0\ARM_GCC_541\Debug\u8g2_cleardisplay.o
 .debug_info    0x00005032     0x1da6 .\CortexM0\ARM_GCC_541\Debug\u8g2_d_memory.o
 .debug_info    0x00006dd8     0xaefc .\CortexM0\ARM_GCC_541\Debug\u8g2_d_setup.o
 .debug_info    0x00011cd4     0x1f5d .\CortexM0\ARM_GCC_541\Debug\u8g2_font.o
 .debug_info    0x00013c31     0x8324 .\CortexM0\ARM_GCC_541\Debug\u8g2_fonts.o
 .debug_info    0x0001bf55      0xb56 .\CortexM0\ARM_GCC_541\Debug\u8g2_hvline.o
 .debug_info    0x0001caab      0xa70 .\CortexM0\ARM_GCC_541\Debug\u8g2_input_value.o
 .debug_info    0x0001d51b      0x816 .\CortexM0\ARM_GCC_541\Debug\u8g2_intersection.o
 .debug_info    0x0001dd31      0x89c .\CortexM0\ARM_GCC_541\Debug\u8g2_kerning.o
 .debug_info    0x0001e5cd      0x860 .\CortexM0\ARM_GCC_541\Debug\u8g2_line.o
 .debug_info    0x0001ee2d      0x8a5 .\CortexM0\ARM_GCC_541\Debug\u8g2_ll_hvline.o
 .debug_info    0x0001f6d2      0xb5d .\CortexM0\ARM_GCC_541\Debug\u8g2_message.o
 .debug_info    0x0002022f      0xf8b .\CortexM0\ARM_GCC_541\Debug\u8g2_polygon.o
 .debug_info    0x000211ba      0xe77 .\CortexM0\ARM_GCC_541\Debug\u8g2_selection_list.o
 .debug_info    0x00022031      0xc4b .\CortexM0\ARM_GCC_541\Debug\u8g2_setup.o
 .debug_info    0x00022c7c      0xb25 .\CortexM0\ARM_GCC_541\Debug\u8x8_8x8.o
 .debug_info    0x000237a1     0x14e0 .\CortexM0\ARM_GCC_541\Debug\u8x8_byte.o
 .debug_info    0x00024c81     0x110a .\CortexM0\ARM_GCC_541\Debug\u8x8_cad.o
 .debug_info    0x00025d8b      0x74f .\CortexM0\ARM_GCC_541\Debug\u8x8_d_a2printer.o
 .debug_info    0x000264da      0x674 .\CortexM0\ARM_GCC_541\Debug\u8x8_d_ist3020.o
 .debug_info    0x00026b4e      0xd61 .\CortexM0\ARM_GCC_541\Debug\u8x8_d_ks0108.o
 .debug_info    0x000278af      0x7aa .\CortexM0\ARM_GCC_541\Debug\u8x8_d_lc7981.o
 .debug_info    0x00028059      0x778 .\CortexM0\ARM_GCC_541\Debug\u8x8_d_ld7032_60x32.o
 .debug_info    0x000287d1      0x5a4 .\CortexM0\ARM_GCC_541\Debug\u8x8_d_ls013b7dh03.o
 .debug_info    0x00028d75      0x629 .\CortexM0\ARM_GCC_541\Debug\u8x8_d_pcd8544_84x48.o
 .debug_info    0x0002939e      0x686 .\CortexM0\ARM_GCC_541\Debug\u8x8_d_pcf8812.o
 .debug_info    0x00029a24      0x76b .\CortexM0\ARM_GCC_541\Debug\u8x8_d_sed1330.o
 .debug_info    0x0002a18f      0x726 .\CortexM0\ARM_GCC_541\Debug\u8x8_d_ssd1305.o
 .debug_info    0x0002a8b5      0x6db .\CortexM0\ARM_GCC_541\Debug\u8x8_d_ssd1306_64x48.o
 .debug_info    0x0002af90      0x6dc .\CortexM0\ARM_GCC_541\Debug\u8x8_d_ssd1306_128x32.o
 .debug_info    0x0002b66c      0x98e .\CortexM0\ARM_GCC_541\Debug\u8x8_d_ssd1306_128x64_noname.o
 .debug_info    0x0002bffa      0x70c .\CortexM0\ARM_GCC_541\Debug\u8x8_d_ssd1309.o
 .debug_info    0x0002c706      0x8b1 .\CortexM0\ARM_GCC_541\Debug\u8x8_d_ssd1322.o
 .debug_info    0x0002cfb7      0x8e7 .\CortexM0\ARM_GCC_541\Debug\u8x8_d_ssd1325.o
 .debug_info    0x0002d89e      0x846 .\CortexM0\ARM_GCC_541\Debug\u8x8_d_ssd1327.o
 .debug_info    0x0002e0e4      0x984 .\CortexM0\ARM_GCC_541\Debug\u8x8_d_ssd1606_172x72.o
 .debug_info    0x0002ea68      0x932 .\CortexM0\ARM_GCC_541\Debug\u8x8_d_ssd1607_200x200.o
 .debug_info    0x0002f39a      0xf6a .\CortexM0\ARM_GCC_541\Debug\u8x8_d_st7565.o
 .debug_info    0x00030304      0x674 .\CortexM0\ARM_GCC_541\Debug\u8x8_d_st7567.o
 .debug_info    0x00030978      0x7e5 .\CortexM0\ARM_GCC_541\Debug\u8x8_d_st7588.o
 .debug_info    0x0003115d      0x71c .\CortexM0\ARM_GCC_541\Debug\u8x8_d_st7920.o
 .debug_info    0x00031879      0x92b .\CortexM0\ARM_GCC_541\Debug\u8x8_d_st75256.o
 .debug_info    0x000321a4      0x51a .\CortexM0\ARM_GCC_541\Debug\u8x8_d_stdio.o
 .debug_info    0x000326be      0x8dc .\CortexM0\ARM_GCC_541\Debug\u8x8_d_t6963.o
 .debug_info    0x00032f9a      0x71a .\CortexM0\ARM_GCC_541\Debug\u8x8_d_uc1604.o
 .debug_info    0x000336b4      0x7f8 .\CortexM0\ARM_GCC_541\Debug\u8x8_d_uc1608.o
 .debug_info    0x00033eac      0x7d6 .\CortexM0\ARM_GCC_541\Debug\u8x8_d_uc1610.o
 .debug_info    0x00034682      0x81b .\CortexM0\ARM_GCC_541\Debug\u8x8_d_uc1611.o
 .debug_info    0x00034e9d      0x674 .\CortexM0\ARM_GCC_541\Debug\u8x8_d_uc1701_dogs102.o
 .debug_info    0x00035511      0x674 .\CortexM0\ARM_GCC_541\Debug\u8x8_d_uc1701_mini12864.o
 .debug_info    0x00035b85      0x457 .\CortexM0\ARM_GCC_541\Debug\u8x8_debounce.o
 .debug_info    0x00035fdc      0x87b .\CortexM0\ARM_GCC_541\Debug\u8x8_display.o
 .debug_info    0x00036857      0x57a .\CortexM0\ARM_GCC_541\Debug\u8x8_fonts.o
 .debug_info    0x00036dd1      0x38c .\CortexM0\ARM_GCC_541\Debug\u8x8_gpio.o
 .debug_info    0x0003715d      0x62f .\CortexM0\ARM_GCC_541\Debug\u8x8_input_value.o
 .debug_info    0x0003778c      0x6dd .\CortexM0\ARM_GCC_541\Debug\u8x8_message.o
 .debug_info    0x00037e69      0x6eb .\CortexM0\ARM_GCC_541\Debug\u8x8_selection_list.o
 .debug_info    0x00038554      0x43b .\CortexM0\ARM_GCC_541\Debug\u8x8_setup.o
 .debug_info    0x0003898f      0x64b .\CortexM0\ARM_GCC_541\Debug\u8x8_string.o
 .debug_info    0x00038fda      0x198 .\CortexM0\ARM_GCC_541\Debug\u8x8_u8toa.o
 .debug_info    0x00039172      0x185 .\CortexM0\ARM_GCC_541\Debug\u8x8_u16toa.o
 .debug_info    0x000392f7      0x405 .\CortexM0\ARM_GCC_541\Debug\cyfitter_cfg.o
 .debug_info    0x000396fc       0xf8 .\CortexM0\ARM_GCC_541\Debug\cymetadata.o
 .debug_info    0x000397f4      0x39c .\CortexM0\ARM_GCC_541\Debug\Cm0Start.o
 .debug_info    0x00039b90      0x19d .\CortexM0\ARM_GCC_541\Debug\TestProgram4M.a(D3.o)
 .debug_info    0x00039d2d      0x19d .\CortexM0\ARM_GCC_541\Debug\TestProgram4M.a(Red.o)
 .debug_info    0x00039eca      0x19d .\CortexM0\ARM_GCC_541\Debug\TestProgram4M.a(Green.o)
 .debug_info    0x0003a067      0xd3e .\CortexM0\ARM_GCC_541\Debug\TestProgram4M.a(CyLib.o)
 .debug_info    0x0003ada5       0xb6 .\CortexM0\ARM_GCC_541\Debug\TestProgram4M.a(CyBootAsmGnu.o)
 .debug_info    0x0003ae5b     0x1058 .\CortexM0\ARM_GCC_541\Debug\TestProgram4M.a(CyLFClk.o)
 .debug_info    0x0003beb3      0x298 .\CortexM0\ARM_GCC_541\Debug\TestProgram4M.a(I2C.o)
 .debug_info    0x0003c14b      0x183 .\CortexM0\ARM_GCC_541\Debug\TestProgram4M.a(I2C_I2C.o)
 .debug_info    0x0003c2ce      0x5a2 .\CortexM0\ARM_GCC_541\Debug\TestProgram4M.a(I2C_I2C_MASTER.o)
 .debug_info    0x0003c870      0x5a5 .\CortexM0\ARM_GCC_541\Debug\TestProgram4M.a(ADC.o)
 .debug_info    0x0003ce15       0xcb .\CortexM0\ARM_GCC_541\Debug\TestProgram4M.a(ADC_INT.o)
 .debug_info    0x0003cee0      0x19d .\CortexM0\ARM_GCC_541\Debug\TestProgram4M.a(SW1.o)
 .debug_info    0x0003d07d      0x305 .\CortexM0\ARM_GCC_541\Debug\TestProgram4M.a(SWISR.o)
 .debug_info    0x0003d382      0x350 .\CortexM0\ARM_GCC_541\Debug\TestProgram4M.a(CyFlash.o)
 .debug_info    0x0003d6d2      0x194 .\CortexM0\ARM_GCC_541\Debug\TestProgram4M.a(I2C_I2C_INT.o)

.debug_abbrev   0x00000000     0x7768
 *(.debug_abbrev)
 .debug_abbrev  0x00000000      0x228 .\CortexM0\ARM_GCC_541\Debug\main.o
 .debug_abbrev  0x00000228      0x15b .\CortexM0\ARM_GCC_541\Debug\u8g2_bitmap.o
 .debug_abbrev  0x00000383      0x166 .\CortexM0\ARM_GCC_541\Debug\u8g2_box.o
 .debug_abbrev  0x000004e9      0x1a5 .\CortexM0\ARM_GCC_541\Debug\u8g2_buffer.o
 .debug_abbrev  0x0000068e      0x1e1 .\CortexM0\ARM_GCC_541\Debug\u8g2_circle.o
 .debug_abbrev  0x0000086f      0x12e .\CortexM0\ARM_GCC_541\Debug\u8g2_cleardisplay.o
 .debug_abbrev  0x0000099d       0xd6 .\CortexM0\ARM_GCC_541\Debug\u8g2_d_memory.o
 .debug_abbrev  0x00000a73      0x193 .\CortexM0\ARM_GCC_541\Debug\u8g2_d_setup.o
 .debug_abbrev  0x00000c06      0x29f .\CortexM0\ARM_GCC_541\Debug\u8g2_font.o
 .debug_abbrev  0x00000ea5       0x91 .\CortexM0\ARM_GCC_541\Debug\u8g2_fonts.o
 .debug_abbrev  0x00000f36      0x1df .\CortexM0\ARM_GCC_541\Debug\u8g2_hvline.o
 .debug_abbrev  0x00001115      0x15d .\CortexM0\ARM_GCC_541\Debug\u8g2_input_value.o
 .debug_abbrev  0x00001272      0x157 .\CortexM0\ARM_GCC_541\Debug\u8g2_intersection.o
 .debug_abbrev  0x000013c9      0x151 .\CortexM0\ARM_GCC_541\Debug\u8g2_kerning.o
 .debug_abbrev  0x0000151a      0x177 .\CortexM0\ARM_GCC_541\Debug\u8g2_line.o
 .debug_abbrev  0x00001691      0x17a .\CortexM0\ARM_GCC_541\Debug\u8g2_ll_hvline.o
 .debug_abbrev  0x0000180b      0x18a .\CortexM0\ARM_GCC_541\Debug\u8g2_message.o
 .debug_abbrev  0x00001995      0x23b .\CortexM0\ARM_GCC_541\Debug\u8g2_polygon.o
 .debug_abbrev  0x00001bd0      0x1ca .\CortexM0\ARM_GCC_541\Debug\u8g2_selection_list.o
 .debug_abbrev  0x00001d9a      0x1ab .\CortexM0\ARM_GCC_541\Debug\u8g2_setup.o
 .debug_abbrev  0x00001f45      0x222 .\CortexM0\ARM_GCC_541\Debug\u8x8_8x8.o
 .debug_abbrev  0x00002167      0x1f6 .\CortexM0\ARM_GCC_541\Debug\u8x8_byte.o
 .debug_abbrev  0x0000235d      0x217 .\CortexM0\ARM_GCC_541\Debug\u8x8_cad.o
 .debug_abbrev  0x00002574      0x16f .\CortexM0\ARM_GCC_541\Debug\u8x8_d_a2printer.o
 .debug_abbrev  0x000026e3      0x155 .\CortexM0\ARM_GCC_541\Debug\u8x8_d_ist3020.o
 .debug_abbrev  0x00002838      0x196 .\CortexM0\ARM_GCC_541\Debug\u8x8_d_ks0108.o
 .debug_abbrev  0x000029ce      0x1c7 .\CortexM0\ARM_GCC_541\Debug\u8x8_d_lc7981.o
 .debug_abbrev  0x00002b95      0x16f .\CortexM0\ARM_GCC_541\Debug\u8x8_d_ld7032_60x32.o
 .debug_abbrev  0x00002d04      0x138 .\CortexM0\ARM_GCC_541\Debug\u8x8_d_ls013b7dh03.o
 .debug_abbrev  0x00002e3c      0x155 .\CortexM0\ARM_GCC_541\Debug\u8x8_d_pcd8544_84x48.o
 .debug_abbrev  0x00002f91      0x16f .\CortexM0\ARM_GCC_541\Debug\u8x8_d_pcf8812.o
 .debug_abbrev  0x00003100      0x155 .\CortexM0\ARM_GCC_541\Debug\u8x8_d_sed1330.o
 .debug_abbrev  0x00003255      0x16f .\CortexM0\ARM_GCC_541\Debug\u8x8_d_ssd1305.o
 .debug_abbrev  0x000033c4      0x16f .\CortexM0\ARM_GCC_541\Debug\u8x8_d_ssd1306_64x48.o
 .debug_abbrev  0x00003533      0x16f .\CortexM0\ARM_GCC_541\Debug\u8x8_d_ssd1306_128x32.o
 .debug_abbrev  0x000036a2      0x1b8 .\CortexM0\ARM_GCC_541\Debug\u8x8_d_ssd1306_128x64_noname.o
 .debug_abbrev  0x0000385a      0x16f .\CortexM0\ARM_GCC_541\Debug\u8x8_d_ssd1309.o
 .debug_abbrev  0x000039c9      0x1c7 .\CortexM0\ARM_GCC_541\Debug\u8x8_d_ssd1322.o
 .debug_abbrev  0x00003b90      0x19c .\CortexM0\ARM_GCC_541\Debug\u8x8_d_ssd1325.o
 .debug_abbrev  0x00003d2c      0x1ab .\CortexM0\ARM_GCC_541\Debug\u8x8_d_ssd1327.o
 .debug_abbrev  0x00003ed7      0x1fb .\CortexM0\ARM_GCC_541\Debug\u8x8_d_ssd1606_172x72.o
 .debug_abbrev  0x000040d2      0x20a .\CortexM0\ARM_GCC_541\Debug\u8x8_d_ssd1607_200x200.o
 .debug_abbrev  0x000042dc      0x19e .\CortexM0\ARM_GCC_541\Debug\u8x8_d_st7565.o
 .debug_abbrev  0x0000447a      0x155 .\CortexM0\ARM_GCC_541\Debug\u8x8_d_st7567.o
 .debug_abbrev  0x000045cf      0x16f .\CortexM0\ARM_GCC_541\Debug\u8x8_d_st7588.o
 .debug_abbrev  0x0000473e      0x155 .\CortexM0\ARM_GCC_541\Debug\u8x8_d_st7920.o
 .debug_abbrev  0x00004893      0x1a0 .\CortexM0\ARM_GCC_541\Debug\u8x8_d_st75256.o
 .debug_abbrev  0x00004a33      0x1a2 .\CortexM0\ARM_GCC_541\Debug\u8x8_d_stdio.o
 .debug_abbrev  0x00004bd5      0x19e .\CortexM0\ARM_GCC_541\Debug\u8x8_d_t6963.o
 .debug_abbrev  0x00004d73      0x155 .\CortexM0\ARM_GCC_541\Debug\u8x8_d_uc1604.o
 .debug_abbrev  0x00004ec8      0x19e .\CortexM0\ARM_GCC_541\Debug\u8x8_d_uc1608.o
 .debug_abbrev  0x00005066      0x18d .\CortexM0\ARM_GCC_541\Debug\u8x8_d_uc1610.o
 .debug_abbrev  0x000051f3      0x18f .\CortexM0\ARM_GCC_541\Debug\u8x8_d_uc1611.o
 .debug_abbrev  0x00005382      0x155 .\CortexM0\ARM_GCC_541\Debug\u8x8_d_uc1701_dogs102.o
 .debug_abbrev  0x000054d7      0x155 .\CortexM0\ARM_GCC_541\Debug\u8x8_d_uc1701_mini12864.o
 .debug_abbrev  0x0000562c      0x15d .\CortexM0\ARM_GCC_541\Debug\u8x8_debounce.o
 .debug_abbrev  0x00005789      0x1a9 .\CortexM0\ARM_GCC_541\Debug\u8x8_display.o
 .debug_abbrev  0x00005932       0x77 .\CortexM0\ARM_GCC_541\Debug\u8x8_fonts.o
 .debug_abbrev  0x000059a9       0xea .\CortexM0\ARM_GCC_541\Debug\u8x8_gpio.o
 .debug_abbrev  0x00005a93      0x129 .\CortexM0\ARM_GCC_541\Debug\u8x8_input_value.o
 .debug_abbrev  0x00005bbc      0x156 .\CortexM0\ARM_GCC_541\Debug\u8x8_message.o
 .debug_abbrev  0x00005d12      0x194 .\CortexM0\ARM_GCC_541\Debug\u8x8_selection_list.o
 .debug_abbrev  0x00005ea6      0x134 .\CortexM0\ARM_GCC_541\Debug\u8x8_setup.o
 .debug_abbrev  0x00005fda      0x161 .\CortexM0\ARM_GCC_541\Debug\u8x8_string.o
 .debug_abbrev  0x0000613b       0xd7 .\CortexM0\ARM_GCC_541\Debug\u8x8_u8toa.o
 .debug_abbrev  0x00006212       0xe4 .\CortexM0\ARM_GCC_541\Debug\u8x8_u16toa.o
 .debug_abbrev  0x000062f6      0x1cf .\CortexM0\ARM_GCC_541\Debug\cyfitter_cfg.o
 .debug_abbrev  0x000064c5       0x5d .\CortexM0\ARM_GCC_541\Debug\cymetadata.o
 .debug_abbrev  0x00006522      0x1d7 .\CortexM0\ARM_GCC_541\Debug\Cm0Start.o
 .debug_abbrev  0x000066f9       0xc8 .\CortexM0\ARM_GCC_541\Debug\TestProgram4M.a(D3.o)
 .debug_abbrev  0x000067c1       0xc8 .\CortexM0\ARM_GCC_541\Debug\TestProgram4M.a(Red.o)
 .debug_abbrev  0x00006889       0xc8 .\CortexM0\ARM_GCC_541\Debug\TestProgram4M.a(Green.o)
 .debug_abbrev  0x00006951      0x218 .\CortexM0\ARM_GCC_541\Debug\TestProgram4M.a(CyLib.o)
 .debug_abbrev  0x00006b69       0x14 .\CortexM0\ARM_GCC_541\Debug\TestProgram4M.a(CyBootAsmGnu.o)
 .debug_abbrev  0x00006b7d      0x248 .\CortexM0\ARM_GCC_541\Debug\TestProgram4M.a(CyLFClk.o)
 .debug_abbrev  0x00006dc5      0x118 .\CortexM0\ARM_GCC_541\Debug\TestProgram4M.a(I2C.o)
 .debug_abbrev  0x00006edd       0xc7 .\CortexM0\ARM_GCC_541\Debug\TestProgram4M.a(I2C_I2C.o)
 .debug_abbrev  0x00006fa4      0x16f .\CortexM0\ARM_GCC_541\Debug\TestProgram4M.a(I2C_I2C_MASTER.o)
 .debug_abbrev  0x00007113      0x184 .\CortexM0\ARM_GCC_541\Debug\TestProgram4M.a(ADC.o)
 .debug_abbrev  0x00007297       0x65 .\CortexM0\ARM_GCC_541\Debug\TestProgram4M.a(ADC_INT.o)
 .debug_abbrev  0x000072fc       0xc8 .\CortexM0\ARM_GCC_541\Debug\TestProgram4M.a(SW1.o)
 .debug_abbrev  0x000073c4      0x19a .\CortexM0\ARM_GCC_541\Debug\TestProgram4M.a(SWISR.o)
 .debug_abbrev  0x0000755e      0x182 .\CortexM0\ARM_GCC_541\Debug\TestProgram4M.a(CyFlash.o)
 .debug_abbrev  0x000076e0       0x88 .\CortexM0\ARM_GCC_541\Debug\TestProgram4M.a(I2C_I2C_INT.o)

.debug_line     0x00000000     0xbf74
 *(.debug_line)
 .debug_line    0x00000000      0x374 .\CortexM0\ARM_GCC_541\Debug\main.o
 .debug_line    0x00000374      0x1ff .\CortexM0\ARM_GCC_541\Debug\u8g2_bitmap.o
 .debug_line    0x00000573      0x1dd .\CortexM0\ARM_GCC_541\Debug\u8g2_box.o
 .debug_line    0x00000750      0x27f .\CortexM0\ARM_GCC_541\Debug\u8g2_buffer.o
 .debug_line    0x000009cf      0x2f8 .\CortexM0\ARM_GCC_541\Debug\u8g2_circle.o
 .debug_line    0x00000cc7      0x16b .\CortexM0\ARM_GCC_541\Debug\u8g2_cleardisplay.o
 .debug_line    0x00000e32      0x997 .\CortexM0\ARM_GCC_541\Debug\u8g2_d_memory.o
 .debug_line    0x000017c9     0x11ec .\CortexM0\ARM_GCC_541\Debug\u8g2_d_setup.o
 .debug_line    0x000029b5      0x69b .\CortexM0\ARM_GCC_541\Debug\u8g2_font.o
 .debug_line    0x00003050      0x13a .\CortexM0\ARM_GCC_541\Debug\u8g2_fonts.o
 .debug_line    0x0000318a      0x21c .\CortexM0\ARM_GCC_541\Debug\u8g2_hvline.o
 .debug_line    0x000033a6      0x1b4 .\CortexM0\ARM_GCC_541\Debug\u8g2_input_value.o
 .debug_line    0x0000355a      0x18c .\CortexM0\ARM_GCC_541\Debug\u8g2_intersection.o
 .debug_line    0x000036e6      0x1b0 .\CortexM0\ARM_GCC_541\Debug\u8g2_kerning.o
 .debug_line    0x00003896      0x1a1 .\CortexM0\ARM_GCC_541\Debug\u8g2_line.o
 .debug_line    0x00003a37      0x1ca .\CortexM0\ARM_GCC_541\Debug\u8g2_ll_hvline.o
 .debug_line    0x00003c01      0x1f2 .\CortexM0\ARM_GCC_541\Debug\u8g2_message.o