ARM GAS  C:\Users\Greg\AppData\Local\Temp\ccPzDNsh.s 			page 1


   1              		.cpu cortex-m0plus
   2              		.fpu softvfp
   3              		.eabi_attribute 20, 1
   4              		.eabi_attribute 21, 1
   5              		.eabi_attribute 23, 3
   6              		.eabi_attribute 24, 1
   7              		.eabi_attribute 25, 1
   8              		.eabi_attribute 26, 1
   9              		.eabi_attribute 30, 1
  10              		.eabi_attribute 34, 0
  11              		.eabi_attribute 18, 4
  12              		.code	16
  13              		.file	"EZI2C_EZI2C.c"
  14              		.text
  15              	.Ltext0:
  16              		.cfi_sections	.debug_frame
  17              		.section	.text.EZI2C_EzI2CInit,"ax",%progbits
  18              		.align	2
  19              		.global	EZI2C_EzI2CInit
  20              		.code	16
  21              		.thumb_func
  22              		.type	EZI2C_EzI2CInit, %function
  23              	EZI2C_EzI2CInit:
  24              	.LFB1:
  25              		.file 1 "Generated_Source\\PSoC4\\EZI2C_EZI2C.c"
   1:Generated_Source\PSoC4/EZI2C_EZI2C.c **** /***************************************************************************//**
   2:Generated_Source\PSoC4/EZI2C_EZI2C.c **** * \file EZI2C_EZI2C.c
   3:Generated_Source\PSoC4/EZI2C_EZI2C.c **** * \version 3.20
   4:Generated_Source\PSoC4/EZI2C_EZI2C.c **** *
   5:Generated_Source\PSoC4/EZI2C_EZI2C.c **** * \brief
   6:Generated_Source\PSoC4/EZI2C_EZI2C.c **** *  This file provides the source code to the API for the SCB Component in
   7:Generated_Source\PSoC4/EZI2C_EZI2C.c **** *  EZI2C mode.
   8:Generated_Source\PSoC4/EZI2C_EZI2C.c **** *
   9:Generated_Source\PSoC4/EZI2C_EZI2C.c **** * Note:
  10:Generated_Source\PSoC4/EZI2C_EZI2C.c **** *
  11:Generated_Source\PSoC4/EZI2C_EZI2C.c **** *******************************************************************************
  12:Generated_Source\PSoC4/EZI2C_EZI2C.c **** * \copyright
  13:Generated_Source\PSoC4/EZI2C_EZI2C.c **** * Copyright 2013-2016, Cypress Semiconductor Corporation.  All rights reserved.
  14:Generated_Source\PSoC4/EZI2C_EZI2C.c **** * You may use this file only in accordance with the license, terms, conditions,
  15:Generated_Source\PSoC4/EZI2C_EZI2C.c **** * disclaimers, and limitations in the end user license agreement accompanying
  16:Generated_Source\PSoC4/EZI2C_EZI2C.c **** * the software package with which this file was provided.
  17:Generated_Source\PSoC4/EZI2C_EZI2C.c **** *******************************************************************************/
  18:Generated_Source\PSoC4/EZI2C_EZI2C.c **** 
  19:Generated_Source\PSoC4/EZI2C_EZI2C.c **** #include "EZI2C_PVT.h"
  20:Generated_Source\PSoC4/EZI2C_EZI2C.c **** #include "EZI2C_EZI2C_PVT.h"
  21:Generated_Source\PSoC4/EZI2C_EZI2C.c **** 
  22:Generated_Source\PSoC4/EZI2C_EZI2C.c **** 
  23:Generated_Source\PSoC4/EZI2C_EZI2C.c **** /***************************************
  24:Generated_Source\PSoC4/EZI2C_EZI2C.c **** *      EZI2C Private Vars
  25:Generated_Source\PSoC4/EZI2C_EZI2C.c **** ***************************************/
  26:Generated_Source\PSoC4/EZI2C_EZI2C.c **** 
  27:Generated_Source\PSoC4/EZI2C_EZI2C.c **** volatile uint8 EZI2C_curStatus; /* Status byte */
  28:Generated_Source\PSoC4/EZI2C_EZI2C.c **** uint8 EZI2C_fsmState;           /* FSM state   */
  29:Generated_Source\PSoC4/EZI2C_EZI2C.c **** 
  30:Generated_Source\PSoC4/EZI2C_EZI2C.c **** /* Variables intended to be used with Buffer 1: Primary slave address */
  31:Generated_Source\PSoC4/EZI2C_EZI2C.c **** volatile uint8 * EZI2C_dataBuffer1; /* Pointer to data buffer 1 */
  32:Generated_Source\PSoC4/EZI2C_EZI2C.c **** uint16 EZI2C_bufSizeBuf1;           /* Size of buffer 1 in bytes      */
ARM GAS  C:\Users\Greg\AppData\Local\Temp\ccPzDNsh.s 			page 2


  33:Generated_Source\PSoC4/EZI2C_EZI2C.c **** uint16 EZI2C_protectBuf1;           /* Start index of write protected area buffer 1 */
  34:Generated_Source\PSoC4/EZI2C_EZI2C.c **** uint8 EZI2C_offsetBuf1; /* Current offset within buffer 1 */
  35:Generated_Source\PSoC4/EZI2C_EZI2C.c **** uint16 EZI2C_indexBuf1;             /* Current index within buffer 1  */
  36:Generated_Source\PSoC4/EZI2C_EZI2C.c **** 
  37:Generated_Source\PSoC4/EZI2C_EZI2C.c **** #if(EZI2C_SECONDARY_ADDRESS_ENABLE_CONST)
  38:Generated_Source\PSoC4/EZI2C_EZI2C.c ****     uint8 EZI2C_addrBuf1; /* Primary slave address. Used for software comparison   */
  39:Generated_Source\PSoC4/EZI2C_EZI2C.c ****     uint8 EZI2C_addrBuf2; /* Secondary slave address. Used for software comparison */
  40:Generated_Source\PSoC4/EZI2C_EZI2C.c **** 
  41:Generated_Source\PSoC4/EZI2C_EZI2C.c ****     /* Variables intended to be used with Buffer 2: Primary slave address */
  42:Generated_Source\PSoC4/EZI2C_EZI2C.c ****     volatile uint8 * EZI2C_dataBuffer2; /* Pointer to data buffer 2 */
  43:Generated_Source\PSoC4/EZI2C_EZI2C.c ****     uint16 EZI2C_bufSizeBuf2;           /* Size of buffer 2 in bytes */
  44:Generated_Source\PSoC4/EZI2C_EZI2C.c ****     uint16 EZI2C_protectBuf2;           /* Start index of write protected area buffer 2 */
  45:Generated_Source\PSoC4/EZI2C_EZI2C.c ****     uint8 EZI2C_offsetBuf2; /* Current offset within buffer 2 */
  46:Generated_Source\PSoC4/EZI2C_EZI2C.c ****     uint16 EZI2C_indexBuf2;             /* Current index within buffer 2 */
  47:Generated_Source\PSoC4/EZI2C_EZI2C.c **** #endif /* (EZI2C_SECONDARY_ADDRESS_ENABLE_CONST) */
  48:Generated_Source\PSoC4/EZI2C_EZI2C.c **** 
  49:Generated_Source\PSoC4/EZI2C_EZI2C.c **** 
  50:Generated_Source\PSoC4/EZI2C_EZI2C.c **** /***************************************
  51:Generated_Source\PSoC4/EZI2C_EZI2C.c **** *      EZI2C Private Functions
  52:Generated_Source\PSoC4/EZI2C_EZI2C.c **** ***************************************/
  53:Generated_Source\PSoC4/EZI2C_EZI2C.c **** 
  54:Generated_Source\PSoC4/EZI2C_EZI2C.c **** #if(EZI2C_SECONDARY_ADDRESS_ENABLE_CONST)
  55:Generated_Source\PSoC4/EZI2C_EZI2C.c ****     static uint32 EZI2C_EzI2CUpdateRxMatchReg(uint32 addr1, uint32 addr2);
  56:Generated_Source\PSoC4/EZI2C_EZI2C.c **** #endif /* (EZI2C_SECONDARY_ADDRESS_ENABLE_CONST) */
  57:Generated_Source\PSoC4/EZI2C_EZI2C.c **** 
  58:Generated_Source\PSoC4/EZI2C_EZI2C.c **** #if(EZI2C_SCB_MODE_UNCONFIG_CONST_CFG)
  59:Generated_Source\PSoC4/EZI2C_EZI2C.c **** 
  60:Generated_Source\PSoC4/EZI2C_EZI2C.c ****     /***************************************
  61:Generated_Source\PSoC4/EZI2C_EZI2C.c ****     *  Configuration Structure Initialization
  62:Generated_Source\PSoC4/EZI2C_EZI2C.c ****     ***************************************/
  63:Generated_Source\PSoC4/EZI2C_EZI2C.c **** 
  64:Generated_Source\PSoC4/EZI2C_EZI2C.c ****     /* Constant configuration of EZI2C */
  65:Generated_Source\PSoC4/EZI2C_EZI2C.c ****     const EZI2C_EZI2C_INIT_STRUCT EZI2C_configEzI2C =
  66:Generated_Source\PSoC4/EZI2C_EZI2C.c ****     {
  67:Generated_Source\PSoC4/EZI2C_EZI2C.c ****         EZI2C_EZI2C_CLOCK_STRETCHING,
  68:Generated_Source\PSoC4/EZI2C_EZI2C.c ****         EZI2C_EZI2C_MEDIAN_FILTER_ENABLE,
  69:Generated_Source\PSoC4/EZI2C_EZI2C.c ****         EZI2C_EZI2C_NUMBER_OF_ADDRESSES,
  70:Generated_Source\PSoC4/EZI2C_EZI2C.c ****         EZI2C_EZI2C_PRIMARY_SLAVE_ADDRESS,
  71:Generated_Source\PSoC4/EZI2C_EZI2C.c ****         EZI2C_EZI2C_SECONDARY_SLAVE_ADDRESS,
  72:Generated_Source\PSoC4/EZI2C_EZI2C.c ****         EZI2C_EZI2C_SUB_ADDRESS_SIZE,
  73:Generated_Source\PSoC4/EZI2C_EZI2C.c ****         EZI2C_EZI2C_WAKE_ENABLE,
  74:Generated_Source\PSoC4/EZI2C_EZI2C.c ****         EZI2C_EZI2C_BYTE_MODE_ENABLE
  75:Generated_Source\PSoC4/EZI2C_EZI2C.c ****     };
  76:Generated_Source\PSoC4/EZI2C_EZI2C.c **** 
  77:Generated_Source\PSoC4/EZI2C_EZI2C.c ****     /*******************************************************************************
  78:Generated_Source\PSoC4/EZI2C_EZI2C.c ****     * Function Name: EZI2C_EzI2CInit
  79:Generated_Source\PSoC4/EZI2C_EZI2C.c ****     ****************************************************************************//**
  80:Generated_Source\PSoC4/EZI2C_EZI2C.c ****     *
  81:Generated_Source\PSoC4/EZI2C_EZI2C.c ****     *  Configures the EZI2C for EZI2C operation.
  82:Generated_Source\PSoC4/EZI2C_EZI2C.c ****     *
  83:Generated_Source\PSoC4/EZI2C_EZI2C.c ****     *  This function is intended specifically to be used when the EZI2C 
  84:Generated_Source\PSoC4/EZI2C_EZI2C.c ****     *  configuration is set to “Unconfigured EZI2C” in the customizer. 
  85:Generated_Source\PSoC4/EZI2C_EZI2C.c ****     *  After initializing the EZI2C in EZI2C mode using this function, 
  86:Generated_Source\PSoC4/EZI2C_EZI2C.c ****     *  the component can be enabled using the EZI2C_Start() or 
  87:Generated_Source\PSoC4/EZI2C_EZI2C.c ****     * EZI2C_Enable() function.
  88:Generated_Source\PSoC4/EZI2C_EZI2C.c ****     *  This function uses a pointer to a structure that provides the configuration 
  89:Generated_Source\PSoC4/EZI2C_EZI2C.c ****     *  settings. This structure contains the same information that would otherwise 
ARM GAS  C:\Users\Greg\AppData\Local\Temp\ccPzDNsh.s 			page 3


  90:Generated_Source\PSoC4/EZI2C_EZI2C.c ****     *  be provided by the customizer settings.
  91:Generated_Source\PSoC4/EZI2C_EZI2C.c ****     *
  92:Generated_Source\PSoC4/EZI2C_EZI2C.c ****     * \param config: pointer to a structure that contains the following list of 
  93:Generated_Source\PSoC4/EZI2C_EZI2C.c ****     *  fields. These fields match the selections available in the customizer. 
  94:Generated_Source\PSoC4/EZI2C_EZI2C.c ****     *  Refer to the customizer for further description of the settings.
  95:Generated_Source\PSoC4/EZI2C_EZI2C.c ****     *
  96:Generated_Source\PSoC4/EZI2C_EZI2C.c ****     *******************************************************************************/
  97:Generated_Source\PSoC4/EZI2C_EZI2C.c ****     void EZI2C_EzI2CInit(const EZI2C_EZI2C_INIT_STRUCT *config)
  98:Generated_Source\PSoC4/EZI2C_EZI2C.c ****     {
  99:Generated_Source\PSoC4/EZI2C_EZI2C.c ****         if(NULL == config)
 100:Generated_Source\PSoC4/EZI2C_EZI2C.c ****         {
 101:Generated_Source\PSoC4/EZI2C_EZI2C.c ****             CYASSERT(0u != 0u); /* Halt execution due to bad function parameter */
 102:Generated_Source\PSoC4/EZI2C_EZI2C.c ****         }
 103:Generated_Source\PSoC4/EZI2C_EZI2C.c ****         else
 104:Generated_Source\PSoC4/EZI2C_EZI2C.c ****         {
 105:Generated_Source\PSoC4/EZI2C_EZI2C.c ****             /* Configure pins */
 106:Generated_Source\PSoC4/EZI2C_EZI2C.c ****             EZI2C_SetPins(EZI2C_SCB_MODE_EZI2C, EZI2C_DUMMY_PARAM,
 107:Generated_Source\PSoC4/EZI2C_EZI2C.c ****                                                                       EZI2C_DUMMY_PARAM);
 108:Generated_Source\PSoC4/EZI2C_EZI2C.c **** 
 109:Generated_Source\PSoC4/EZI2C_EZI2C.c ****             /* Store internal configuration */
 110:Generated_Source\PSoC4/EZI2C_EZI2C.c ****             EZI2C_scbMode       = (uint8) EZI2C_SCB_MODE_EZI2C;
 111:Generated_Source\PSoC4/EZI2C_EZI2C.c ****             EZI2C_scbEnableWake = (uint8) config->enableWake;
 112:Generated_Source\PSoC4/EZI2C_EZI2C.c ****             EZI2C_scbEnableIntr = (uint8) EZI2C_SCB_IRQ_INTERNAL;
 113:Generated_Source\PSoC4/EZI2C_EZI2C.c **** 
 114:Generated_Source\PSoC4/EZI2C_EZI2C.c ****             EZI2C_numberOfAddr  = (uint8) config->numberOfAddresses;
 115:Generated_Source\PSoC4/EZI2C_EZI2C.c ****             EZI2C_subAddrSize   = (uint8) config->subAddrSize;
 116:Generated_Source\PSoC4/EZI2C_EZI2C.c **** 
 117:Generated_Source\PSoC4/EZI2C_EZI2C.c ****         #if (EZI2C_CY_SCBIP_V0)
 118:Generated_Source\PSoC4/EZI2C_EZI2C.c ****             /* Adjust SDA filter settings. Ticket ID#150521 */
 119:Generated_Source\PSoC4/EZI2C_EZI2C.c ****             EZI2C_SET_I2C_CFG_SDA_FILT_TRIM(EZI2C_EC_AM_I2C_CFG_SDA_FILT_TRIM);
 120:Generated_Source\PSoC4/EZI2C_EZI2C.c ****         #endif /* (EZI2C_CY_SCBIP_V0) */
 121:Generated_Source\PSoC4/EZI2C_EZI2C.c **** 
 122:Generated_Source\PSoC4/EZI2C_EZI2C.c ****             /* Adjust AF and DF filter settings, AF = 1, DF = 0. Ticket ID#176179 */
 123:Generated_Source\PSoC4/EZI2C_EZI2C.c ****             EZI2C_I2C_CFG_ANALOG_FITER_ENABLE;
 124:Generated_Source\PSoC4/EZI2C_EZI2C.c **** 
 125:Generated_Source\PSoC4/EZI2C_EZI2C.c ****             /* Configure I2C interface */
 126:Generated_Source\PSoC4/EZI2C_EZI2C.c ****             EZI2C_CTRL_REG     = EZI2C_GET_CTRL_BYTE_MODE  (config->enableByteMode)    |
 127:Generated_Source\PSoC4/EZI2C_EZI2C.c ****                                             EZI2C_GET_CTRL_ADDR_ACCEPT(config->numberOfAddresses) |
 128:Generated_Source\PSoC4/EZI2C_EZI2C.c ****                                             EZI2C_GET_CTRL_EC_AM_MODE (config->enableWake);
 129:Generated_Source\PSoC4/EZI2C_EZI2C.c **** 
 130:Generated_Source\PSoC4/EZI2C_EZI2C.c ****             EZI2C_I2C_CTRL_REG = EZI2C_EZI2C_CTRL;
 131:Generated_Source\PSoC4/EZI2C_EZI2C.c **** 
 132:Generated_Source\PSoC4/EZI2C_EZI2C.c ****             /* Configure RX direction */
 133:Generated_Source\PSoC4/EZI2C_EZI2C.c ****             EZI2C_RX_CTRL_REG = EZI2C_EZI2C_RX_CTRL |
 134:Generated_Source\PSoC4/EZI2C_EZI2C.c ****                                         EZI2C_GET_RX_CTRL_MEDIAN(EZI2C_DIGITAL_FILTER_DISABLE);
 135:Generated_Source\PSoC4/EZI2C_EZI2C.c ****                                                 ;
 136:Generated_Source\PSoC4/EZI2C_EZI2C.c ****             EZI2C_RX_FIFO_CTRL_REG = EZI2C_CLEAR_REG;
 137:Generated_Source\PSoC4/EZI2C_EZI2C.c **** 
 138:Generated_Source\PSoC4/EZI2C_EZI2C.c ****             /* Set default address and mask */
 139:Generated_Source\PSoC4/EZI2C_EZI2C.c ****             if(EZI2C_EZI2C_PRIMARY_ADDRESS == config->numberOfAddresses)
 140:Generated_Source\PSoC4/EZI2C_EZI2C.c ****             {
 141:Generated_Source\PSoC4/EZI2C_EZI2C.c ****                 EZI2C_RX_MATCH_REG = EZI2C_EzI2CUpdateRxMatchReg(config->primarySlaveAddr,
 142:Generated_Source\PSoC4/EZI2C_EZI2C.c ****                                                                                        config->prim
 143:Generated_Source\PSoC4/EZI2C_EZI2C.c ****             }
 144:Generated_Source\PSoC4/EZI2C_EZI2C.c ****             else
 145:Generated_Source\PSoC4/EZI2C_EZI2C.c ****             {
 146:Generated_Source\PSoC4/EZI2C_EZI2C.c ****                 EZI2C_RX_MATCH_REG = EZI2C_EzI2CUpdateRxMatchReg(config->primarySlaveAddr,
ARM GAS  C:\Users\Greg\AppData\Local\Temp\ccPzDNsh.s 			page 4


 147:Generated_Source\PSoC4/EZI2C_EZI2C.c ****                                                                                        config->seco
 148:Generated_Source\PSoC4/EZI2C_EZI2C.c ****             }
 149:Generated_Source\PSoC4/EZI2C_EZI2C.c **** 
 150:Generated_Source\PSoC4/EZI2C_EZI2C.c ****             /* Configure TX direction */
 151:Generated_Source\PSoC4/EZI2C_EZI2C.c ****             EZI2C_TX_CTRL_REG      = EZI2C_EZI2C_TX_CTRL;
 152:Generated_Source\PSoC4/EZI2C_EZI2C.c ****             EZI2C_TX_FIFO_CTRL_REG = ((0u != (config->enableClockStretch)) ?
 153:Generated_Source\PSoC4/EZI2C_EZI2C.c ****                                                  EZI2C_CLEAR_REG : EZI2C_EZI2C_TX_FIFO_CTRL);
 154:Generated_Source\PSoC4/EZI2C_EZI2C.c **** 
 155:Generated_Source\PSoC4/EZI2C_EZI2C.c ****             /* Configure interrupt sources */
 156:Generated_Source\PSoC4/EZI2C_EZI2C.c ****         #if (!EZI2C_CY_SCBIP_V1)
 157:Generated_Source\PSoC4/EZI2C_EZI2C.c ****            EZI2C_INTR_SPI_EC_MASK_REG = EZI2C_NO_INTR_SOURCES;
 158:Generated_Source\PSoC4/EZI2C_EZI2C.c ****         #endif /* (!EZI2C_CY_SCBIP_V1) */
 159:Generated_Source\PSoC4/EZI2C_EZI2C.c **** 
 160:Generated_Source\PSoC4/EZI2C_EZI2C.c ****             EZI2C_INTR_I2C_EC_MASK_REG = EZI2C_NO_INTR_SOURCES;
 161:Generated_Source\PSoC4/EZI2C_EZI2C.c ****             EZI2C_INTR_MASTER_MASK_REG = EZI2C_NO_INTR_SOURCES;
 162:Generated_Source\PSoC4/EZI2C_EZI2C.c ****             EZI2C_INTR_SLAVE_MASK_REG  = EZI2C_EZI2C_INTR_SLAVE_MASK;
 163:Generated_Source\PSoC4/EZI2C_EZI2C.c ****             EZI2C_INTR_TX_MASK_REG     = EZI2C_NO_INTR_SOURCES;
 164:Generated_Source\PSoC4/EZI2C_EZI2C.c **** 
 165:Generated_Source\PSoC4/EZI2C_EZI2C.c ****             /* Configure interrupt with EZI2C handler but do not enable it */
 166:Generated_Source\PSoC4/EZI2C_EZI2C.c ****             CyIntDisable    (EZI2C_ISR_NUMBER);
 167:Generated_Source\PSoC4/EZI2C_EZI2C.c ****             CyIntSetPriority(EZI2C_ISR_NUMBER, EZI2C_ISR_PRIORITY);
 168:Generated_Source\PSoC4/EZI2C_EZI2C.c ****             (void) CyIntSetVector(EZI2C_ISR_NUMBER, (0u != (config->enableClockStretch)) ?
 169:Generated_Source\PSoC4/EZI2C_EZI2C.c ****                                                                       (&EZI2C_EZI2C_STRETCH_ISR) :
 170:Generated_Source\PSoC4/EZI2C_EZI2C.c ****                                                                       (&EZI2C_EZI2C_NO_STRETCH_ISR)
 171:Generated_Source\PSoC4/EZI2C_EZI2C.c **** 
 172:Generated_Source\PSoC4/EZI2C_EZI2C.c ****             if(0u != (config->enableClockStretch))
 173:Generated_Source\PSoC4/EZI2C_EZI2C.c ****             {
 174:Generated_Source\PSoC4/EZI2C_EZI2C.c ****                 /* Configure interrupt sources */
 175:Generated_Source\PSoC4/EZI2C_EZI2C.c ****                 EZI2C_INTR_SLAVE_MASK_REG |= EZI2C_INTR_SLAVE_I2C_ADDR_MATCH;
 176:Generated_Source\PSoC4/EZI2C_EZI2C.c ****                 EZI2C_INTR_RX_MASK_REG     = EZI2C_NO_INTR_SOURCES;
 177:Generated_Source\PSoC4/EZI2C_EZI2C.c ****             }
 178:Generated_Source\PSoC4/EZI2C_EZI2C.c ****             else
 179:Generated_Source\PSoC4/EZI2C_EZI2C.c ****             {
 180:Generated_Source\PSoC4/EZI2C_EZI2C.c ****                 /* Enable Auto ACK/NACK features */
 181:Generated_Source\PSoC4/EZI2C_EZI2C.c ****                 EZI2C_I2C_CTRL_REG |= EZI2C_EZI2C_CTRL_AUTO;
 182:Generated_Source\PSoC4/EZI2C_EZI2C.c **** 
 183:Generated_Source\PSoC4/EZI2C_EZI2C.c ****                 /* Configure RX interrupt source */
 184:Generated_Source\PSoC4/EZI2C_EZI2C.c ****                 EZI2C_INTR_SLAVE_MASK_REG |= EZI2C_INTR_SLAVE_I2C_START;
 185:Generated_Source\PSoC4/EZI2C_EZI2C.c ****                 EZI2C_INTR_RX_MASK_REG     = EZI2C_INTR_RX_NOT_EMPTY;
 186:Generated_Source\PSoC4/EZI2C_EZI2C.c ****             }
 187:Generated_Source\PSoC4/EZI2C_EZI2C.c **** 
 188:Generated_Source\PSoC4/EZI2C_EZI2C.c ****             /* Configure global variables */
 189:Generated_Source\PSoC4/EZI2C_EZI2C.c ****             EZI2C_fsmState = EZI2C_EZI2C_FSM_IDLE;
 190:Generated_Source\PSoC4/EZI2C_EZI2C.c **** 
 191:Generated_Source\PSoC4/EZI2C_EZI2C.c ****             EZI2C_curStatus  = 0u;
 192:Generated_Source\PSoC4/EZI2C_EZI2C.c ****             EZI2C_indexBuf1  = 0u;
 193:Generated_Source\PSoC4/EZI2C_EZI2C.c ****             EZI2C_offsetBuf1 = 0u;
 194:Generated_Source\PSoC4/EZI2C_EZI2C.c ****             EZI2C_indexBuf2  = 0u;
 195:Generated_Source\PSoC4/EZI2C_EZI2C.c ****             EZI2C_offsetBuf2 = 0u;
 196:Generated_Source\PSoC4/EZI2C_EZI2C.c **** 
 197:Generated_Source\PSoC4/EZI2C_EZI2C.c ****             EZI2C_addrBuf1 = (uint8) config->primarySlaveAddr;
 198:Generated_Source\PSoC4/EZI2C_EZI2C.c ****             EZI2C_addrBuf2 = (uint8) config->secondarySlaveAddr;
 199:Generated_Source\PSoC4/EZI2C_EZI2C.c ****         }
 200:Generated_Source\PSoC4/EZI2C_EZI2C.c ****     }
 201:Generated_Source\PSoC4/EZI2C_EZI2C.c **** 
 202:Generated_Source\PSoC4/EZI2C_EZI2C.c **** #else
 203:Generated_Source\PSoC4/EZI2C_EZI2C.c **** 
ARM GAS  C:\Users\Greg\AppData\Local\Temp\ccPzDNsh.s 			page 5


 204:Generated_Source\PSoC4/EZI2C_EZI2C.c ****     /*******************************************************************************
 205:Generated_Source\PSoC4/EZI2C_EZI2C.c ****     * Function Name: EZI2C_EzI2CInit
 206:Generated_Source\PSoC4/EZI2C_EZI2C.c ****     ****************************************************************************//**
 207:Generated_Source\PSoC4/EZI2C_EZI2C.c ****     *
 208:Generated_Source\PSoC4/EZI2C_EZI2C.c ****     *  Configures the SCB for the EZI2C operation.
 209:Generated_Source\PSoC4/EZI2C_EZI2C.c ****     *
 210:Generated_Source\PSoC4/EZI2C_EZI2C.c ****     *******************************************************************************/
 211:Generated_Source\PSoC4/EZI2C_EZI2C.c ****     void EZI2C_EzI2CInit(void)
 212:Generated_Source\PSoC4/EZI2C_EZI2C.c ****     {
  26              		.loc 1 212 0
  27              		.cfi_startproc
  28 0000 10B5     		push	{r4, lr}
  29              		.cfi_def_cfa_offset 8
  30              		.cfi_offset 4, -8
  31              		.cfi_offset 14, -4
 213:Generated_Source\PSoC4/EZI2C_EZI2C.c ****         /* Configure I2C interface */
 214:Generated_Source\PSoC4/EZI2C_EZI2C.c ****         EZI2C_CTRL_REG     = EZI2C_EZI2C_DEFAULT_CTRL;
  32              		.loc 1 214 0
  33 0002 0024     		mov	r4, #0
  34 0004 1B4B     		ldr	r3, .L2
  35 0006 1C60     		str	r4, [r3]
 215:Generated_Source\PSoC4/EZI2C_EZI2C.c ****         EZI2C_I2C_CTRL_REG = EZI2C_EZI2C_DEFAULT_I2C_CTRL;
  36              		.loc 1 215 0
  37 0008 1B4A     		ldr	r2, .L2+4
  38 000a 1C4B     		ldr	r3, .L2+8
  39 000c 1A60     		str	r2, [r3]
 216:Generated_Source\PSoC4/EZI2C_EZI2C.c **** 
 217:Generated_Source\PSoC4/EZI2C_EZI2C.c ****     #if (EZI2C_CY_SCBIP_V0)
 218:Generated_Source\PSoC4/EZI2C_EZI2C.c ****         /* Adjust SDA filter settings. Ticket ID#150521 */
 219:Generated_Source\PSoC4/EZI2C_EZI2C.c ****         EZI2C_SET_I2C_CFG_SDA_FILT_TRIM(EZI2C_EC_AM_I2C_CFG_SDA_FILT_TRIM);
 220:Generated_Source\PSoC4/EZI2C_EZI2C.c ****     #endif /* (EZI2C_CY_SCBIP_V0) */
 221:Generated_Source\PSoC4/EZI2C_EZI2C.c **** 
 222:Generated_Source\PSoC4/EZI2C_EZI2C.c ****         /* Configure RX direction */
 223:Generated_Source\PSoC4/EZI2C_EZI2C.c ****         EZI2C_RX_CTRL_REG      = EZI2C_EZI2C_DEFAULT_RX_CTRL;
  40              		.loc 1 223 0
  41 000e 1C4B     		ldr	r3, .L2+12
  42 0010 1C4A     		ldr	r2, .L2+16
  43 0012 1360     		str	r3, [r2]
 224:Generated_Source\PSoC4/EZI2C_EZI2C.c ****         EZI2C_RX_FIFO_CTRL_REG = EZI2C_EZI2C_DEFAULT_RX_FIFO_CTRL;
  44              		.loc 1 224 0
  45 0014 1C4A     		ldr	r2, .L2+20
  46 0016 1460     		str	r4, [r2]
 225:Generated_Source\PSoC4/EZI2C_EZI2C.c **** 
 226:Generated_Source\PSoC4/EZI2C_EZI2C.c ****         /* Set default address and mask */
 227:Generated_Source\PSoC4/EZI2C_EZI2C.c ****         EZI2C_RX_MATCH_REG     = EZI2C_EZI2C_DEFAULT_RX_MATCH;
  47              		.loc 1 227 0
  48 0018 1C49     		ldr	r1, .L2+24
  49 001a 1D4A     		ldr	r2, .L2+28
  50 001c 1160     		str	r1, [r2]
 228:Generated_Source\PSoC4/EZI2C_EZI2C.c **** 
 229:Generated_Source\PSoC4/EZI2C_EZI2C.c ****         /* Configure TX direction */
 230:Generated_Source\PSoC4/EZI2C_EZI2C.c ****         EZI2C_TX_CTRL_REG      = EZI2C_EZI2C_DEFAULT_TX_CTRL;
  51              		.loc 1 230 0
  52 001e 1D4A     		ldr	r2, .L2+32
  53 0020 1360     		str	r3, [r2]
 231:Generated_Source\PSoC4/EZI2C_EZI2C.c ****         EZI2C_TX_FIFO_CTRL_REG = EZI2C_EZI2C_DEFAULT_TX_FIFO_CTRL;
  54              		.loc 1 231 0
ARM GAS  C:\Users\Greg\AppData\Local\Temp\ccPzDNsh.s 			page 6


  55 0022 0222     		mov	r2, #2
  56 0024 1C4B     		ldr	r3, .L2+36
  57 0026 1A60     		str	r2, [r3]
 232:Generated_Source\PSoC4/EZI2C_EZI2C.c **** 
 233:Generated_Source\PSoC4/EZI2C_EZI2C.c ****         /* Configure interrupt with EZI2C handler but do not enable it */
 234:Generated_Source\PSoC4/EZI2C_EZI2C.c ****     #if !defined (CY_EXTERNAL_INTERRUPT_CONFIG)
 235:Generated_Source\PSoC4/EZI2C_EZI2C.c ****         CyIntDisable    (EZI2C_ISR_NUMBER);
  58              		.loc 1 235 0
  59 0028 0A20     		mov	r0, #10
  60 002a FFF7FEFF 		bl	CyIntDisable
  61              	.LVL0:
 236:Generated_Source\PSoC4/EZI2C_EZI2C.c ****         CyIntSetPriority(EZI2C_ISR_NUMBER, EZI2C_ISR_PRIORITY);
  62              		.loc 1 236 0
  63 002e 0A20     		mov	r0, #10
  64 0030 0321     		mov	r1, #3
  65 0032 FFF7FEFF 		bl	CyIntSetPriority
  66              	.LVL1:
 237:Generated_Source\PSoC4/EZI2C_EZI2C.c **** 
 238:Generated_Source\PSoC4/EZI2C_EZI2C.c ****     #if (EZI2C_EZI2C_SCL_STRETCH_ENABLE_CONST)
 239:Generated_Source\PSoC4/EZI2C_EZI2C.c ****         (void) CyIntSetVector(EZI2C_ISR_NUMBER, &EZI2C_EZI2C_STRETCH_ISR);
 240:Generated_Source\PSoC4/EZI2C_EZI2C.c ****     #else
 241:Generated_Source\PSoC4/EZI2C_EZI2C.c ****         (void) CyIntSetVector(EZI2C_ISR_NUMBER, &EZI2C_EZI2C_NO_STRETCH_ISR);
  67              		.loc 1 241 0
  68 0036 0A20     		mov	r0, #10
  69 0038 1849     		ldr	r1, .L2+40
  70 003a FFF7FEFF 		bl	CyIntSetVector
  71              	.LVL2:
 242:Generated_Source\PSoC4/EZI2C_EZI2C.c ****     #endif /* (EZI2C_EZI2C_SCL_STRETCH_ENABLE_CONST) */
 243:Generated_Source\PSoC4/EZI2C_EZI2C.c **** 
 244:Generated_Source\PSoC4/EZI2C_EZI2C.c ****     #endif /* !defined (CY_EXTERNAL_INTERRUPT_CONFIG) */
 245:Generated_Source\PSoC4/EZI2C_EZI2C.c **** 
 246:Generated_Source\PSoC4/EZI2C_EZI2C.c ****         /* Configure interrupt sources */
 247:Generated_Source\PSoC4/EZI2C_EZI2C.c ****     #if (!EZI2C_CY_SCBIP_V1)
 248:Generated_Source\PSoC4/EZI2C_EZI2C.c ****         EZI2C_INTR_SPI_EC_MASK_REG = EZI2C_EZI2C_DEFAULT_INTR_SPI_EC_MASK;
  72              		.loc 1 248 0
  73 003e 184B     		ldr	r3, .L2+44
  74 0040 1C60     		str	r4, [r3]
 249:Generated_Source\PSoC4/EZI2C_EZI2C.c ****     #endif /* (!EZI2C_CY_SCBIP_V1) */
 250:Generated_Source\PSoC4/EZI2C_EZI2C.c **** 
 251:Generated_Source\PSoC4/EZI2C_EZI2C.c ****         EZI2C_INTR_I2C_EC_MASK_REG = EZI2C_EZI2C_DEFAULT_INTR_I2C_EC_MASK;
  75              		.loc 1 251 0
  76 0042 184B     		ldr	r3, .L2+48
  77 0044 1C60     		str	r4, [r3]
 252:Generated_Source\PSoC4/EZI2C_EZI2C.c ****         EZI2C_INTR_SLAVE_MASK_REG  = EZI2C_EZI2C_DEFAULT_INTR_SLAVE_MASK;
  78              		.loc 1 252 0
  79 0046 3222     		mov	r2, #50
  80 0048 FF32     		add	r2, r2, #255
  81 004a 174B     		ldr	r3, .L2+52
  82 004c 1A60     		str	r2, [r3]
 253:Generated_Source\PSoC4/EZI2C_EZI2C.c ****         EZI2C_INTR_MASTER_MASK_REG = EZI2C_EZI2C_DEFAULT_INTR_MASTER_MASK;
  83              		.loc 1 253 0
  84 004e 174B     		ldr	r3, .L2+56
  85 0050 1C60     		str	r4, [r3]
 254:Generated_Source\PSoC4/EZI2C_EZI2C.c ****         EZI2C_INTR_RX_MASK_REG     = EZI2C_EZI2C_DEFAULT_INTR_RX_MASK;
  86              		.loc 1 254 0
  87 0052 2E3A     		sub	r2, r2, #46
  88 0054 FF3A     		sub	r2, r2, #255
ARM GAS  C:\Users\Greg\AppData\Local\Temp\ccPzDNsh.s 			page 7


  89 0056 164B     		ldr	r3, .L2+60
  90 0058 1A60     		str	r2, [r3]
 255:Generated_Source\PSoC4/EZI2C_EZI2C.c ****         EZI2C_INTR_TX_MASK_REG     = EZI2C_EZI2C_DEFAULT_INTR_TX_MASK;
  91              		.loc 1 255 0
  92 005a 164B     		ldr	r3, .L2+64
  93 005c 1C60     		str	r4, [r3]
 256:Generated_Source\PSoC4/EZI2C_EZI2C.c **** 
 257:Generated_Source\PSoC4/EZI2C_EZI2C.c ****         /* Configure global variables */
 258:Generated_Source\PSoC4/EZI2C_EZI2C.c ****         EZI2C_fsmState = EZI2C_EZI2C_FSM_IDLE;
  94              		.loc 1 258 0
  95 005e 164B     		ldr	r3, .L2+68
  96 0060 1C70     		strb	r4, [r3]
 259:Generated_Source\PSoC4/EZI2C_EZI2C.c **** 
 260:Generated_Source\PSoC4/EZI2C_EZI2C.c ****         EZI2C_curStatus  = 0u;
  97              		.loc 1 260 0
  98 0062 164B     		ldr	r3, .L2+72
  99 0064 1C70     		strb	r4, [r3]
 261:Generated_Source\PSoC4/EZI2C_EZI2C.c ****         EZI2C_indexBuf1  = 0u;
 100              		.loc 1 261 0
 101 0066 164B     		ldr	r3, .L2+76
 102 0068 1C80     		strh	r4, [r3]
 262:Generated_Source\PSoC4/EZI2C_EZI2C.c ****         EZI2C_offsetBuf1 = 0u;
 103              		.loc 1 262 0
 104 006a 164B     		ldr	r3, .L2+80
 105 006c 0022     		mov	r2, #0
 106 006e 1A70     		strb	r2, [r3]
 263:Generated_Source\PSoC4/EZI2C_EZI2C.c **** 
 264:Generated_Source\PSoC4/EZI2C_EZI2C.c ****     #if(EZI2C_SECONDARY_ADDRESS_ENABLE_CONST)
 265:Generated_Source\PSoC4/EZI2C_EZI2C.c ****         EZI2C_indexBuf2  = 0u;
 266:Generated_Source\PSoC4/EZI2C_EZI2C.c ****         EZI2C_offsetBuf2 = 0u;
 267:Generated_Source\PSoC4/EZI2C_EZI2C.c **** 
 268:Generated_Source\PSoC4/EZI2C_EZI2C.c ****         EZI2C_addrBuf1 = EZI2C_EZI2C_PRIMARY_SLAVE_ADDRESS;
 269:Generated_Source\PSoC4/EZI2C_EZI2C.c ****         EZI2C_addrBuf2 = EZI2C_EZI2C_SECONDARY_SLAVE_ADDRESS;
 270:Generated_Source\PSoC4/EZI2C_EZI2C.c ****     #endif /* (EZI2C_SECONDARY_ADDRESS_ENABLE_CONST) */
 271:Generated_Source\PSoC4/EZI2C_EZI2C.c ****     }
 107              		.loc 1 271 0
 108              		@ sp needed
 109 0070 10BD     		pop	{r4, pc}
 110              	.L3:
 111 0072 C046     		.align	2
 112              	.L2:
 113 0074 00000940 		.word	1074331648
 114 0078 00F80040 		.word	1073805312
 115 007c 60000940 		.word	1074331744
 116 0080 07010080 		.word	-2147483385
 117 0084 00030940 		.word	1074332416
 118 0088 04030940 		.word	1074332420
 119 008c 1000FE00 		.word	16646160
 120 0090 10030940 		.word	1074332432
 121 0094 00020940 		.word	1074332160
 122 0098 04020940 		.word	1074332164
 123 009c 00000000 		.word	EZI2C_EZI2C_NO_STRETCH_ISR
 124 00a0 C80E0940 		.word	1074335432
 125 00a4 880E0940 		.word	1074335368
 126 00a8 480F0940 		.word	1074335560
 127 00ac 080F0940 		.word	1074335496
 128 00b0 C80F0940 		.word	1074335688
ARM GAS  C:\Users\Greg\AppData\Local\Temp\ccPzDNsh.s 			page 8


 129 00b4 880F0940 		.word	1074335624
 130 00b8 00000000 		.word	EZI2C_fsmState
 131 00bc 00000000 		.word	EZI2C_curStatus
 132 00c0 00000000 		.word	EZI2C_indexBuf1
 133 00c4 00000000 		.word	EZI2C_offsetBuf1
 134              		.cfi_endproc
 135              	.LFE1:
 136              		.size	EZI2C_EzI2CInit, .-EZI2C_EzI2CInit
 137              		.section	.text.EZI2C_EzI2CStop,"ax",%progbits
 138              		.align	2
 139              		.global	EZI2C_EzI2CStop
 140              		.code	16
 141              		.thumb_func
 142              		.type	EZI2C_EzI2CStop, %function
 143              	EZI2C_EzI2CStop:
 144              	.LFB2:
 272:Generated_Source\PSoC4/EZI2C_EZI2C.c **** #endif /* (EZI2C_SCB_MODE_UNCONFIG_CONST_CFG) */
 273:Generated_Source\PSoC4/EZI2C_EZI2C.c **** 
 274:Generated_Source\PSoC4/EZI2C_EZI2C.c **** 
 275:Generated_Source\PSoC4/EZI2C_EZI2C.c **** /*******************************************************************************
 276:Generated_Source\PSoC4/EZI2C_EZI2C.c **** * Function Name: EZI2C_EzI2CStop
 277:Generated_Source\PSoC4/EZI2C_EZI2C.c **** ****************************************************************************//**
 278:Generated_Source\PSoC4/EZI2C_EZI2C.c **** *
 279:Generated_Source\PSoC4/EZI2C_EZI2C.c **** *  Resets the EZI2C FSM into the default state.
 280:Generated_Source\PSoC4/EZI2C_EZI2C.c **** *
 281:Generated_Source\PSoC4/EZI2C_EZI2C.c **** *******************************************************************************/
 282:Generated_Source\PSoC4/EZI2C_EZI2C.c **** void EZI2C_EzI2CStop(void)
 283:Generated_Source\PSoC4/EZI2C_EZI2C.c **** {
 145              		.loc 1 283 0
 146              		.cfi_startproc
 284:Generated_Source\PSoC4/EZI2C_EZI2C.c ****     EZI2C_fsmState = EZI2C_EZI2C_FSM_IDLE;
 147              		.loc 1 284 0
 148 0000 0022     		mov	r2, #0
 149 0002 014B     		ldr	r3, .L5
 150 0004 1A70     		strb	r2, [r3]
 285:Generated_Source\PSoC4/EZI2C_EZI2C.c **** }
 151              		.loc 1 285 0
 152              		@ sp needed
 153 0006 7047     		bx	lr
 154              	.L6:
 155              		.align	2
 156              	.L5:
 157 0008 00000000 		.word	EZI2C_fsmState
 158              		.cfi_endproc
 159              	.LFE2:
 160              		.size	EZI2C_EzI2CStop, .-EZI2C_EzI2CStop
 161              		.section	.text.EZI2C_EzI2CGetActivity,"ax",%progbits
 162              		.align	2
 163              		.global	EZI2C_EzI2CGetActivity
 164              		.code	16
 165              		.thumb_func
 166              		.type	EZI2C_EzI2CGetActivity, %function
 167              	EZI2C_EzI2CGetActivity:
 168              	.LFB3:
 286:Generated_Source\PSoC4/EZI2C_EZI2C.c **** 
 287:Generated_Source\PSoC4/EZI2C_EZI2C.c **** 
 288:Generated_Source\PSoC4/EZI2C_EZI2C.c **** /*******************************************************************************
ARM GAS  C:\Users\Greg\AppData\Local\Temp\ccPzDNsh.s 			page 9


 289:Generated_Source\PSoC4/EZI2C_EZI2C.c **** * Function Name: EZI2C_EzI2CGetActivity
 290:Generated_Source\PSoC4/EZI2C_EZI2C.c **** ****************************************************************************//**
 291:Generated_Source\PSoC4/EZI2C_EZI2C.c **** *
 292:Generated_Source\PSoC4/EZI2C_EZI2C.c **** *  Returns the EZI2C slave status.
 293:Generated_Source\PSoC4/EZI2C_EZI2C.c **** *  The read, write and error status flags reset to zero after this function
 294:Generated_Source\PSoC4/EZI2C_EZI2C.c **** *  call. The busy status flag is cleared when the transaction intended for
 295:Generated_Source\PSoC4/EZI2C_EZI2C.c **** *  the EZI2C slave completes.
 296:Generated_Source\PSoC4/EZI2C_EZI2C.c **** *
 297:Generated_Source\PSoC4/EZI2C_EZI2C.c **** * \return
 298:Generated_Source\PSoC4/EZI2C_EZI2C.c **** *  Returns the status of the EZI2C Slave activity.
 299:Generated_Source\PSoC4/EZI2C_EZI2C.c **** *  - EZI2C_EZI2C_STATUS_READ1 - Read transfer complete. The transfer 
 300:Generated_Source\PSoC4/EZI2C_EZI2C.c **** *    used the primary slave address. The error condition status bit must be 
 301:Generated_Source\PSoC4/EZI2C_EZI2C.c **** *    checked to ensure that read transfer was completed successfully.
 302:Generated_Source\PSoC4/EZI2C_EZI2C.c **** *  - EZI2C_EZI2C_STATUS_WRITE1 - Write transfer complete. The buffer 
 303:Generated_Source\PSoC4/EZI2C_EZI2C.c **** *    content was modified. The transfer used the primary slave address. 
 304:Generated_Source\PSoC4/EZI2C_EZI2C.c **** *    The error condition status bit must be checked to ensure that write 
 305:Generated_Source\PSoC4/EZI2C_EZI2C.c **** *    transfer was completed successfully.
 306:Generated_Source\PSoC4/EZI2C_EZI2C.c **** *  - EZI2C_EZI2C_STATUS_READ2 - Read transfer complete. The transfer
 307:Generated_Source\PSoC4/EZI2C_EZI2C.c **** *    used the secondary slave address. The error condition status bit must be 
 308:Generated_Source\PSoC4/EZI2C_EZI2C.c **** *    checked to ensure that read transfer was completed successfully.
 309:Generated_Source\PSoC4/EZI2C_EZI2C.c **** *  - EZI2C_EZI2C_STATUS_WRITE2 - Write transfer complete. The buffer
 310:Generated_Source\PSoC4/EZI2C_EZI2C.c **** *    content was modified. The transfer used the secondary slave address. 
 311:Generated_Source\PSoC4/EZI2C_EZI2C.c **** *    The error condition status bit must be checked to ensure that write 
 312:Generated_Source\PSoC4/EZI2C_EZI2C.c **** *    transfer was completed successfully.
 313:Generated_Source\PSoC4/EZI2C_EZI2C.c **** *  - EZI2C_EZI2C_STATUS_BUSY - A transfer intended for the primary 
 314:Generated_Source\PSoC4/EZI2C_EZI2C.c **** *    or secondary address is in progress. The status bit is set after an 
 315:Generated_Source\PSoC4/EZI2C_EZI2C.c **** *    address match and cleared on a Stop or ReStart condition.
 316:Generated_Source\PSoC4/EZI2C_EZI2C.c **** *  - EZI2C_EZI2C_STATUS_ERR - An error occurred during a transfer 
 317:Generated_Source\PSoC4/EZI2C_EZI2C.c **** *    intended for the primary or secondary slave address. The sources of error
 318:Generated_Source\PSoC4/EZI2C_EZI2C.c **** *    are: misplaced Start or Stop condition or lost arbitration while slave 
 319:Generated_Source\PSoC4/EZI2C_EZI2C.c **** *    drives SDA.
 320:Generated_Source\PSoC4/EZI2C_EZI2C.c **** *    The write buffer may contain invalid byte or part of the transaction when 
 321:Generated_Source\PSoC4/EZI2C_EZI2C.c **** *    EZI2C_EZI2C_STATUS_ERR and EZI2C_EZI2C_STATUS_WRITE1/2 
 322:Generated_Source\PSoC4/EZI2C_EZI2C.c **** *    is set. It is recommended to discard buffer content in this case.
 323:Generated_Source\PSoC4/EZI2C_EZI2C.c **** *
 324:Generated_Source\PSoC4/EZI2C_EZI2C.c **** * \globalvars
 325:Generated_Source\PSoC4/EZI2C_EZI2C.c **** *  EZI2C_curStatus - used to store the current status of the EZI2C 
 326:Generated_Source\PSoC4/EZI2C_EZI2C.c **** *  slave.
 327:Generated_Source\PSoC4/EZI2C_EZI2C.c **** *
 328:Generated_Source\PSoC4/EZI2C_EZI2C.c **** *******************************************************************************/
 329:Generated_Source\PSoC4/EZI2C_EZI2C.c **** uint32 EZI2C_EzI2CGetActivity(void)
 330:Generated_Source\PSoC4/EZI2C_EZI2C.c **** {
 169              		.loc 1 330 0
 170              		.cfi_startproc
 171 0000 10B5     		push	{r4, lr}
 172              		.cfi_def_cfa_offset 8
 173              		.cfi_offset 4, -8
 174              		.cfi_offset 14, -4
 331:Generated_Source\PSoC4/EZI2C_EZI2C.c ****     uint32 status;
 332:Generated_Source\PSoC4/EZI2C_EZI2C.c **** 
 333:Generated_Source\PSoC4/EZI2C_EZI2C.c ****     EZI2C_DisableInt();  /* Lock from interruption */
 175              		.loc 1 333 0
 176 0002 0A20     		mov	r0, #10
 177 0004 FFF7FEFF 		bl	CyIntDisable
 178              	.LVL3:
 334:Generated_Source\PSoC4/EZI2C_EZI2C.c **** 
 335:Generated_Source\PSoC4/EZI2C_EZI2C.c ****     status = EZI2C_curStatus;
ARM GAS  C:\Users\Greg\AppData\Local\Temp\ccPzDNsh.s 			page 10


 179              		.loc 1 335 0
 180 0008 094B     		ldr	r3, .L9
 181 000a 1C78     		ldrb	r4, [r3]
 182 000c E3B2     		uxtb	r3, r4
 183              	.LVL4:
 336:Generated_Source\PSoC4/EZI2C_EZI2C.c **** 
 337:Generated_Source\PSoC4/EZI2C_EZI2C.c ****     /* Relay on address match event from HW as bus busy status */
 338:Generated_Source\PSoC4/EZI2C_EZI2C.c ****     #if(EZI2C_EZI2C_SCL_STRETCH_DISABLE)
 339:Generated_Source\PSoC4/EZI2C_EZI2C.c ****     {
 340:Generated_Source\PSoC4/EZI2C_EZI2C.c ****         /* For EZI2C_CY_SCBIP_V0 the wake is prohibited by customizer */
 341:Generated_Source\PSoC4/EZI2C_EZI2C.c ****         #if(EZI2C_EZI2C_EC_AM_ENABLE)
 342:Generated_Source\PSoC4/EZI2C_EZI2C.c ****         {
 343:Generated_Source\PSoC4/EZI2C_EZI2C.c ****             status |= EZI2C_CHECK_INTR_I2C_EC(EZI2C_INTR_I2C_EC_WAKE_UP) ?
 344:Generated_Source\PSoC4/EZI2C_EZI2C.c ****                         EZI2C_EZI2C_STATUS_BUSY : 0u;
 345:Generated_Source\PSoC4/EZI2C_EZI2C.c ****         }
 346:Generated_Source\PSoC4/EZI2C_EZI2C.c ****         #else
 347:Generated_Source\PSoC4/EZI2C_EZI2C.c ****         {
 348:Generated_Source\PSoC4/EZI2C_EZI2C.c ****             status |= EZI2C_CHECK_INTR_SLAVE(EZI2C_INTR_SLAVE_I2C_ADDR_MATCH) ?
 184              		.loc 1 348 0
 185 000e 094A     		ldr	r2, .L9+4
 186 0010 1268     		ldr	r2, [r2]
 187 0012 4024     		mov	r4, #64
 188 0014 1440     		and	r4, r2
 349:Generated_Source\PSoC4/EZI2C_EZI2C.c ****                         EZI2C_EZI2C_STATUS_BUSY : 0u;
 189              		.loc 1 349 0
 190 0016 00D0     		beq	.L8
 191 0018 2024     		mov	r4, #32
 192              	.L8:
 348:Generated_Source\PSoC4/EZI2C_EZI2C.c ****                         EZI2C_EZI2C_STATUS_BUSY : 0u;
 193              		.loc 1 348 0 discriminator 4
 194 001a 1C43     		orr	r4, r3
 195              	.LVL5:
 350:Generated_Source\PSoC4/EZI2C_EZI2C.c ****         }
 351:Generated_Source\PSoC4/EZI2C_EZI2C.c ****         #endif
 352:Generated_Source\PSoC4/EZI2C_EZI2C.c ****     }
 353:Generated_Source\PSoC4/EZI2C_EZI2C.c ****     #endif
 354:Generated_Source\PSoC4/EZI2C_EZI2C.c **** 
 355:Generated_Source\PSoC4/EZI2C_EZI2C.c ****     EZI2C_curStatus &= ((uint8) ~EZI2C_EZI2C_CLEAR_STATUS);
 196              		.loc 1 355 0 discriminator 4
 197 001c 044A     		ldr	r2, .L9
 198 001e 1378     		ldrb	r3, [r2]
 199 0020 1F21     		mov	r1, #31
 200 0022 8B43     		bic	r3, r1
 201 0024 1370     		strb	r3, [r2]
 356:Generated_Source\PSoC4/EZI2C_EZI2C.c **** 
 357:Generated_Source\PSoC4/EZI2C_EZI2C.c ****     EZI2C_EnableInt();   /* Release lock */
 202              		.loc 1 357 0 discriminator 4
 203 0026 0A20     		mov	r0, #10
 204 0028 FFF7FEFF 		bl	CyIntEnable
 205              	.LVL6:
 358:Generated_Source\PSoC4/EZI2C_EZI2C.c **** 
 359:Generated_Source\PSoC4/EZI2C_EZI2C.c ****     return(status);
 360:Generated_Source\PSoC4/EZI2C_EZI2C.c **** }
 206              		.loc 1 360 0 discriminator 4
 207 002c 201C     		mov	r0, r4
 208              		@ sp needed
 209              	.LVL7:
ARM GAS  C:\Users\Greg\AppData\Local\Temp\ccPzDNsh.s 			page 11


 210 002e 10BD     		pop	{r4, pc}
 211              	.L10:
 212              		.align	2
 213              	.L9:
 214 0030 00000000 		.word	EZI2C_curStatus
 215 0034 400F0940 		.word	1074335552
 216              		.cfi_endproc
 217              	.LFE3:
 218              		.size	EZI2C_EzI2CGetActivity, .-EZI2C_EzI2CGetActivity
 219              		.section	.text.EZI2C_EzI2CSetAddress1,"ax",%progbits
 220              		.align	2
 221              		.global	EZI2C_EzI2CSetAddress1
 222              		.code	16
 223              		.thumb_func
 224              		.type	EZI2C_EzI2CSetAddress1, %function
 225              	EZI2C_EzI2CSetAddress1:
 226              	.LFB4:
 361:Generated_Source\PSoC4/EZI2C_EZI2C.c **** 
 362:Generated_Source\PSoC4/EZI2C_EZI2C.c **** 
 363:Generated_Source\PSoC4/EZI2C_EZI2C.c **** /*******************************************************************************
 364:Generated_Source\PSoC4/EZI2C_EZI2C.c **** * Function Name: EZI2C_EzI2CSetAddress1
 365:Generated_Source\PSoC4/EZI2C_EZI2C.c **** ****************************************************************************//**
 366:Generated_Source\PSoC4/EZI2C_EZI2C.c **** *
 367:Generated_Source\PSoC4/EZI2C_EZI2C.c **** *  Sets the primary EZI2C slave address.
 368:Generated_Source\PSoC4/EZI2C_EZI2C.c **** *
 369:Generated_Source\PSoC4/EZI2C_EZI2C.c **** * \param address: I2C slave address for the secondary device.
 370:Generated_Source\PSoC4/EZI2C_EZI2C.c **** *  This address is the 7-bit right-justified slave address and does not 
 371:Generated_Source\PSoC4/EZI2C_EZI2C.c **** *   include the R/W bit.
 372:Generated_Source\PSoC4/EZI2C_EZI2C.c **** *
 373:Generated_Source\PSoC4/EZI2C_EZI2C.c **** *  The address value is not checked to see if it violates the I2C spec. 
 374:Generated_Source\PSoC4/EZI2C_EZI2C.c **** *  The preferred addresses are in the range between 8 and 120 (0x08 to 0x78).
 375:Generated_Source\PSoC4/EZI2C_EZI2C.c **** *
 376:Generated_Source\PSoC4/EZI2C_EZI2C.c **** * \globalvars
 377:Generated_Source\PSoC4/EZI2C_EZI2C.c **** *  EZI2C_addrBuf1 - used to store the primary 7-bit slave address 
 378:Generated_Source\PSoC4/EZI2C_EZI2C.c **** *  value.
 379:Generated_Source\PSoC4/EZI2C_EZI2C.c **** *
 380:Generated_Source\PSoC4/EZI2C_EZI2C.c **** *******************************************************************************/
 381:Generated_Source\PSoC4/EZI2C_EZI2C.c **** void EZI2C_EzI2CSetAddress1(uint32 address)
 382:Generated_Source\PSoC4/EZI2C_EZI2C.c **** {
 227              		.loc 1 382 0
 228              		.cfi_startproc
 229              	.LVL8:
 230              	.LBB2:
 383:Generated_Source\PSoC4/EZI2C_EZI2C.c ****     #if(EZI2C_SECONDARY_ADDRESS_ENABLE)
 384:Generated_Source\PSoC4/EZI2C_EZI2C.c ****     {
 385:Generated_Source\PSoC4/EZI2C_EZI2C.c ****         EZI2C_addrBuf1 = (uint8) address;
 386:Generated_Source\PSoC4/EZI2C_EZI2C.c **** 
 387:Generated_Source\PSoC4/EZI2C_EZI2C.c ****         EZI2C_RX_MATCH_REG = 
 388:Generated_Source\PSoC4/EZI2C_EZI2C.c ****                         EZI2C_EzI2CUpdateRxMatchReg(address, (uint32) EZI2C_addrBuf2);
 389:Generated_Source\PSoC4/EZI2C_EZI2C.c ****     }
 390:Generated_Source\PSoC4/EZI2C_EZI2C.c ****     #else
 391:Generated_Source\PSoC4/EZI2C_EZI2C.c ****     {
 392:Generated_Source\PSoC4/EZI2C_EZI2C.c ****         uint32 matchReg;
 393:Generated_Source\PSoC4/EZI2C_EZI2C.c **** 
 394:Generated_Source\PSoC4/EZI2C_EZI2C.c ****         matchReg = EZI2C_RX_MATCH_REG;
 231              		.loc 1 394 0
 232 0000 044A     		ldr	r2, .L12
ARM GAS  C:\Users\Greg\AppData\Local\Temp\ccPzDNsh.s 			page 12


 233 0002 1368     		ldr	r3, [r2]
 234              	.LVL9:
 395:Generated_Source\PSoC4/EZI2C_EZI2C.c **** 
 396:Generated_Source\PSoC4/EZI2C_EZI2C.c ****         /* Set address. */
 397:Generated_Source\PSoC4/EZI2C_EZI2C.c ****         matchReg &= (uint32) ~EZI2C_RX_MATCH_ADDR_MASK;
 235              		.loc 1 397 0
 236 0004 FF21     		mov	r1, #255
 237 0006 8B43     		bic	r3, r1
 238              	.LVL10:
 398:Generated_Source\PSoC4/EZI2C_EZI2C.c ****         matchReg |= (uint32)  EZI2C_GET_I2C_8BIT_ADDRESS(address);
 239              		.loc 1 398 0
 240 0008 4000     		lsl	r0, r0, #1
 241              	.LVL11:
 242 000a 0840     		and	r0, r1
 243 000c 1843     		orr	r0, r3
 244              	.LVL12:
 399:Generated_Source\PSoC4/EZI2C_EZI2C.c **** 
 400:Generated_Source\PSoC4/EZI2C_EZI2C.c ****         EZI2C_RX_MATCH_REG = matchReg;
 245              		.loc 1 400 0
 246 000e 1060     		str	r0, [r2]
 247              	.LBE2:
 401:Generated_Source\PSoC4/EZI2C_EZI2C.c ****     }
 402:Generated_Source\PSoC4/EZI2C_EZI2C.c ****     #endif
 403:Generated_Source\PSoC4/EZI2C_EZI2C.c **** }
 248              		.loc 1 403 0
 249              		@ sp needed
 250 0010 7047     		bx	lr
 251              	.L13:
 252 0012 C046     		.align	2
 253              	.L12:
 254 0014 10030940 		.word	1074332432
 255              		.cfi_endproc
 256              	.LFE4:
 257              		.size	EZI2C_EzI2CSetAddress1, .-EZI2C_EzI2CSetAddress1
 258              		.section	.text.EZI2C_EzI2CGetAddress1,"ax",%progbits
 259              		.align	2
 260              		.global	EZI2C_EzI2CGetAddress1
 261              		.code	16
 262              		.thumb_func
 263              		.type	EZI2C_EzI2CGetAddress1, %function
 264              	EZI2C_EzI2CGetAddress1:
 265              	.LFB5:
 404:Generated_Source\PSoC4/EZI2C_EZI2C.c **** 
 405:Generated_Source\PSoC4/EZI2C_EZI2C.c **** 
 406:Generated_Source\PSoC4/EZI2C_EZI2C.c **** /*******************************************************************************
 407:Generated_Source\PSoC4/EZI2C_EZI2C.c **** * Function Name: EZI2C_EzI2CGetAddress1
 408:Generated_Source\PSoC4/EZI2C_EZI2C.c **** ****************************************************************************//**
 409:Generated_Source\PSoC4/EZI2C_EZI2C.c **** *
 410:Generated_Source\PSoC4/EZI2C_EZI2C.c **** *  Returns primary the EZ I2C slave address.
 411:Generated_Source\PSoC4/EZI2C_EZI2C.c **** *  This address is the 7-bit right-justified slave address and does not include 
 412:Generated_Source\PSoC4/EZI2C_EZI2C.c **** *  the R/W bit.
 413:Generated_Source\PSoC4/EZI2C_EZI2C.c **** *
 414:Generated_Source\PSoC4/EZI2C_EZI2C.c **** * \return
 415:Generated_Source\PSoC4/EZI2C_EZI2C.c **** *  Primary EZI2C slave address.
 416:Generated_Source\PSoC4/EZI2C_EZI2C.c **** *
 417:Generated_Source\PSoC4/EZI2C_EZI2C.c **** * \globalvars
 418:Generated_Source\PSoC4/EZI2C_EZI2C.c **** *  EZI2C_addrBuf1 - used to store the primary 7-bit slave address 
ARM GAS  C:\Users\Greg\AppData\Local\Temp\ccPzDNsh.s 			page 13


 419:Generated_Source\PSoC4/EZI2C_EZI2C.c **** *  value.
 420:Generated_Source\PSoC4/EZI2C_EZI2C.c **** *
 421:Generated_Source\PSoC4/EZI2C_EZI2C.c **** *******************************************************************************/
 422:Generated_Source\PSoC4/EZI2C_EZI2C.c **** uint32 EZI2C_EzI2CGetAddress1(void)
 423:Generated_Source\PSoC4/EZI2C_EZI2C.c **** {
 266              		.loc 1 423 0
 267              		.cfi_startproc
 424:Generated_Source\PSoC4/EZI2C_EZI2C.c ****     uint32 address;
 425:Generated_Source\PSoC4/EZI2C_EZI2C.c **** 
 426:Generated_Source\PSoC4/EZI2C_EZI2C.c ****     #if(EZI2C_SECONDARY_ADDRESS_ENABLE)
 427:Generated_Source\PSoC4/EZI2C_EZI2C.c ****     {
 428:Generated_Source\PSoC4/EZI2C_EZI2C.c ****         address = (uint32) EZI2C_addrBuf1;
 429:Generated_Source\PSoC4/EZI2C_EZI2C.c ****     }
 430:Generated_Source\PSoC4/EZI2C_EZI2C.c ****     #else
 431:Generated_Source\PSoC4/EZI2C_EZI2C.c ****     {
 432:Generated_Source\PSoC4/EZI2C_EZI2C.c ****         address = (EZI2C_GET_RX_MATCH_ADDR(EZI2C_RX_MATCH_REG) >>
 268              		.loc 1 432 0
 269 0000 024B     		ldr	r3, .L15
 270 0002 1868     		ldr	r0, [r3]
 271 0004 0006     		lsl	r0, r0, #24
 272 0006 400E     		lsr	r0, r0, #25
 273              	.LVL13:
 433:Generated_Source\PSoC4/EZI2C_EZI2C.c ****                    EZI2C_I2C_SLAVE_ADDR_POS);
 434:Generated_Source\PSoC4/EZI2C_EZI2C.c ****     }
 435:Generated_Source\PSoC4/EZI2C_EZI2C.c ****     #endif
 436:Generated_Source\PSoC4/EZI2C_EZI2C.c **** 
 437:Generated_Source\PSoC4/EZI2C_EZI2C.c ****     return(address);
 438:Generated_Source\PSoC4/EZI2C_EZI2C.c **** }
 274              		.loc 1 438 0
 275              		@ sp needed
 276 0008 7047     		bx	lr
 277              	.L16:
 278 000a C046     		.align	2
 279              	.L15:
 280 000c 10030940 		.word	1074332432
 281              		.cfi_endproc
 282              	.LFE5:
 283              		.size	EZI2C_EzI2CGetAddress1, .-EZI2C_EzI2CGetAddress1
 284              		.section	.text.EZI2C_EzI2CSetBuffer1,"ax",%progbits
 285              		.align	2
 286              		.global	EZI2C_EzI2CSetBuffer1
 287              		.code	16
 288              		.thumb_func
 289              		.type	EZI2C_EzI2CSetBuffer1, %function
 290              	EZI2C_EzI2CSetBuffer1:
 291              	.LFB6:
 439:Generated_Source\PSoC4/EZI2C_EZI2C.c **** 
 440:Generated_Source\PSoC4/EZI2C_EZI2C.c **** 
 441:Generated_Source\PSoC4/EZI2C_EZI2C.c **** /*******************************************************************************
 442:Generated_Source\PSoC4/EZI2C_EZI2C.c **** * Function Name: EZI2C_EzI2CSetBuffer1
 443:Generated_Source\PSoC4/EZI2C_EZI2C.c **** ****************************************************************************//**
 444:Generated_Source\PSoC4/EZI2C_EZI2C.c **** *
 445:Generated_Source\PSoC4/EZI2C_EZI2C.c **** *  Sets up the data buffer to be exposed to the I2C master on a primary slave
 446:Generated_Source\PSoC4/EZI2C_EZI2C.c **** *  address request.
 447:Generated_Source\PSoC4/EZI2C_EZI2C.c **** *
 448:Generated_Source\PSoC4/EZI2C_EZI2C.c **** * \param bufSize: Size of the buffer in bytes.
 449:Generated_Source\PSoC4/EZI2C_EZI2C.c **** * \param rwBoundary: Number of data bytes starting from the beginning of the 
ARM GAS  C:\Users\Greg\AppData\Local\Temp\ccPzDNsh.s 			page 14


 450:Generated_Source\PSoC4/EZI2C_EZI2C.c **** *  buffer with read and write access. Data bytes located at offset rwBoundary 
 451:Generated_Source\PSoC4/EZI2C_EZI2C.c **** *  or greater are read only.
 452:Generated_Source\PSoC4/EZI2C_EZI2C.c **** *  This value must be less than or equal to the buffer size.
 453:Generated_Source\PSoC4/EZI2C_EZI2C.c **** * \param buffer: Pointer to the data buffer.
 454:Generated_Source\PSoC4/EZI2C_EZI2C.c **** *
 455:Generated_Source\PSoC4/EZI2C_EZI2C.c **** * \sideeffect
 456:Generated_Source\PSoC4/EZI2C_EZI2C.c **** *  Calling this function in the middle of a transaction intended for the 
 457:Generated_Source\PSoC4/EZI2C_EZI2C.c **** *  primary slave address leads to unexpected behavior.
 458:Generated_Source\PSoC4/EZI2C_EZI2C.c **** *
 459:Generated_Source\PSoC4/EZI2C_EZI2C.c **** * \globalvars
 460:Generated_Source\PSoC4/EZI2C_EZI2C.c **** *  EZI2C_dataBuffer1 – the pointer to the buffer to be exposed to the
 461:Generated_Source\PSoC4/EZI2C_EZI2C.c **** *  master on a primary address.
 462:Generated_Source\PSoC4/EZI2C_EZI2C.c **** *  EZI2C_bufSizeBuf1 - the size of the buffer to be exposed to the 
 463:Generated_Source\PSoC4/EZI2C_EZI2C.c **** *  master on a primary address.
 464:Generated_Source\PSoC4/EZI2C_EZI2C.c **** *  EZI2C_protectBuf1 - the start index of the read-only region in the
 465:Generated_Source\PSoC4/EZI2C_EZI2C.c **** *  buffer to be exposed to the master on a primary address. The read-only region
 466:Generated_Source\PSoC4/EZI2C_EZI2C.c **** *  continues up to the end the buffer.
 467:Generated_Source\PSoC4/EZI2C_EZI2C.c **** *
 468:Generated_Source\PSoC4/EZI2C_EZI2C.c **** *******************************************************************************/
 469:Generated_Source\PSoC4/EZI2C_EZI2C.c **** void EZI2C_EzI2CSetBuffer1(uint32 bufSize, uint32 rwBoundary, volatile uint8 * buffer)
 470:Generated_Source\PSoC4/EZI2C_EZI2C.c **** {
 292              		.loc 1 470 0
 293              		.cfi_startproc
 294              	.LVL14:
 295 0000 70B5     		push	{r4, r5, r6, lr}
 296              		.cfi_def_cfa_offset 16
 297              		.cfi_offset 4, -16
 298              		.cfi_offset 5, -12
 299              		.cfi_offset 6, -8
 300              		.cfi_offset 14, -4
 301 0002 061C     		mov	r6, r0
 302 0004 0D1C     		mov	r5, r1
 303 0006 141E     		sub	r4, r2, #0
 471:Generated_Source\PSoC4/EZI2C_EZI2C.c ****     if (NULL != buffer)
 304              		.loc 1 471 0
 305 0008 0BD0     		beq	.L17
 472:Generated_Source\PSoC4/EZI2C_EZI2C.c ****     {
 473:Generated_Source\PSoC4/EZI2C_EZI2C.c ****         EZI2C_DisableInt();  /* Lock from interruption */
 306              		.loc 1 473 0
 307 000a 0A20     		mov	r0, #10
 308              	.LVL15:
 309 000c FFF7FEFF 		bl	CyIntDisable
 310              	.LVL16:
 474:Generated_Source\PSoC4/EZI2C_EZI2C.c **** 
 475:Generated_Source\PSoC4/EZI2C_EZI2C.c ****         EZI2C_dataBuffer1 =  buffer;
 311              		.loc 1 475 0
 312 0010 044B     		ldr	r3, .L19
 313 0012 1C60     		str	r4, [r3]
 476:Generated_Source\PSoC4/EZI2C_EZI2C.c ****         EZI2C_bufSizeBuf1 = (uint16) bufSize;
 314              		.loc 1 476 0
 315 0014 044B     		ldr	r3, .L19+4
 316 0016 1E80     		strh	r6, [r3]
 477:Generated_Source\PSoC4/EZI2C_EZI2C.c ****         EZI2C_protectBuf1 = (uint16) rwBoundary;
 317              		.loc 1 477 0
 318 0018 044B     		ldr	r3, .L19+8
 319 001a 1D80     		strh	r5, [r3]
 478:Generated_Source\PSoC4/EZI2C_EZI2C.c **** 
ARM GAS  C:\Users\Greg\AppData\Local\Temp\ccPzDNsh.s 			page 15


 479:Generated_Source\PSoC4/EZI2C_EZI2C.c ****         EZI2C_EnableInt();   /* Release lock */
 320              		.loc 1 479 0
 321 001c 0A20     		mov	r0, #10
 322 001e FFF7FEFF 		bl	CyIntEnable
 323              	.LVL17:
 324              	.L17:
 480:Generated_Source\PSoC4/EZI2C_EZI2C.c ****     }
 481:Generated_Source\PSoC4/EZI2C_EZI2C.c **** }
 325              		.loc 1 481 0
 326              		@ sp needed
 327              	.LVL18:
 328              	.LVL19:
 329              	.LVL20:
 330 0022 70BD     		pop	{r4, r5, r6, pc}
 331              	.L20:
 332              		.align	2
 333              	.L19:
 334 0024 00000000 		.word	EZI2C_dataBuffer1
 335 0028 00000000 		.word	EZI2C_bufSizeBuf1
 336 002c 00000000 		.word	EZI2C_protectBuf1
 337              		.cfi_endproc
 338              	.LFE6:
 339              		.size	EZI2C_EzI2CSetBuffer1, .-EZI2C_EzI2CSetBuffer1
 340              		.section	.text.EZI2C_EzI2CSetReadBoundaryBuffer1,"ax",%progbits
 341              		.align	2
 342              		.global	EZI2C_EzI2CSetReadBoundaryBuffer1
 343              		.code	16
 344              		.thumb_func
 345              		.type	EZI2C_EzI2CSetReadBoundaryBuffer1, %function
 346              	EZI2C_EzI2CSetReadBoundaryBuffer1:
 347              	.LFB7:
 482:Generated_Source\PSoC4/EZI2C_EZI2C.c **** 
 483:Generated_Source\PSoC4/EZI2C_EZI2C.c **** 
 484:Generated_Source\PSoC4/EZI2C_EZI2C.c **** /*******************************************************************************
 485:Generated_Source\PSoC4/EZI2C_EZI2C.c **** * Function Name: EZI2C_EzI2CSetReadBoundaryBuffer1
 486:Generated_Source\PSoC4/EZI2C_EZI2C.c **** ****************************************************************************//**
 487:Generated_Source\PSoC4/EZI2C_EZI2C.c **** *
 488:Generated_Source\PSoC4/EZI2C_EZI2C.c **** *  Sets the read only boundary in the data buffer to be exposed to the I2C
 489:Generated_Source\PSoC4/EZI2C_EZI2C.c **** *  master on a primary slave address request.
 490:Generated_Source\PSoC4/EZI2C_EZI2C.c **** *
 491:Generated_Source\PSoC4/EZI2C_EZI2C.c **** * \param rwBoundry: Number of data bytes starting from the beginning of the 
 492:Generated_Source\PSoC4/EZI2C_EZI2C.c **** *  buffer with read and write access. Data bytes located at offset rwBoundary 
 493:Generated_Source\PSoC4/EZI2C_EZI2C.c **** *  or greater are read only.
 494:Generated_Source\PSoC4/EZI2C_EZI2C.c **** *  This value must be less than or equal to the buffer size.
 495:Generated_Source\PSoC4/EZI2C_EZI2C.c **** *
 496:Generated_Source\PSoC4/EZI2C_EZI2C.c **** * \sideeffect
 497:Generated_Source\PSoC4/EZI2C_EZI2C.c **** *  Calling this function in the middle of a transaction intended for the 
 498:Generated_Source\PSoC4/EZI2C_EZI2C.c **** *  primary slave address leads to unexpected behavior.
 499:Generated_Source\PSoC4/EZI2C_EZI2C.c **** *
 500:Generated_Source\PSoC4/EZI2C_EZI2C.c **** * \globalvars
 501:Generated_Source\PSoC4/EZI2C_EZI2C.c **** *  EZI2C_protectBuf1 - the start index of the read-only region in the
 502:Generated_Source\PSoC4/EZI2C_EZI2C.c **** *  buffer to be exposed to the master on a primary address. The read-only region
 503:Generated_Source\PSoC4/EZI2C_EZI2C.c **** *  continues up to the end the buffer.
 504:Generated_Source\PSoC4/EZI2C_EZI2C.c **** *
 505:Generated_Source\PSoC4/EZI2C_EZI2C.c **** *******************************************************************************/
 506:Generated_Source\PSoC4/EZI2C_EZI2C.c **** void EZI2C_EzI2CSetReadBoundaryBuffer1(uint32 rwBoundary)
 507:Generated_Source\PSoC4/EZI2C_EZI2C.c **** {
ARM GAS  C:\Users\Greg\AppData\Local\Temp\ccPzDNsh.s 			page 16


 348              		.loc 1 507 0
 349              		.cfi_startproc
 350              	.LVL21:
 508:Generated_Source\PSoC4/EZI2C_EZI2C.c ****     EZI2C_protectBuf1 = (uint16) rwBoundary;
 351              		.loc 1 508 0
 352 0000 014B     		ldr	r3, .L22
 353 0002 1880     		strh	r0, [r3]
 509:Generated_Source\PSoC4/EZI2C_EZI2C.c **** }
 354              		.loc 1 509 0
 355              		@ sp needed
 356 0004 7047     		bx	lr
 357              	.L23:
 358 0006 C046     		.align	2
 359              	.L22:
 360 0008 00000000 		.word	EZI2C_protectBuf1
 361              		.cfi_endproc
 362              	.LFE7:
 363              		.size	EZI2C_EzI2CSetReadBoundaryBuffer1, .-EZI2C_EzI2CSetReadBoundaryBuffer1
 364              		.comm	EZI2C_indexBuf1,2,2
 365              		.comm	EZI2C_offsetBuf1,1,1
 366              		.comm	EZI2C_protectBuf1,2,2
 367              		.comm	EZI2C_bufSizeBuf1,2,2
 368              		.comm	EZI2C_dataBuffer1,4,4
 369              		.comm	EZI2C_fsmState,1,1
 370              		.comm	EZI2C_curStatus,1,1
 371              		.text
 372              	.Letext0:
 373              		.file 2 "Generated_Source\\PSoC4/cytypes.h"
 374              		.file 3 "Generated_Source\\PSoC4/CyLib.h"
 375              		.section	.debug_info,"",%progbits
 376              	.Ldebug_info0:
 377 0000 43030000 		.4byte	0x343
 378 0004 0400     		.2byte	0x4
 379 0006 00000000 		.4byte	.Ldebug_abbrev0
 380 000a 04       		.byte	0x4
 381 000b 01       		.uleb128 0x1
 382 000c 3E010000 		.4byte	.LASF39
 383 0010 01       		.byte	0x1
 384 0011 05010000 		.4byte	.LASF40
 385 0015 B4000000 		.4byte	.LASF41
 386 0019 00000000 		.4byte	.Ldebug_ranges0+0
 387 001d 00000000 		.4byte	0
 388 0021 00000000 		.4byte	.Ldebug_line0
 389 0025 02       		.uleb128 0x2
 390 0026 01       		.byte	0x1
 391 0027 06       		.byte	0x6
 392 0028 39030000 		.4byte	.LASF0
 393 002c 02       		.uleb128 0x2
 394 002d 01       		.byte	0x1
 395 002e 08       		.byte	0x8
 396 002f 30010000 		.4byte	.LASF1
 397 0033 02       		.uleb128 0x2
 398 0034 02       		.byte	0x2
 399 0035 05       		.byte	0x5
 400 0036 D6020000 		.4byte	.LASF2
 401 003a 02       		.uleb128 0x2
 402 003b 02       		.byte	0x2
ARM GAS  C:\Users\Greg\AppData\Local\Temp\ccPzDNsh.s 			page 17


 403 003c 07       		.byte	0x7
 404 003d 5D000000 		.4byte	.LASF3
 405 0041 02       		.uleb128 0x2
 406 0042 04       		.byte	0x4
 407 0043 05       		.byte	0x5
 408 0044 F9020000 		.4byte	.LASF4
 409 0048 02       		.uleb128 0x2
 410 0049 04       		.byte	0x4
 411 004a 07       		.byte	0x7
 412 004b E0010000 		.4byte	.LASF5
 413 004f 02       		.uleb128 0x2
 414 0050 08       		.byte	0x8
 415 0051 05       		.byte	0x5
 416 0052 A4020000 		.4byte	.LASF6
 417 0056 02       		.uleb128 0x2
 418 0057 08       		.byte	0x8
 419 0058 07       		.byte	0x7
 420 0059 50020000 		.4byte	.LASF7
 421 005d 03       		.uleb128 0x3
 422 005e 04       		.byte	0x4
 423 005f 05       		.byte	0x5
 424 0060 696E7400 		.ascii	"int\000"
 425 0064 02       		.uleb128 0x2
 426 0065 04       		.byte	0x4
 427 0066 07       		.byte	0x7
 428 0067 3B020000 		.4byte	.LASF8
 429 006b 04       		.uleb128 0x4
 430 006c F2010000 		.4byte	.LASF9
 431 0070 02       		.byte	0x2
 432 0071 B901     		.2byte	0x1b9
 433 0073 2C000000 		.4byte	0x2c
 434 0077 04       		.uleb128 0x4
 435 0078 1B020000 		.4byte	.LASF10
 436 007c 02       		.byte	0x2
 437 007d BA01     		.2byte	0x1ba
 438 007f 3A000000 		.4byte	0x3a
 439 0083 04       		.uleb128 0x4
 440 0084 22020000 		.4byte	.LASF11
 441 0088 02       		.byte	0x2
 442 0089 BB01     		.2byte	0x1bb
 443 008b 48000000 		.4byte	0x48
 444 008f 02       		.uleb128 0x2
 445 0090 04       		.byte	0x4
 446 0091 04       		.byte	0x4
 447 0092 2A010000 		.4byte	.LASF12
 448 0096 02       		.uleb128 0x2
 449 0097 08       		.byte	0x8
 450 0098 04       		.byte	0x4
 451 0099 08020000 		.4byte	.LASF13
 452 009d 02       		.uleb128 0x2
 453 009e 01       		.byte	0x1
 454 009f 08       		.byte	0x8
 455 00a0 B2020000 		.4byte	.LASF14
 456 00a4 05       		.uleb128 0x5
 457 00a5 6B000000 		.4byte	0x6b
 458 00a9 04       		.uleb128 0x4
 459 00aa 00000000 		.4byte	.LASF15
ARM GAS  C:\Users\Greg\AppData\Local\Temp\ccPzDNsh.s 			page 18


 460 00ae 02       		.byte	0x2
 461 00af 6502     		.2byte	0x265
 462 00b1 B5000000 		.4byte	0xb5
 463 00b5 05       		.uleb128 0x5
 464 00b6 83000000 		.4byte	0x83
 465 00ba 04       		.uleb128 0x4
 466 00bb 78020000 		.4byte	.LASF16
 467 00bf 02       		.byte	0x2
 468 00c0 7502     		.2byte	0x275
 469 00c2 C6000000 		.4byte	0xc6
 470 00c6 06       		.uleb128 0x6
 471 00c7 04       		.byte	0x4
 472 00c8 CC000000 		.4byte	0xcc
 473 00cc 07       		.uleb128 0x7
 474 00cd 02       		.uleb128 0x2
 475 00ce 04       		.byte	0x4
 476 00cf 07       		.byte	0x7
 477 00d0 85020000 		.4byte	.LASF17
 478 00d4 08       		.uleb128 0x8
 479 00d5 3E000000 		.4byte	.LASF18
 480 00d9 01       		.byte	0x1
 481 00da D3       		.byte	0xd3
 482 00db 00000000 		.4byte	.LFB1
 483 00df C8000000 		.4byte	.LFE1-.LFB1
 484 00e3 01       		.uleb128 0x1
 485 00e4 9C       		.byte	0x9c
 486 00e5 24010000 		.4byte	0x124
 487 00e9 09       		.uleb128 0x9
 488 00ea 2E000000 		.4byte	.LVL0
 489 00ee F8020000 		.4byte	0x2f8
 490 00f2 FC000000 		.4byte	0xfc
 491 00f6 0A       		.uleb128 0xa
 492 00f7 01       		.uleb128 0x1
 493 00f8 50       		.byte	0x50
 494 00f9 01       		.uleb128 0x1
 495 00fa 3A       		.byte	0x3a
 496 00fb 00       		.byte	0
 497 00fc 09       		.uleb128 0x9
 498 00fd 36000000 		.4byte	.LVL1
 499 0101 09030000 		.4byte	0x309
 500 0105 14010000 		.4byte	0x114
 501 0109 0A       		.uleb128 0xa
 502 010a 01       		.uleb128 0x1
 503 010b 51       		.byte	0x51
 504 010c 01       		.uleb128 0x1
 505 010d 33       		.byte	0x33
 506 010e 0A       		.uleb128 0xa
 507 010f 01       		.uleb128 0x1
 508 0110 50       		.byte	0x50
 509 0111 01       		.uleb128 0x1
 510 0112 3A       		.byte	0x3a
 511 0113 00       		.byte	0
 512 0114 0B       		.uleb128 0xb
 513 0115 3E000000 		.4byte	.LVL2
 514 0119 1F030000 		.4byte	0x31f
 515 011d 0A       		.uleb128 0xa
 516 011e 01       		.uleb128 0x1
ARM GAS  C:\Users\Greg\AppData\Local\Temp\ccPzDNsh.s 			page 19


 517 011f 50       		.byte	0x50
 518 0120 01       		.uleb128 0x1
 519 0121 3A       		.byte	0x3a
 520 0122 00       		.byte	0
 521 0123 00       		.byte	0
 522 0124 0C       		.uleb128 0xc
 523 0125 F8010000 		.4byte	.LASF42
 524 0129 01       		.byte	0x1
 525 012a 1A01     		.2byte	0x11a
 526 012c 00000000 		.4byte	.LFB2
 527 0130 0C000000 		.4byte	.LFE2-.LFB2
 528 0134 01       		.uleb128 0x1
 529 0135 9C       		.byte	0x9c
 530 0136 0D       		.uleb128 0xd
 531 0137 0B030000 		.4byte	.LASF22
 532 013b 01       		.byte	0x1
 533 013c 4901     		.2byte	0x149
 534 013e 83000000 		.4byte	0x83
 535 0142 00000000 		.4byte	.LFB3
 536 0146 38000000 		.4byte	.LFE3-.LFB3
 537 014a 01       		.uleb128 0x1
 538 014b 9C       		.byte	0x9c
 539 014c 83010000 		.4byte	0x183
 540 0150 0E       		.uleb128 0xe
 541 0151 06000000 		.4byte	.LASF20
 542 0155 01       		.byte	0x1
 543 0156 4B01     		.2byte	0x14b
 544 0158 83000000 		.4byte	0x83
 545 015c 00000000 		.4byte	.LLST0
 546 0160 09       		.uleb128 0x9
 547 0161 08000000 		.4byte	.LVL3
 548 0165 F8020000 		.4byte	0x2f8
 549 0169 73010000 		.4byte	0x173
 550 016d 0A       		.uleb128 0xa
 551 016e 01       		.uleb128 0x1
 552 016f 50       		.byte	0x50
 553 0170 01       		.uleb128 0x1
 554 0171 3A       		.byte	0x3a
 555 0172 00       		.byte	0
 556 0173 0B       		.uleb128 0xb
 557 0174 2C000000 		.4byte	.LVL6
 558 0178 39030000 		.4byte	0x339
 559 017c 0A       		.uleb128 0xa
 560 017d 01       		.uleb128 0x1
 561 017e 50       		.byte	0x50
 562 017f 01       		.uleb128 0x1
 563 0180 3A       		.byte	0x3a
 564 0181 00       		.byte	0
 565 0182 00       		.byte	0
 566 0183 0F       		.uleb128 0xf
 567 0184 9D000000 		.4byte	.LASF19
 568 0188 01       		.byte	0x1
 569 0189 7D01     		.2byte	0x17d
 570 018b 00000000 		.4byte	.LFB4
 571 018f 18000000 		.4byte	.LFE4-.LFB4
 572 0193 01       		.uleb128 0x1
 573 0194 9C       		.byte	0x9c
ARM GAS  C:\Users\Greg\AppData\Local\Temp\ccPzDNsh.s 			page 20


 574 0195 C4010000 		.4byte	0x1c4
 575 0199 10       		.uleb128 0x10
 576 019a 48020000 		.4byte	.LASF24
 577 019e 01       		.byte	0x1
 578 019f 7D01     		.2byte	0x17d
 579 01a1 83000000 		.4byte	0x83
 580 01a5 29000000 		.4byte	.LLST1
 581 01a9 11       		.uleb128 0x11
 582 01aa 00000000 		.4byte	.LBB2
 583 01ae 10000000 		.4byte	.LBE2-.LBB2
 584 01b2 0E       		.uleb128 0xe
 585 01b3 02030000 		.4byte	.LASF21
 586 01b7 01       		.byte	0x1
 587 01b8 8801     		.2byte	0x188
 588 01ba 83000000 		.4byte	0x83
 589 01be 4A000000 		.4byte	.LLST2
 590 01c2 00       		.byte	0
 591 01c3 00       		.byte	0
 592 01c4 0D       		.uleb128 0xd
 593 01c5 22030000 		.4byte	.LASF23
 594 01c9 01       		.byte	0x1
 595 01ca A601     		.2byte	0x1a6
 596 01cc 83000000 		.4byte	0x83
 597 01d0 00000000 		.4byte	.LFB5
 598 01d4 10000000 		.4byte	.LFE5-.LFB5
 599 01d8 01       		.uleb128 0x1
 600 01d9 9C       		.byte	0x9c
 601 01da ED010000 		.4byte	0x1ed
 602 01de 12       		.uleb128 0x12
 603 01df 48020000 		.4byte	.LASF24
 604 01e3 01       		.byte	0x1
 605 01e4 A801     		.2byte	0x1a8
 606 01e6 83000000 		.4byte	0x83
 607 01ea 01       		.uleb128 0x1
 608 01eb 50       		.byte	0x50
 609 01ec 00       		.byte	0
 610 01ed 0F       		.uleb128 0xf
 611 01ee 8E020000 		.4byte	.LASF25
 612 01f2 01       		.byte	0x1
 613 01f3 D501     		.2byte	0x1d5
 614 01f5 00000000 		.4byte	.LFB6
 615 01f9 30000000 		.4byte	.LFE6-.LFB6
 616 01fd 01       		.uleb128 0x1
 617 01fe 9C       		.byte	0x9c
 618 01ff 56020000 		.4byte	0x256
 619 0203 10       		.uleb128 0x10
 620 0204 F1020000 		.4byte	.LASF26
 621 0208 01       		.byte	0x1
 622 0209 D501     		.2byte	0x1d5
 623 020b 83000000 		.4byte	0x83
 624 020f 68000000 		.4byte	.LLST3
 625 0213 10       		.uleb128 0x10
 626 0214 70000000 		.4byte	.LASF27
 627 0218 01       		.byte	0x1
 628 0219 D501     		.2byte	0x1d5
 629 021b 83000000 		.4byte	0x83
 630 021f 94000000 		.4byte	.LLST4
ARM GAS  C:\Users\Greg\AppData\Local\Temp\ccPzDNsh.s 			page 21


 631 0223 10       		.uleb128 0x10
 632 0224 45030000 		.4byte	.LASF28
 633 0228 01       		.byte	0x1
 634 0229 D501     		.2byte	0x1d5
 635 022b 56020000 		.4byte	0x256
 636 022f C0000000 		.4byte	.LLST5
 637 0233 09       		.uleb128 0x9
 638 0234 10000000 		.4byte	.LVL16
 639 0238 F8020000 		.4byte	0x2f8
 640 023c 46020000 		.4byte	0x246
 641 0240 0A       		.uleb128 0xa
 642 0241 01       		.uleb128 0x1
 643 0242 50       		.byte	0x50
 644 0243 01       		.uleb128 0x1
 645 0244 3A       		.byte	0x3a
 646 0245 00       		.byte	0
 647 0246 0B       		.uleb128 0xb
 648 0247 22000000 		.4byte	.LVL17
 649 024b 39030000 		.4byte	0x339
 650 024f 0A       		.uleb128 0xa
 651 0250 01       		.uleb128 0x1
 652 0251 50       		.byte	0x50
 653 0252 01       		.uleb128 0x1
 654 0253 3A       		.byte	0x3a
 655 0254 00       		.byte	0
 656 0255 00       		.byte	0
 657 0256 06       		.uleb128 0x6
 658 0257 04       		.byte	0x4
 659 0258 A4000000 		.4byte	0xa4
 660 025c 0F       		.uleb128 0xf
 661 025d 7B000000 		.4byte	.LASF29
 662 0261 01       		.byte	0x1
 663 0262 FA01     		.2byte	0x1fa
 664 0264 00000000 		.4byte	.LFB7
 665 0268 0C000000 		.4byte	.LFE7-.LFB7
 666 026c 01       		.uleb128 0x1
 667 026d 9C       		.byte	0x9c
 668 026e 81020000 		.4byte	0x281
 669 0272 13       		.uleb128 0x13
 670 0273 70000000 		.4byte	.LASF27
 671 0277 01       		.byte	0x1
 672 0278 FA01     		.2byte	0x1fa
 673 027a 83000000 		.4byte	0x83
 674 027e 01       		.uleb128 0x1
 675 027f 50       		.byte	0x50
 676 0280 00       		.byte	0
 677 0281 14       		.uleb128 0x14
 678 0282 0D000000 		.4byte	.LASF30
 679 0286 01       		.byte	0x1
 680 0287 1B       		.byte	0x1b
 681 0288 A4000000 		.4byte	0xa4
 682 028c 05       		.uleb128 0x5
 683 028d 03       		.byte	0x3
 684 028e 00000000 		.4byte	EZI2C_curStatus
 685 0292 14       		.uleb128 0x14
 686 0293 4E000000 		.4byte	.LASF31
 687 0297 01       		.byte	0x1
ARM GAS  C:\Users\Greg\AppData\Local\Temp\ccPzDNsh.s 			page 22


 688 0298 1C       		.byte	0x1c
 689 0299 6B000000 		.4byte	0x6b
 690 029d 05       		.uleb128 0x5
 691 029e 03       		.byte	0x3
 692 029f 00000000 		.4byte	EZI2C_fsmState
 693 02a3 14       		.uleb128 0x14
 694 02a4 B7020000 		.4byte	.LASF32
 695 02a8 01       		.byte	0x1
 696 02a9 1F       		.byte	0x1f
 697 02aa 56020000 		.4byte	0x256
 698 02ae 05       		.uleb128 0x5
 699 02af 03       		.byte	0x3
 700 02b0 00000000 		.4byte	EZI2C_dataBuffer1
 701 02b4 14       		.uleb128 0x14
 702 02b5 2C000000 		.4byte	.LASF33
 703 02b9 01       		.byte	0x1
 704 02ba 20       		.byte	0x20
 705 02bb 77000000 		.4byte	0x77
 706 02bf 05       		.uleb128 0x5
 707 02c0 03       		.byte	0x3
 708 02c1 00000000 		.4byte	EZI2C_bufSizeBuf1
 709 02c5 14       		.uleb128 0x14
 710 02c6 29020000 		.4byte	.LASF34
 711 02ca 01       		.byte	0x1
 712 02cb 21       		.byte	0x21
 713 02cc 77000000 		.4byte	0x77
 714 02d0 05       		.uleb128 0x5
 715 02d1 03       		.byte	0x3
 716 02d2 00000000 		.4byte	EZI2C_protectBuf1
 717 02d6 14       		.uleb128 0x14
 718 02d7 E0020000 		.4byte	.LASF35
 719 02db 01       		.byte	0x1
 720 02dc 22       		.byte	0x22
 721 02dd 6B000000 		.4byte	0x6b
 722 02e1 05       		.uleb128 0x5
 723 02e2 03       		.byte	0x3
 724 02e3 00000000 		.4byte	EZI2C_offsetBuf1
 725 02e7 14       		.uleb128 0x14
 726 02e8 D0010000 		.4byte	.LASF36
 727 02ec 01       		.byte	0x1
 728 02ed 23       		.byte	0x23
 729 02ee 77000000 		.4byte	0x77
 730 02f2 05       		.uleb128 0x5
 731 02f3 03       		.byte	0x3
 732 02f4 00000000 		.4byte	EZI2C_indexBuf1
 733 02f8 15       		.uleb128 0x15
 734 02f9 C9020000 		.4byte	.LASF37
 735 02fd 03       		.byte	0x3
 736 02fe C5       		.byte	0xc5
 737 02ff 09030000 		.4byte	0x309
 738 0303 16       		.uleb128 0x16
 739 0304 6B000000 		.4byte	0x6b
 740 0308 00       		.byte	0
 741 0309 15       		.uleb128 0x15
 742 030a 67020000 		.4byte	.LASF38
 743 030e 03       		.byte	0x3
 744 030f C0       		.byte	0xc0
ARM GAS  C:\Users\Greg\AppData\Local\Temp\ccPzDNsh.s 			page 23


 745 0310 1F030000 		.4byte	0x31f
 746 0314 16       		.uleb128 0x16
 747 0315 6B000000 		.4byte	0x6b
 748 0319 16       		.uleb128 0x16
 749 031a 6B000000 		.4byte	0x6b
 750 031e 00       		.byte	0
 751 031f 17       		.uleb128 0x17
 752 0320 1D000000 		.4byte	.LASF43
 753 0324 03       		.byte	0x3
 754 0325 BD       		.byte	0xbd
 755 0326 BA000000 		.4byte	0xba
 756 032a 39030000 		.4byte	0x339
 757 032e 16       		.uleb128 0x16
 758 032f 6B000000 		.4byte	0x6b
 759 0333 16       		.uleb128 0x16
 760 0334 BA000000 		.4byte	0xba
 761 0338 00       		.byte	0
 762 0339 18       		.uleb128 0x18
 763 033a 0F020000 		.4byte	.LASF44
 764 033e 03       		.byte	0x3
 765 033f C3       		.byte	0xc3
 766 0340 16       		.uleb128 0x16
 767 0341 6B000000 		.4byte	0x6b
 768 0345 00       		.byte	0
 769 0346 00       		.byte	0
 770              		.section	.debug_abbrev,"",%progbits
 771              	.Ldebug_abbrev0:
 772 0000 01       		.uleb128 0x1
 773 0001 11       		.uleb128 0x11
 774 0002 01       		.byte	0x1
 775 0003 25       		.uleb128 0x25
 776 0004 0E       		.uleb128 0xe
 777 0005 13       		.uleb128 0x13
 778 0006 0B       		.uleb128 0xb
 779 0007 03       		.uleb128 0x3
 780 0008 0E       		.uleb128 0xe
 781 0009 1B       		.uleb128 0x1b
 782 000a 0E       		.uleb128 0xe
 783 000b 55       		.uleb128 0x55
 784 000c 17       		.uleb128 0x17
 785 000d 11       		.uleb128 0x11
 786 000e 01       		.uleb128 0x1
 787 000f 10       		.uleb128 0x10
 788 0010 17       		.uleb128 0x17
 789 0011 00       		.byte	0
 790 0012 00       		.byte	0
 791 0013 02       		.uleb128 0x2
 792 0014 24       		.uleb128 0x24
 793 0015 00       		.byte	0
 794 0016 0B       		.uleb128 0xb
 795 0017 0B       		.uleb128 0xb
 796 0018 3E       		.uleb128 0x3e
 797 0019 0B       		.uleb128 0xb
 798 001a 03       		.uleb128 0x3
 799 001b 0E       		.uleb128 0xe
 800 001c 00       		.byte	0
 801 001d 00       		.byte	0
ARM GAS  C:\Users\Greg\AppData\Local\Temp\ccPzDNsh.s 			page 24


 802 001e 03       		.uleb128 0x3
 803 001f 24       		.uleb128 0x24
 804 0020 00       		.byte	0
 805 0021 0B       		.uleb128 0xb
 806 0022 0B       		.uleb128 0xb
 807 0023 3E       		.uleb128 0x3e
 808 0024 0B       		.uleb128 0xb
 809 0025 03       		.uleb128 0x3
 810 0026 08       		.uleb128 0x8
 811 0027 00       		.byte	0
 812 0028 00       		.byte	0
 813 0029 04       		.uleb128 0x4
 814 002a 16       		.uleb128 0x16
 815 002b 00       		.byte	0
 816 002c 03       		.uleb128 0x3
 817 002d 0E       		.uleb128 0xe
 818 002e 3A       		.uleb128 0x3a
 819 002f 0B       		.uleb128 0xb
 820 0030 3B       		.uleb128 0x3b
 821 0031 05       		.uleb128 0x5
 822 0032 49       		.uleb128 0x49
 823 0033 13       		.uleb128 0x13
 824 0034 00       		.byte	0
 825 0035 00       		.byte	0
 826 0036 05       		.uleb128 0x5
 827 0037 35       		.uleb128 0x35
 828 0038 00       		.byte	0
 829 0039 49       		.uleb128 0x49
 830 003a 13       		.uleb128 0x13
 831 003b 00       		.byte	0
 832 003c 00       		.byte	0
 833 003d 06       		.uleb128 0x6
 834 003e 0F       		.uleb128 0xf
 835 003f 00       		.byte	0
 836 0040 0B       		.uleb128 0xb
 837 0041 0B       		.uleb128 0xb
 838 0042 49       		.uleb128 0x49
 839 0043 13       		.uleb128 0x13
 840 0044 00       		.byte	0
 841 0045 00       		.byte	0
 842 0046 07       		.uleb128 0x7
 843 0047 15       		.uleb128 0x15
 844 0048 00       		.byte	0
 845 0049 27       		.uleb128 0x27
 846 004a 19       		.uleb128 0x19
 847 004b 00       		.byte	0
 848 004c 00       		.byte	0
 849 004d 08       		.uleb128 0x8
 850 004e 2E       		.uleb128 0x2e
 851 004f 01       		.byte	0x1
 852 0050 3F       		.uleb128 0x3f
 853 0051 19       		.uleb128 0x19
 854 0052 03       		.uleb128 0x3
 855 0053 0E       		.uleb128 0xe
 856 0054 3A       		.uleb128 0x3a
 857 0055 0B       		.uleb128 0xb
 858 0056 3B       		.uleb128 0x3b
ARM GAS  C:\Users\Greg\AppData\Local\Temp\ccPzDNsh.s 			page 25


 859 0057 0B       		.uleb128 0xb
 860 0058 27       		.uleb128 0x27
 861 0059 19       		.uleb128 0x19
 862 005a 11       		.uleb128 0x11
 863 005b 01       		.uleb128 0x1
 864 005c 12       		.uleb128 0x12
 865 005d 06       		.uleb128 0x6
 866 005e 40       		.uleb128 0x40
 867 005f 18       		.uleb128 0x18
 868 0060 9742     		.uleb128 0x2117
 869 0062 19       		.uleb128 0x19
 870 0063 01       		.uleb128 0x1
 871 0064 13       		.uleb128 0x13
 872 0065 00       		.byte	0
 873 0066 00       		.byte	0
 874 0067 09       		.uleb128 0x9
 875 0068 898201   		.uleb128 0x4109
 876 006b 01       		.byte	0x1
 877 006c 11       		.uleb128 0x11
 878 006d 01       		.uleb128 0x1
 879 006e 31       		.uleb128 0x31
 880 006f 13       		.uleb128 0x13
 881 0070 01       		.uleb128 0x1
 882 0071 13       		.uleb128 0x13
 883 0072 00       		.byte	0
 884 0073 00       		.byte	0
 885 0074 0A       		.uleb128 0xa
 886 0075 8A8201   		.uleb128 0x410a
 887 0078 00       		.byte	0
 888 0079 02       		.uleb128 0x2
 889 007a 18       		.uleb128 0x18
 890 007b 9142     		.uleb128 0x2111
 891 007d 18       		.uleb128 0x18
 892 007e 00       		.byte	0
 893 007f 00       		.byte	0
 894 0080 0B       		.uleb128 0xb
 895 0081 898201   		.uleb128 0x4109
 896 0084 01       		.byte	0x1
 897 0085 11       		.uleb128 0x11
 898 0086 01       		.uleb128 0x1
 899 0087 31       		.uleb128 0x31
 900 0088 13       		.uleb128 0x13
 901 0089 00       		.byte	0
 902 008a 00       		.byte	0
 903 008b 0C       		.uleb128 0xc
 904 008c 2E       		.uleb128 0x2e
 905 008d 00       		.byte	0
 906 008e 3F       		.uleb128 0x3f
 907 008f 19       		.uleb128 0x19
 908 0090 03       		.uleb128 0x3
 909 0091 0E       		.uleb128 0xe
 910 0092 3A       		.uleb128 0x3a
 911 0093 0B       		.uleb128 0xb
 912 0094 3B       		.uleb128 0x3b
 913 0095 05       		.uleb128 0x5
 914 0096 27       		.uleb128 0x27
 915 0097 19       		.uleb128 0x19
ARM GAS  C:\Users\Greg\AppData\Local\Temp\ccPzDNsh.s 			page 26


 916 0098 11       		.uleb128 0x11
 917 0099 01       		.uleb128 0x1
 918 009a 12       		.uleb128 0x12
 919 009b 06       		.uleb128 0x6
 920 009c 40       		.uleb128 0x40
 921 009d 18       		.uleb128 0x18
 922 009e 9742     		.uleb128 0x2117
 923 00a0 19       		.uleb128 0x19
 924 00a1 00       		.byte	0
 925 00a2 00       		.byte	0
 926 00a3 0D       		.uleb128 0xd
 927 00a4 2E       		.uleb128 0x2e
 928 00a5 01       		.byte	0x1
 929 00a6 3F       		.uleb128 0x3f
 930 00a7 19       		.uleb128 0x19
 931 00a8 03       		.uleb128 0x3
 932 00a9 0E       		.uleb128 0xe
 933 00aa 3A       		.uleb128 0x3a
 934 00ab 0B       		.uleb128 0xb
 935 00ac 3B       		.uleb128 0x3b
 936 00ad 05       		.uleb128 0x5
 937 00ae 27       		.uleb128 0x27
 938 00af 19       		.uleb128 0x19
 939 00b0 49       		.uleb128 0x49
 940 00b1 13       		.uleb128 0x13
 941 00b2 11       		.uleb128 0x11
 942 00b3 01       		.uleb128 0x1
 943 00b4 12       		.uleb128 0x12
 944 00b5 06       		.uleb128 0x6
 945 00b6 40       		.uleb128 0x40
 946 00b7 18       		.uleb128 0x18
 947 00b8 9742     		.uleb128 0x2117
 948 00ba 19       		.uleb128 0x19
 949 00bb 01       		.uleb128 0x1
 950 00bc 13       		.uleb128 0x13
 951 00bd 00       		.byte	0
 952 00be 00       		.byte	0
 953 00bf 0E       		.uleb128 0xe
 954 00c0 34       		.uleb128 0x34
 955 00c1 00       		.byte	0
 956 00c2 03       		.uleb128 0x3
 957 00c3 0E       		.uleb128 0xe
 958 00c4 3A       		.uleb128 0x3a
 959 00c5 0B       		.uleb128 0xb
 960 00c6 3B       		.uleb128 0x3b
 961 00c7 05       		.uleb128 0x5
 962 00c8 49       		.uleb128 0x49
 963 00c9 13       		.uleb128 0x13
 964 00ca 02       		.uleb128 0x2
 965 00cb 17       		.uleb128 0x17
 966 00cc 00       		.byte	0
 967 00cd 00       		.byte	0
 968 00ce 0F       		.uleb128 0xf
 969 00cf 2E       		.uleb128 0x2e
 970 00d0 01       		.byte	0x1
 971 00d1 3F       		.uleb128 0x3f
 972 00d2 19       		.uleb128 0x19
ARM GAS  C:\Users\Greg\AppData\Local\Temp\ccPzDNsh.s 			page 27


 973 00d3 03       		.uleb128 0x3
 974 00d4 0E       		.uleb128 0xe
 975 00d5 3A       		.uleb128 0x3a
 976 00d6 0B       		.uleb128 0xb
 977 00d7 3B       		.uleb128 0x3b
 978 00d8 05       		.uleb128 0x5
 979 00d9 27       		.uleb128 0x27
 980 00da 19       		.uleb128 0x19
 981 00db 11       		.uleb128 0x11
 982 00dc 01       		.uleb128 0x1
 983 00dd 12       		.uleb128 0x12
 984 00de 06       		.uleb128 0x6
 985 00df 40       		.uleb128 0x40
 986 00e0 18       		.uleb128 0x18
 987 00e1 9742     		.uleb128 0x2117
 988 00e3 19       		.uleb128 0x19
 989 00e4 01       		.uleb128 0x1
 990 00e5 13       		.uleb128 0x13
 991 00e6 00       		.byte	0
 992 00e7 00       		.byte	0
 993 00e8 10       		.uleb128 0x10
 994 00e9 05       		.uleb128 0x5
 995 00ea 00       		.byte	0
 996 00eb 03       		.uleb128 0x3
 997 00ec 0E       		.uleb128 0xe
 998 00ed 3A       		.uleb128 0x3a
 999 00ee 0B       		.uleb128 0xb
 1000 00ef 3B       		.uleb128 0x3b
 1001 00f0 05       		.uleb128 0x5
 1002 00f1 49       		.uleb128 0x49
 1003 00f2 13       		.uleb128 0x13
 1004 00f3 02       		.uleb128 0x2
 1005 00f4 17       		.uleb128 0x17
 1006 00f5 00       		.byte	0
 1007 00f6 00       		.byte	0
 1008 00f7 11       		.uleb128 0x11
 1009 00f8 0B       		.uleb128 0xb
 1010 00f9 01       		.byte	0x1
 1011 00fa 11       		.uleb128 0x11
 1012 00fb 01       		.uleb128 0x1
 1013 00fc 12       		.uleb128 0x12
 1014 00fd 06       		.uleb128 0x6
 1015 00fe 00       		.byte	0
 1016 00ff 00       		.byte	0
 1017 0100 12       		.uleb128 0x12
 1018 0101 34       		.uleb128 0x34
 1019 0102 00       		.byte	0
 1020 0103 03       		.uleb128 0x3
 1021 0104 0E       		.uleb128 0xe
 1022 0105 3A       		.uleb128 0x3a
 1023 0106 0B       		.uleb128 0xb
 1024 0107 3B       		.uleb128 0x3b
 1025 0108 05       		.uleb128 0x5
 1026 0109 49       		.uleb128 0x49
 1027 010a 13       		.uleb128 0x13
 1028 010b 02       		.uleb128 0x2
 1029 010c 18       		.uleb128 0x18
ARM GAS  C:\Users\Greg\AppData\Local\Temp\ccPzDNsh.s 			page 28


 1030 010d 00       		.byte	0
 1031 010e 00       		.byte	0
 1032 010f 13       		.uleb128 0x13
 1033 0110 05       		.uleb128 0x5
 1034 0111 00       		.byte	0
 1035 0112 03       		.uleb128 0x3
 1036 0113 0E       		.uleb128 0xe
 1037 0114 3A       		.uleb128 0x3a
 1038 0115 0B       		.uleb128 0xb
 1039 0116 3B       		.uleb128 0x3b
 1040 0117 05       		.uleb128 0x5
 1041 0118 49       		.uleb128 0x49
 1042 0119 13       		.uleb128 0x13
 1043 011a 02       		.uleb128 0x2
 1044 011b 18       		.uleb128 0x18
 1045 011c 00       		.byte	0
 1046 011d 00       		.byte	0
 1047 011e 14       		.uleb128 0x14
 1048 011f 34       		.uleb128 0x34
 1049 0120 00       		.byte	0
 1050 0121 03       		.uleb128 0x3
 1051 0122 0E       		.uleb128 0xe
 1052 0123 3A       		.uleb128 0x3a
 1053 0124 0B       		.uleb128 0xb
 1054 0125 3B       		.uleb128 0x3b
 1055 0126 0B       		.uleb128 0xb
 1056 0127 49       		.uleb128 0x49
 1057 0128 13       		.uleb128 0x13
 1058 0129 3F       		.uleb128 0x3f
 1059 012a 19       		.uleb128 0x19
 1060 012b 02       		.uleb128 0x2
 1061 012c 18       		.uleb128 0x18
 1062 012d 00       		.byte	0
 1063 012e 00       		.byte	0
 1064 012f 15       		.uleb128 0x15
 1065 0130 2E       		.uleb128 0x2e
 1066 0131 01       		.byte	0x1
 1067 0132 3F       		.uleb128 0x3f
 1068 0133 19       		.uleb128 0x19
 1069 0134 03       		.uleb128 0x3
 1070 0135 0E       		.uleb128 0xe
 1071 0136 3A       		.uleb128 0x3a
 1072 0137 0B       		.uleb128 0xb
 1073 0138 3B       		.uleb128 0x3b
 1074 0139 0B       		.uleb128 0xb
 1075 013a 27       		.uleb128 0x27
 1076 013b 19       		.uleb128 0x19
 1077 013c 3C       		.uleb128 0x3c
 1078 013d 19       		.uleb128 0x19
 1079 013e 01       		.uleb128 0x1
 1080 013f 13       		.uleb128 0x13
 1081 0140 00       		.byte	0
 1082 0141 00       		.byte	0
 1083 0142 16       		.uleb128 0x16
 1084 0143 05       		.uleb128 0x5
 1085 0144 00       		.byte	0
 1086 0145 49       		.uleb128 0x49
ARM GAS  C:\Users\Greg\AppData\Local\Temp\ccPzDNsh.s 			page 29


 1087 0146 13       		.uleb128 0x13
 1088 0147 00       		.byte	0
 1089 0148 00       		.byte	0
 1090 0149 17       		.uleb128 0x17
 1091 014a 2E       		.uleb128 0x2e
 1092 014b 01       		.byte	0x1
 1093 014c 3F       		.uleb128 0x3f
 1094 014d 19       		.uleb128 0x19
 1095 014e 03       		.uleb128 0x3
 1096 014f 0E       		.uleb128 0xe
 1097 0150 3A       		.uleb128 0x3a
 1098 0151 0B       		.uleb128 0xb
 1099 0152 3B       		.uleb128 0x3b
 1100 0153 0B       		.uleb128 0xb
 1101 0154 27       		.uleb128 0x27
 1102 0155 19       		.uleb128 0x19
 1103 0156 49       		.uleb128 0x49
 1104 0157 13       		.uleb128 0x13
 1105 0158 3C       		.uleb128 0x3c
 1106 0159 19       		.uleb128 0x19
 1107 015a 01       		.uleb128 0x1
 1108 015b 13       		.uleb128 0x13
 1109 015c 00       		.byte	0
 1110 015d 00       		.byte	0
 1111 015e 18       		.uleb128 0x18
 1112 015f 2E       		.uleb128 0x2e
 1113 0160 01       		.byte	0x1
 1114 0161 3F       		.uleb128 0x3f
 1115 0162 19       		.uleb128 0x19
 1116 0163 03       		.uleb128 0x3
 1117 0164 0E       		.uleb128 0xe
 1118 0165 3A       		.uleb128 0x3a
 1119 0166 0B       		.uleb128 0xb
 1120 0167 3B       		.uleb128 0x3b
 1121 0168 0B       		.uleb128 0xb
 1122 0169 27       		.uleb128 0x27
 1123 016a 19       		.uleb128 0x19
 1124 016b 3C       		.uleb128 0x3c
 1125 016c 19       		.uleb128 0x19
 1126 016d 00       		.byte	0
 1127 016e 00       		.byte	0
 1128 016f 00       		.byte	0
 1129              		.section	.debug_loc,"",%progbits
 1130              	.Ldebug_loc0:
 1131              	.LLST0:
 1132 0000 0E000000 		.4byte	.LVL4
 1133 0004 1C000000 		.4byte	.LVL5
 1134 0008 0100     		.2byte	0x1
 1135 000a 53       		.byte	0x53
 1136 000b 1C000000 		.4byte	.LVL5
 1137 000f 2E000000 		.4byte	.LVL7
 1138 0013 0100     		.2byte	0x1
 1139 0015 54       		.byte	0x54
 1140 0016 2E000000 		.4byte	.LVL7
 1141 001a 38000000 		.4byte	.LFE3
 1142 001e 0100     		.2byte	0x1
 1143 0020 50       		.byte	0x50
ARM GAS  C:\Users\Greg\AppData\Local\Temp\ccPzDNsh.s 			page 30


 1144 0021 00000000 		.4byte	0
 1145 0025 00000000 		.4byte	0
 1146              	.LLST1:
 1147 0029 00000000 		.4byte	.LVL8
 1148 002d 0A000000 		.4byte	.LVL11
 1149 0031 0100     		.2byte	0x1
 1150 0033 50       		.byte	0x50
 1151 0034 0A000000 		.4byte	.LVL11
 1152 0038 18000000 		.4byte	.LFE4
 1153 003c 0400     		.2byte	0x4
 1154 003e F3       		.byte	0xf3
 1155 003f 01       		.uleb128 0x1
 1156 0040 50       		.byte	0x50
 1157 0041 9F       		.byte	0x9f
 1158 0042 00000000 		.4byte	0
 1159 0046 00000000 		.4byte	0
 1160              	.LLST2:
 1161 004a 04000000 		.4byte	.LVL9
 1162 004e 0E000000 		.4byte	.LVL12
 1163 0052 0100     		.2byte	0x1
 1164 0054 53       		.byte	0x53
 1165 0055 0E000000 		.4byte	.LVL12
 1166 0059 18000000 		.4byte	.LFE4
 1167 005d 0100     		.2byte	0x1
 1168 005f 50       		.byte	0x50
 1169 0060 00000000 		.4byte	0
 1170 0064 00000000 		.4byte	0
 1171              	.LLST3:
 1172 0068 00000000 		.4byte	.LVL14
 1173 006c 0C000000 		.4byte	.LVL15
 1174 0070 0100     		.2byte	0x1
 1175 0072 50       		.byte	0x50
 1176 0073 0C000000 		.4byte	.LVL15
 1177 0077 22000000 		.4byte	.LVL20
 1178 007b 0100     		.2byte	0x1
 1179 007d 56       		.byte	0x56
 1180 007e 22000000 		.4byte	.LVL20
 1181 0082 30000000 		.4byte	.LFE6
 1182 0086 0400     		.2byte	0x4
 1183 0088 F3       		.byte	0xf3
 1184 0089 01       		.uleb128 0x1
 1185 008a 50       		.byte	0x50
 1186 008b 9F       		.byte	0x9f
 1187 008c 00000000 		.4byte	0
 1188 0090 00000000 		.4byte	0
 1189              	.LLST4:
 1190 0094 00000000 		.4byte	.LVL14
 1191 0098 0F000000 		.4byte	.LVL16-1
 1192 009c 0100     		.2byte	0x1
 1193 009e 51       		.byte	0x51
 1194 009f 0F000000 		.4byte	.LVL16-1
 1195 00a3 22000000 		.4byte	.LVL19
 1196 00a7 0100     		.2byte	0x1
 1197 00a9 55       		.byte	0x55
 1198 00aa 22000000 		.4byte	.LVL19
 1199 00ae 30000000 		.4byte	.LFE6
 1200 00b2 0400     		.2byte	0x4
ARM GAS  C:\Users\Greg\AppData\Local\Temp\ccPzDNsh.s 			page 31


 1201 00b4 F3       		.byte	0xf3
 1202 00b5 01       		.uleb128 0x1
 1203 00b6 51       		.byte	0x51
 1204 00b7 9F       		.byte	0x9f
 1205 00b8 00000000 		.4byte	0
 1206 00bc 00000000 		.4byte	0
 1207              	.LLST5:
 1208 00c0 00000000 		.4byte	.LVL14
 1209 00c4 0F000000 		.4byte	.LVL16-1
 1210 00c8 0100     		.2byte	0x1
 1211 00ca 52       		.byte	0x52
 1212 00cb 0F000000 		.4byte	.LVL16-1
 1213 00cf 22000000 		.4byte	.LVL18
 1214 00d3 0100     		.2byte	0x1
 1215 00d5 54       		.byte	0x54
 1216 00d6 22000000 		.4byte	.LVL18
 1217 00da 30000000 		.4byte	.LFE6
 1218 00de 0400     		.2byte	0x4
 1219 00e0 F3       		.byte	0xf3
 1220 00e1 01       		.uleb128 0x1
 1221 00e2 52       		.byte	0x52
 1222 00e3 9F       		.byte	0x9f
 1223 00e4 00000000 		.4byte	0
 1224 00e8 00000000 		.4byte	0
 1225              		.section	.debug_aranges,"",%progbits
 1226 0000 4C000000 		.4byte	0x4c
 1227 0004 0200     		.2byte	0x2
 1228 0006 00000000 		.4byte	.Ldebug_info0
 1229 000a 04       		.byte	0x4
 1230 000b 00       		.byte	0
 1231 000c 0000     		.2byte	0
 1232 000e 0000     		.2byte	0
 1233 0010 00000000 		.4byte	.LFB1
 1234 0014 C8000000 		.4byte	.LFE1-.LFB1
 1235 0018 00000000 		.4byte	.LFB2
 1236 001c 0C000000 		.4byte	.LFE2-.LFB2
 1237 0020 00000000 		.4byte	.LFB3
 1238 0024 38000000 		.4byte	.LFE3-.LFB3
 1239 0028 00000000 		.4byte	.LFB4
 1240 002c 18000000 		.4byte	.LFE4-.LFB4
 1241 0030 00000000 		.4byte	.LFB5
 1242 0034 10000000 		.4byte	.LFE5-.LFB5
 1243 0038 00000000 		.4byte	.LFB6
 1244 003c 30000000 		.4byte	.LFE6-.LFB6
 1245 0040 00000000 		.4byte	.LFB7
 1246 0044 0C000000 		.4byte	.LFE7-.LFB7
 1247 0048 00000000 		.4byte	0
 1248 004c 00000000 		.4byte	0
 1249              		.section	.debug_ranges,"",%progbits
 1250              	.Ldebug_ranges0:
 1251 0000 00000000 		.4byte	.LFB1
 1252 0004 C8000000 		.4byte	.LFE1
 1253 0008 00000000 		.4byte	.LFB2
 1254 000c 0C000000 		.4byte	.LFE2
 1255 0010 00000000 		.4byte	.LFB3
 1256 0014 38000000 		.4byte	.LFE3
 1257 0018 00000000 		.4byte	.LFB4
ARM GAS  C:\Users\Greg\AppData\Local\Temp\ccPzDNsh.s 			page 32


 1258 001c 18000000 		.4byte	.LFE4
 1259 0020 00000000 		.4byte	.LFB5
 1260 0024 10000000 		.4byte	.LFE5
 1261 0028 00000000 		.4byte	.LFB6
 1262 002c 30000000 		.4byte	.LFE6
 1263 0030 00000000 		.4byte	.LFB7
 1264 0034 0C000000 		.4byte	.LFE7
 1265 0038 00000000 		.4byte	0
 1266 003c 00000000 		.4byte	0
 1267              		.section	.debug_line,"",%progbits
 1268              	.Ldebug_line0:
 1269 0000 10010000 		.section	.debug_str,"MS",%progbits,1
 1269      02005300 
 1269      00000201 
 1269      FB0E0D00 
 1269      01010101 
 1270              	.LASF15:
 1271 0000 72656733 		.ascii	"reg32\000"
 1271      3200
 1272              	.LASF20:
 1273 0006 73746174 		.ascii	"status\000"
 1273      757300
 1274              	.LASF30:
 1275 000d 455A4932 		.ascii	"EZI2C_curStatus\000"
 1275      435F6375 
 1275      72537461 
 1275      74757300 
 1276              	.LASF43:
 1277 001d 4379496E 		.ascii	"CyIntSetVector\000"
 1277      74536574 
 1277      56656374 
 1277      6F7200
 1278              	.LASF33:
 1279 002c 455A4932 		.ascii	"EZI2C_bufSizeBuf1\000"
 1279      435F6275 
 1279      6653697A 
 1279      65427566 
 1279      3100
 1280              	.LASF18:
 1281 003e 455A4932 		.ascii	"EZI2C_EzI2CInit\000"
 1281      435F457A 
 1281      49324349 
 1281      6E697400 
 1282              	.LASF31:
 1283 004e 455A4932 		.ascii	"EZI2C_fsmState\000"
 1283      435F6673 
 1283      6D537461 
 1283      746500
 1284              	.LASF3:
 1285 005d 73686F72 		.ascii	"short unsigned int\000"
 1285      7420756E 
 1285      7369676E 
 1285      65642069 
 1285      6E7400
 1286              	.LASF27:
 1287 0070 7277426F 		.ascii	"rwBoundary\000"
 1287      756E6461 
ARM GAS  C:\Users\Greg\AppData\Local\Temp\ccPzDNsh.s 			page 33


 1287      727900
 1288              	.LASF29:
 1289 007b 455A4932 		.ascii	"EZI2C_EzI2CSetReadBoundaryBuffer1\000"
 1289      435F457A 
 1289      49324353 
 1289      65745265 
 1289      6164426F 
 1290              	.LASF19:
 1291 009d 455A4932 		.ascii	"EZI2C_EzI2CSetAddress1\000"
 1291      435F457A 
 1291      49324353 
 1291      65744164 
 1291      64726573 
 1292              	.LASF41:
 1293 00b4 433A5C47 		.ascii	"C:\\Git\\WA101\\projects\\PSoC\\WW101_AnalogCoProce"
 1293      69745C57 
 1293      41313031 
 1293      5C70726F 
 1293      6A656374 
 1294 00e2 73736F72 		.ascii	"ssor\\WW101_AnalogCoProcessor.cydsn\000"
 1294      5C575731 
 1294      30315F41 
 1294      6E616C6F 
 1294      67436F50 
 1295              	.LASF40:
 1296 0105 47656E65 		.ascii	"Generated_Source\\PSoC4\\EZI2C_EZI2C.c\000"
 1296      72617465 
 1296      645F536F 
 1296      75726365 
 1296      5C50536F 
 1297              	.LASF12:
 1298 012a 666C6F61 		.ascii	"float\000"
 1298      7400
 1299              	.LASF1:
 1300 0130 756E7369 		.ascii	"unsigned char\000"
 1300      676E6564 
 1300      20636861 
 1300      7200
 1301              	.LASF39:
 1302 013e 474E5520 		.ascii	"GNU C 4.9.3 20150303 (release) [ARM/embedded-4_9-br"
 1302      4320342E 
 1302      392E3320 
 1302      32303135 
 1302      30333033 
 1303 0171 616E6368 		.ascii	"anch revision 221220] -mcpu=cortex-m0plus -mthumb -"
 1303      20726576 
 1303      6973696F 
 1303      6E203232 
 1303      31323230 
 1304 01a4 67202D4F 		.ascii	"g -Og -ffunction-sections -ffat-lto-objects\000"
 1304      67202D66 
 1304      66756E63 
 1304      74696F6E 
 1304      2D736563 
 1305              	.LASF36:
 1306 01d0 455A4932 		.ascii	"EZI2C_indexBuf1\000"
 1306      435F696E 
ARM GAS  C:\Users\Greg\AppData\Local\Temp\ccPzDNsh.s 			page 34


 1306      64657842 
 1306      75663100 
 1307              	.LASF5:
 1308 01e0 6C6F6E67 		.ascii	"long unsigned int\000"
 1308      20756E73 
 1308      69676E65 
 1308      6420696E 
 1308      7400
 1309              	.LASF9:
 1310 01f2 75696E74 		.ascii	"uint8\000"
 1310      3800
 1311              	.LASF42:
 1312 01f8 455A4932 		.ascii	"EZI2C_EzI2CStop\000"
 1312      435F457A 
 1312      49324353 
 1312      746F7000 
 1313              	.LASF13:
 1314 0208 646F7562 		.ascii	"double\000"
 1314      6C6500
 1315              	.LASF44:
 1316 020f 4379496E 		.ascii	"CyIntEnable\000"
 1316      74456E61 
 1316      626C6500 
 1317              	.LASF10:
 1318 021b 75696E74 		.ascii	"uint16\000"
 1318      313600
 1319              	.LASF11:
 1320 0222 75696E74 		.ascii	"uint32\000"
 1320      333200
 1321              	.LASF34:
 1322 0229 455A4932 		.ascii	"EZI2C_protectBuf1\000"
 1322      435F7072 
 1322      6F746563 
 1322      74427566 
 1322      3100
 1323              	.LASF8:
 1324 023b 756E7369 		.ascii	"unsigned int\000"
 1324      676E6564 
 1324      20696E74 
 1324      00
 1325              	.LASF24:
 1326 0248 61646472 		.ascii	"address\000"
 1326      65737300 
 1327              	.LASF7:
 1328 0250 6C6F6E67 		.ascii	"long long unsigned int\000"
 1328      206C6F6E 
 1328      6720756E 
 1328      7369676E 
 1328      65642069 
 1329              	.LASF38:
 1330 0267 4379496E 		.ascii	"CyIntSetPriority\000"
 1330      74536574 
 1330      5072696F 
 1330      72697479 
 1330      00
 1331              	.LASF16:
 1332 0278 63796973 		.ascii	"cyisraddress\000"
ARM GAS  C:\Users\Greg\AppData\Local\Temp\ccPzDNsh.s 			page 35


 1332      72616464 
 1332      72657373 
 1332      00
 1333              	.LASF17:
 1334 0285 73697A65 		.ascii	"sizetype\000"
 1334      74797065 
 1334      00
 1335              	.LASF25:
 1336 028e 455A4932 		.ascii	"EZI2C_EzI2CSetBuffer1\000"
 1336      435F457A 
 1336      49324353 
 1336      65744275 
 1336      66666572 
 1337              	.LASF6:
 1338 02a4 6C6F6E67 		.ascii	"long long int\000"
 1338      206C6F6E 
 1338      6720696E 
 1338      7400
 1339              	.LASF14:
 1340 02b2 63686172 		.ascii	"char\000"
 1340      00
 1341              	.LASF32:
 1342 02b7 455A4932 		.ascii	"EZI2C_dataBuffer1\000"
 1342      435F6461 
 1342      74614275 
 1342      66666572 
 1342      3100
 1343              	.LASF37:
 1344 02c9 4379496E 		.ascii	"CyIntDisable\000"
 1344      74446973 
 1344      61626C65 
 1344      00
 1345              	.LASF2:
 1346 02d6 73686F72 		.ascii	"short int\000"
 1346      7420696E 
 1346      7400
 1347              	.LASF35:
 1348 02e0 455A4932 		.ascii	"EZI2C_offsetBuf1\000"
 1348      435F6F66 
 1348      66736574 
 1348      42756631 
 1348      00
 1349              	.LASF26:
 1350 02f1 62756653 		.ascii	"bufSize\000"
 1350      697A6500 
 1351              	.LASF4:
 1352 02f9 6C6F6E67 		.ascii	"long int\000"
 1352      20696E74 
 1352      00
 1353              	.LASF21:
 1354 0302 6D617463 		.ascii	"matchReg\000"
 1354      68526567 
 1354      00
 1355              	.LASF22:
 1356 030b 455A4932 		.ascii	"EZI2C_EzI2CGetActivity\000"
 1356      435F457A 
 1356      49324347 
ARM GAS  C:\Users\Greg\AppData\Local\Temp\ccPzDNsh.s 			page 36


 1356      65744163 
 1356      74697669 
 1357              	.LASF23:
 1358 0322 455A4932 		.ascii	"EZI2C_EzI2CGetAddress1\000"
 1358      435F457A 
 1358      49324347 
 1358      65744164 
 1358      64726573 
 1359              	.LASF0:
 1360 0339 7369676E 		.ascii	"signed char\000"
 1360      65642063 
 1360      68617200 
 1361              	.LASF28:
 1362 0345 62756666 		.ascii	"buffer\000"
 1362      657200
 1363              		.ident	"GCC: (GNU Tools for ARM Embedded Processors) 4.9.3 20150303 (release) [ARM/embedded-4_9-br
