Archive member included because of file (symbol)

.\CortexM0p\ARM_GCC_493\Debug\WW101_AnalogCoProcessor.a(cyfitter_cfg.o)
                              .\CortexM0p\ARM_GCC_493\Debug\Cm0plusStart.o (cyfitter_cfg)
.\CortexM0p\ARM_GCC_493\Debug\WW101_AnalogCoProcessor.a(Thermistor.o)
                              .\CortexM0p\ARM_GCC_493\Debug\main.o (Thermistor_GetResistance)
.\CortexM0p\ARM_GCC_493\Debug\WW101_AnalogCoProcessor.a(VrefBuffer.o)
                              .\CortexM0p\ARM_GCC_493\Debug\main.o (VrefBuffer_Start)
.\CortexM0p\ARM_GCC_493\Debug\WW101_AnalogCoProcessor.a(ADC.o)
                              .\CortexM0p\ARM_GCC_493\Debug\main.o (ADC_StartConvert)
.\CortexM0p\ARM_GCC_493\Debug\WW101_AnalogCoProcessor.a(ADC_INIT.o)
                              .\CortexM0p\ARM_GCC_493\Debug\WW101_AnalogCoProcessor.a(ADC.o) (ADC_InputsPlacement)
.\CortexM0p\ARM_GCC_493\Debug\WW101_AnalogCoProcessor.a(ADC_INT.o)
                              .\CortexM0p\ARM_GCC_493\Debug\WW101_AnalogCoProcessor.a(ADC.o) (ADC_ISR)
.\CortexM0p\ARM_GCC_493\Debug\WW101_AnalogCoProcessor.a(EZI2C.o)
                              .\CortexM0p\ARM_GCC_493\Debug\main.o (EZI2C_Start)
.\CortexM0p\ARM_GCC_493\Debug\WW101_AnalogCoProcessor.a(EZI2C_EZI2C.o)
                              .\CortexM0p\ARM_GCC_493\Debug\WW101_AnalogCoProcessor.a(EZI2C.o) (EZI2C_EzI2CInit)
.\CortexM0p\ARM_GCC_493\Debug\WW101_AnalogCoProcessor.a(EZI2C_EZI2C_INT.o)
                              .\CortexM0p\ARM_GCC_493\Debug\WW101_AnalogCoProcessor.a(EZI2C_EZI2C.o) (EZI2C_EZI2C_STRETCH_ISR)
.\CortexM0p\ARM_GCC_493\Debug\WW101_AnalogCoProcessor.a(PVref.o)
                              .\CortexM0p\ARM_GCC_493\Debug\main.o (PVref_Enable)
.\CortexM0p\ARM_GCC_493\Debug\WW101_AnalogCoProcessor.a(ADC_intSarClock.o)
                              .\CortexM0p\ARM_GCC_493\Debug\WW101_AnalogCoProcessor.a(ADC.o) (ADC_intSarClock_SetFractionalDividerRegister)
.\CortexM0p\ARM_GCC_493\Debug\WW101_AnalogCoProcessor.a(ADC_IRQ.o)
                              .\CortexM0p\ARM_GCC_493\Debug\WW101_AnalogCoProcessor.a(ADC.o) (ADC_IRQ_StartEx)
.\CortexM0p\ARM_GCC_493\Debug\WW101_AnalogCoProcessor.a(CyLib.o)
                              .\CortexM0p\ARM_GCC_493\Debug\WW101_AnalogCoProcessor.a(EZI2C.o) (CyIntEnable)
.\CortexM0p\ARM_GCC_493\Debug\WW101_AnalogCoProcessor.a(CyLFClk.o)
                              .\CortexM0p\ARM_GCC_493\Debug\WW101_AnalogCoProcessor.a(CyLib.o) (CySysClkWcoEnabled)
.\CortexM0p\ARM_GCC_493\Debug\WW101_AnalogCoProcessor.a(GreenLED.o)
                              .\CortexM0p\ARM_GCC_493\Debug\main.o (GreenLED_Write)
.\CortexM0p\ARM_GCC_493\Debug\WW101_AnalogCoProcessor.a(RedLED.o)
                              .\CortexM0p\ARM_GCC_493\Debug\main.o (RedLED_Write)
.\CortexM0p\ARM_GCC_493\Debug\WW101_AnalogCoProcessor.a(BlueLED.o)
                              .\CortexM0p\ARM_GCC_493\Debug\main.o (BlueLED_Write)
.\CortexM0p\ARM_GCC_493\Debug\WW101_AnalogCoProcessor.a(CSD_Control.o)
                              .\CortexM0p\ARM_GCC_493\Debug\main.o (CSD_Start)
.\CortexM0p\ARM_GCC_493\Debug\WW101_AnalogCoProcessor.a(CSD_Processing.o)
                              .\CortexM0p\ARM_GCC_493\Debug\WW101_AnalogCoProcessor.a(CSD_Control.o) (CSD_DpInitialize)
.\CortexM0p\ARM_GCC_493\Debug\WW101_AnalogCoProcessor.a(CSD_Structure.o)
                              .\CortexM0p\ARM_GCC_493\Debug\WW101_AnalogCoProcessor.a(CSD_Control.o) (CSD_DsInitialize)
.\CortexM0p\ARM_GCC_493\Debug\WW101_AnalogCoProcessor.a(CSD_Tuner.o)
                              .\CortexM0p\ARM_GCC_493\Debug\WW101_AnalogCoProcessor.a(CSD_Control.o) (CSD_TuInitialize)
.\CortexM0p\ARM_GCC_493\Debug\WW101_AnalogCoProcessor.a(CSD_Filter.o)
                              .\CortexM0p\ARM_GCC_493\Debug\WW101_AnalogCoProcessor.a(CSD_Control.o) (CSD_InitializeAllBaselines)
.\CortexM0p\ARM_GCC_493\Debug\WW101_AnalogCoProcessor.a(CSD_Sensing.o)
                              .\CortexM0p\ARM_GCC_493\Debug\main.o (CSD_IsBusy)
.\CortexM0p\ARM_GCC_493\Debug\WW101_AnalogCoProcessor.a(CSD_SensingCSD_LL.o)
                              .\CortexM0p\ARM_GCC_493\Debug\WW101_AnalogCoProcessor.a(CSD_Sensing.o) (CSD_SsCSDInitialize)
.\CortexM0p\ARM_GCC_493\Debug\WW101_AnalogCoProcessor.a(CSD_ISR.o)
                              .\CortexM0p\ARM_GCC_493\Debug\WW101_AnalogCoProcessor.a(CSD_Sensing.o) (CSD_ISR_StartEx)
.\CortexM0p\ARM_GCC_493\Debug\WW101_AnalogCoProcessor.a(A1.o)
                              .\CortexM0p\ARM_GCC_493\Debug\main.o (A1_Read)
.\CortexM0p\ARM_GCC_493\Debug\WW101_AnalogCoProcessor.a(CyBootAsmGnu.o)
                              .\CortexM0p\ARM_GCC_493\Debug\WW101_AnalogCoProcessor.a(CyLib.o) (CyDelayCycles)
.\CortexM0p\ARM_GCC_493\Debug\WW101_AnalogCoProcessor.a(CyFlash.o)
                              .\CortexM0p\ARM_GCC_493\Debug\WW101_AnalogCoProcessor.a(CyLib.o) (CySysFlashSetWaitCycles)
.\CortexM0p\ARM_GCC_493\Debug\WW101_AnalogCoProcessor.a(cyPm.o)
[...]
Memory Configuration

Name             Origin             Length             Attributes
rom              0x00000000         0x00008000         xr
ram              0x20000000         0x00001000         xrw
*default*        0x00000000         0xffffffff

Linker script and memory map

LOAD c:/program files (x86)/cypress/psoc creator/4.0/psoc creator/import/gnu/arm/4.9.3/bin/../lib/gcc/arm-none-eabi/4.9.3/armv6-m/crti.o
LOAD c:/program files (x86)/cypress/psoc creator/4.0/psoc creator/import/gnu/arm/4.9.3/bin/../lib/gcc/arm-none-eabi/4.9.3/armv6-m/crtbegin.o
LOAD c:/program files (x86)/cypress/psoc creator/4.0/psoc creator/import/gnu/arm/4.9.3/bin/../lib/gcc/arm-none-eabi/4.9.3/../../../../arm-none-eabi/lib/armv6-m/crt0.o
START GROUP
LOAD .\CortexM0p\ARM_GCC_493\Debug\main.o
LOAD .\CortexM0p\ARM_GCC_493\Debug\cymetadata.o
LOAD .\CortexM0p\ARM_GCC_493\Debug\Cm0plusStart.o
LOAD .\CortexM0p\ARM_GCC_493\Debug\WW101_AnalogCoProcessor.a
LOAD C:\Program Files (x86)\Cypress\PSoC Creator\4.0\PSoC Creator\psoc\content\cycomponentlibrary\CyComponentLibrary.cylib\CapSense_P4_v3_10\PSoC4\Library\Capsense_P4Library_GCCp.a
END GROUP
START GROUP
LOAD c:/program files (x86)/cypress/psoc creator/4.0/psoc creator/import/gnu/arm/4.9.3/bin/../lib/gcc/arm-none-eabi/4.9.3/armv6-m\libgcc.a
LOAD c:/program files (x86)/cypress/psoc creator/4.0/psoc creator/import/gnu/arm/4.9.3/bin/../lib/gcc/arm-none-eabi/4.9.3/../../../../arm-none-eabi/lib/armv6-m\libg_nano.a
LOAD c:/program files (x86)/cypress/psoc creator/4.0/psoc creator/import/gnu/arm/4.9.3/bin/../lib/gcc/arm-none-eabi/4.9.3/../../../../arm-none-eabi/lib/armv6-m\libc_nano.a
END GROUP
START GROUP
LOAD c:/program files (x86)/cypress/psoc creator/4.0/psoc creator/import/gnu/arm/4.9.3/bin/../lib/gcc/arm-none-eabi/4.9.3/armv6-m\libgcc.a
LOAD c:/program files (x86)/cypress/psoc creator/4.0/psoc creator/import/gnu/arm/4.9.3/bin/../lib/gcc/arm-none-eabi/4.9.3/../../../../arm-none-eabi/lib/armv6-m\libc_nano.a
END GROUP
LOAD c:/program files (x86)/cypress/psoc creator/4.0/psoc creator/import/gnu/arm/4.9.3/bin/../lib/gcc/arm-none-eabi/4.9.3/armv6-m/crtend.o
LOAD c:/program files (x86)/cypress/psoc creator/4.0/psoc creator/import/gnu/arm/4.9.3/bin/../lib/gcc/arm-none-eabi/4.9.3/armv6-m/crtn.o
START GROUP
LOAD c:/program files (x86)/cypress/psoc creator/4.0/psoc creator/import/gnu/arm/4.9.3/bin/../lib/gcc/arm-none-eabi/4.9.3/armv6-m\libgcc.a
LOAD c:/program files (x86)/cypress/psoc creator/4.0/psoc creator/import/gnu/arm/4.9.3/bin/../lib/gcc/arm-none-eabi/4.9.3/../../../../arm-none-eabi/lib/armv6-m\libc.a
LOAD c:/program files (x86)/cypress/psoc creator/4.0/psoc creator/import/gnu/arm/4.9.3/bin/../lib/gcc/arm-none-eabi/4.9.3/../../../../arm-none-eabi/lib/armv6-m\libnosys.a
END GROUP
                0x00000000                CY_APPL_ORIGIN = 0x0
                0x00000080                CY_FLASH_ROW_SIZE = 0x80
                0x00000001                CY_APPL_NUM = 0x1
                0x00000001                CY_APPL_MAX = 0x1
                0x00000040                CY_METADATA_SIZE = 0x40
                0x00000000                CY_APPL_LOADABLE = 0x0
                0x00000000                CY_CHECKSUM_EXCLUDE_SIZE = ALIGN (0x0, CY_FLASH_ROW_SIZE)
                0x00000000                CY_APP_FOR_STACK_AND_COPIER = 0x0
                0x200001f0                PROVIDE (__cy_heap_start, _end)
                0x00000001                PROVIDE (__cy_region_num, ((__cy_regions_end - __cy_regions) / 0x10))
                0x20001000                PROVIDE (__cy_stack, (ORIGIN (ram) + 0x1000))
                0x20000800                PROVIDE (__cy_heap_end, (__cy_stack - 0x800))

.cybootloader   0x00000000        0x0
 *(.cybootloader)
                0x00000000                appl1_start = CY_APPL_ORIGIN?CY_APPL_ORIGIN:ALIGN (CY_FLASH_ROW_SIZE)
                0x00003f80                appl2_start = (appl1_start + ALIGN ((((0x8000 - appl1_start) - (0x2 * CY_FLASH_ROW_SIZE)) / 0x2), CY_FLASH_ROW_SIZE))
                0x00000000                appl_start = (CY_APPL_NUM == 0x1)?appl1_start:appl2_start
                0x00000001                cy_project_type_bootloader = (appl_start == 0x0)?0x1:0x0
                0x00000000                cy_project_type_app_for_stack_and_copier = (CY_APP_FOR_STACK_AND_COPIER == 0x1)?0x1:0x0

.text           0x00000000     0x2e7e
 CREATE_OBJECT_SYMBOLS
                0x00000000                PROVIDE (__cy_interrupt_vector, RomVectors)
 *(.romvectors)
 .romvectors    0x00000000       0x10 .\CortexM0p\ARM_GCC_493\Debug\Cm0plusStart.o
                0x00000000                RomVectors
                0x00000001                ASSERT ((. != __cy_interrupt_vector), No interrupt vector)
                0x00000001                ASSERT (CY_APPL_ORIGIN?(SIZEOF (.cybootloader) <= CY_APPL_ORIGIN):0x1, Wrong image location)
                0x00000010                PROVIDE (__cy_reset, Reset)
 *(.text.Reset)
 .text.Reset    0x00000010        0xc .\CortexM0p\ARM_GCC_493\Debug\Cm0plusStart.o
                0x00000010                Reset
                0x00000001                ASSERT ((. != __cy_reset), No reset code)
 *(.psocinit)
 .psocinit      0x0000001c      0x140 .\CortexM0p\ARM_GCC_493\Debug\WW101_AnalogCoProcessor.a(cyfitter_cfg.o)
                0x000000bc                cyfitter_cfg
                0x0000015c                . = MAX (., 0x100)
 *(.text .text.* .gnu.linkonce.t.*)
 .text          0x0000015c       0x60 c:/program files (x86)/cypress/psoc creator/4.0/psoc creator/import/gnu/arm/4.9.3/bin/../lib/gcc/arm-none-eabi/4.9.3/armv6-m/crtbegin.o
 .text.InitResources
                0x000001bc       0x30 .\CortexM0p\ARM_GCC_493\Debug\main.o
                0x000001bc                InitResources
 .text.main     0x000001ec      0x140 .\CortexM0p\ARM_GCC_493\Debug\main.o
                0x000001ec                main
 .text.IntDefaultHandler
                0x0000032c       0x10 .\CortexM0p\ARM_GCC_493\Debug\Cm0plusStart.o
                0x0000032c                IntDefaultHandler
 .text.Start_c  0x0000033c       0x48 .\CortexM0p\ARM_GCC_493\Debug\Cm0plusStart.o
                0x0000033c                Start_c
 .text.initialize_psoc
                0x00000384       0x48 .\CortexM0p\ARM_GCC_493\Debug\Cm0plusStart.o
                0x00000384                initialize_psoc
 .text.SetAnalogRoutingPumps
                0x000003cc       0x20 .\CortexM0p\ARM_GCC_493\Debug\WW101_AnalogCoProcessor.a(cyfitter_cfg.o)
                0x000003cc                SetAnalogRoutingPumps
 .text.AnalogSetDefault
                0x000003ec       0xa4 .\CortexM0p\ARM_GCC_493\Debug\WW101_AnalogCoProcessor.a(cyfitter_cfg.o)
 .text.Thermistor_GetResistance
                0x00000490       0x2c .\CortexM0p\ARM_GCC_493\Debug\WW101_AnalogCoProcessor.a(Thermistor.o)
                0x00000490                Thermistor_GetResistance
 .text.Thermistor_GetTemperature
                0x000004bc       0x98 .\CortexM0p\ARM_GCC_493\Debug\WW101_AnalogCoProcessor.a(Thermistor.o)
                0x000004bc                Thermistor_GetTemperature
 .text.VrefBuffer_Init
                0x00000554       0x2c .\CortexM0p\ARM_GCC_493\Debug\WW101_AnalogCoProcessor.a(VrefBuffer.o)
                0x00000554                VrefBuffer_Init
 .text.VrefBuffer_Enable
                0x00000580       0x1c .\CortexM0p\ARM_GCC_493\Debug\WW101_AnalogCoProcessor.a(VrefBuffer.o)
                0x00000580                VrefBuffer_Enable
 .text.VrefBuffer_Start
                0x0000059c       0x20 .\CortexM0p\ARM_GCC_493\Debug\WW101_AnalogCoProcessor.a(VrefBuffer.o)
                0x0000059c                VrefBuffer_Start
 .text.ADC_InitConfig
                0x000005bc       0xfc .\CortexM0p\ARM_GCC_493\Debug\WW101_AnalogCoProcessor.a(ADC.o)
                0x000005bc                ADC_InitConfig
 .text.ADC_StartConvert
                0x000006b8       0x28 .\CortexM0p\ARM_GCC_493\Debug\WW101_AnalogCoProcessor.a(ADC.o)
                0x000006b8                ADC_StartConvert
 .text.ADC_IsEndConversion
                0x000006e0       0x38 .\CortexM0p\ARM_GCC_493\Debug\WW101_AnalogCoProcessor.a(ADC.o)
                0x000006e0                ADC_IsEndConversion
 .text.ADC_GetResult16
                0x00000718       0x54 .\CortexM0p\ARM_GCC_493\Debug\WW101_AnalogCoProcessor.a(ADC.o)
                0x00000718                ADC_GetResult16
 .text.ADC_Init
                0x0000076c      0x118 .\CortexM0p\ARM_GCC_493\Debug\WW101_AnalogCoProcessor.a(ADC.o)
                0x0000076c                ADC_Init
 .text.ADC_Enable
                0x00000884       0x30 .\CortexM0p\ARM_GCC_493\Debug\WW101_AnalogCoProcessor.a(ADC.o)
                0x00000884                ADC_Enable
 .text.ADC_Start
                0x000008b4       0x24 .\CortexM0p\ARM_GCC_493\Debug\WW101_AnalogCoProcessor.a(ADC.o)
                0x000008b4                ADC_Start
 .text.ADC_ISR  0x000008d8        0xc .\CortexM0p\ARM_GCC_493\Debug\WW101_AnalogCoProcessor.a(ADC_INT.o)
                0x000008d8                ADC_ISR
 .text.EZI2C_ScbEnableIntr
                0x000008e4        0xc .\CortexM0p\ARM_GCC_493\Debug\WW101_AnalogCoProcessor.a(EZI2C.o)
 .text.EZI2C_Init
                0x000008f0        0x8 .\CortexM0p\ARM_GCC_493\Debug\WW101_AnalogCoProcessor.a(EZI2C.o)
                0x000008f0                EZI2C_Init
 .text.EZI2C_Enable
                0x000008f8       0x18 .\CortexM0p\ARM_GCC_493\Debug\WW101_AnalogCoProcessor.a(EZI2C.o)
                0x000008f8                EZI2C_Enable
 .text.EZI2C_Start
                0x00000910       0x20 .\CortexM0p\ARM_GCC_493\Debug\WW101_AnalogCoProcessor.a(EZI2C.o)
                0x00000910                EZI2C_Start
 .text.EZI2C_EzI2CInit
                0x00000930       0xc0 .\CortexM0p\ARM_GCC_493\Debug\WW101_AnalogCoProcessor.a(EZI2C_EZI2C.o)
                0x00000930                EZI2C_EzI2CInit
 .text.EZI2C_EzI2CGetActivity
                0x000009f0       0x24 .\CortexM0p\ARM_GCC_493\Debug\WW101_AnalogCoProcessor.a(EZI2C_EZI2C.o)
                0x000009f0                EZI2C_EzI2CGetActivity
 .text.EZI2C_EzI2CSetBuffer1
                0x00000a14       0x30 .\CortexM0p\ARM_GCC_493\Debug\WW101_AnalogCoProcessor.a(EZI2C_EZI2C.o)
                0x00000a14                EZI2C_EzI2CSetBuffer1
 .text.EZI2C_EZI2C_STRETCH_ISR
                0x00000a44      0x324 .\CortexM0p\ARM_GCC_493\Debug\WW101_AnalogCoProcessor.a(EZI2C_EZI2C_INT.o)
                0x00000a44                EZI2C_EZI2C_STRETCH_ISR
 .text.PVref_Init
                0x00000d68       0x1c .\CortexM0p\ARM_GCC_493\Debug\WW101_AnalogCoProcessor.a(PVref.o)
                0x00000d68                PVref_Init
 .text.PVref_Enable
                0x00000d84       0x10 .\CortexM0p\ARM_GCC_493\Debug\WW101_AnalogCoProcessor.a(PVref.o)
                0x00000d84                PVref_Enable
 .text.PVref_Start
                0x00000d94       0x20 .\CortexM0p\ARM_GCC_493\Debug\WW101_AnalogCoProcessor.a(PVref.o)
                0x00000d94                PVref_Start
 .text.ADC_intSarClock_SetFractionalDividerRegister
                0x00000db4       0x20 .\CortexM0p\ARM_GCC_493\Debug\WW101_AnalogCoProcessor.a(ADC_intSarClock.o)
                0x00000db4                ADC_intSarClock_SetFractionalDividerRegister
 .text.CySysClkImoDisableWcoLock
                0x00000dd4       0x14 .\CortexM0p\ARM_GCC_493\Debug\WW101_AnalogCoProcessor.a(CyLib.o)
                0x00000dd4                CySysClkImoDisableWcoLock
 .text.CySysClkImoGetWcoLock
                0x00000de8       0x14 .\CortexM0p\ARM_GCC_493\Debug\WW101_AnalogCoProcessor.a(CyLib.o)
                0x00000de8                CySysClkImoGetWcoLock
 .text.CyIntEnable
                0x00000dfc       0x14 .\CortexM0p\ARM_GCC_493\Debug\WW101_AnalogCoProcessor.a(CyLib.o)
                0x00000dfc                CyIntEnable
 .text.CyIntDisable
                0x00000e10       0x14 .\CortexM0p\ARM_GCC_493\Debug\WW101_AnalogCoProcessor.a(CyLib.o)
                0x00000e10                CyIntDisable
 .text.CyIntClearPending
                0x00000e24       0x14 .\CortexM0p\ARM_GCC_493\Debug\WW101_AnalogCoProcessor.a(CyLib.o)
                0x00000e24                CyIntClearPending
 .text.CyHalt   0x00000e38        0x4 .\CortexM0p\ARM_GCC_493\Debug\WW101_AnalogCoProcessor.a(CyLib.o)
                0x00000e38                CyHalt
 .text.CyIntSetVector
                0x00000e3c       0x24 .\CortexM0p\ARM_GCC_493\Debug\WW101_AnalogCoProcessor.a(CyLib.o)
                0x00000e3c                CyIntSetVector
 .text.CyIntSetPriority
                0x00000e60       0x4c .\CortexM0p\ARM_GCC_493\Debug\WW101_AnalogCoProcessor.a(CyLib.o)
                0x00000e60                CyIntSetPriority
 .text.CyDelay  0x00000eac       0x30 .\CortexM0p\ARM_GCC_493\Debug\WW101_AnalogCoProcessor.a(CyLib.o)
                0x00000eac                CyDelay
 .text.CySysClkImoEnableWcoLock
                0x00000edc       0xcc .\CortexM0p\ARM_GCC_493\Debug\WW101_AnalogCoProcessor.a(CyLib.o)
                0x00000edc                CySysClkImoEnableWcoLock
 .text.CySysClkWriteImoFreq
                0x00000fa8       0xd8 .\CortexM0p\ARM_GCC_493\Debug\WW101_AnalogCoProcessor.a(CyLib.o)
                0x00000fa8                CySysClkWriteImoFreq
 .text.CyDelayUs
                0x00001080       0x14 .\CortexM0p\ARM_GCC_493\Debug\WW101_AnalogCoProcessor.a(CyLib.o)
                0x00001080                CyDelayUs
 .text.CySysClkGetTimerSource
                0x00001094       0x10 .\CortexM0p\ARM_GCC_493\Debug\WW101_AnalogCoProcessor.a(CyLFClk.o)
 .text.CySysClkWcoEnabled
                0x000010a4       0x14 .\CortexM0p\ARM_GCC_493\Debug\WW101_AnalogCoProcessor.a(CyLFClk.o)
                0x000010a4                CySysClkWcoEnabled
 .text.CySysWdtDisable
                0x000010b8       0x10 .\CortexM0p\ARM_GCC_493\Debug\WW101_AnalogCoProcessor.a(CyLFClk.o)
                0x000010b8                CySysWdtDisable
 .text.CySysClkSetTimerSource
                0x000010c8       0x68 .\CortexM0p\ARM_GCC_493\Debug\WW101_AnalogCoProcessor.a(CyLFClk.o)
                0x000010c8                CySysClkSetTimerSource
 .text.GreenLED_Write
                0x00001130       0x18 .\CortexM0p\ARM_GCC_493\Debug\WW101_AnalogCoProcessor.a(GreenLED.o)
                0x00001130                GreenLED_Write
 .text.RedLED_Write
                0x00001148       0x18 .\CortexM0p\ARM_GCC_493\Debug\WW101_AnalogCoProcessor.a(RedLED.o)
                0x00001148                RedLED_Write
 .text.BlueLED_Write
                0x00001160       0x18 .\CortexM0p\ARM_GCC_493\Debug\WW101_AnalogCoProcessor.a(BlueLED.o)
                0x00001160                BlueLED_Write
 .text.CSD_Initialize
                0x00001178       0x28 .\CortexM0p\ARM_GCC_493\Debug\WW101_AnalogCoProcessor.a(CSD_Control.o)
                0x00001178                CSD_Initialize
 .text.CSD_Start
                0x000011a0       0x50 .\CortexM0p\ARM_GCC_493\Debug\WW101_AnalogCoProcessor.a(CSD_Control.o)
                0x000011a0                CSD_Start
 .text.CSD_DpInitialize
                0x000011f0       0x5c .\CortexM0p\ARM_GCC_493\Debug\WW101_AnalogCoProcessor.a(CSD_Processing.o)
                0x000011f0                CSD_DpInitialize
 .text.CSD_DsInitialize
                0x0000124c       0x68 .\CortexM0p\ARM_GCC_493\Debug\WW101_AnalogCoProcessor.a(CSD_Structure.o)
                0x0000124c                CSD_DsInitialize
 .text.CSD_TuInitialize
                0x000012b4       0x14 .\CortexM0p\ARM_GCC_493\Debug\WW101_AnalogCoProcessor.a(CSD_Tuner.o)
                0x000012b4                CSD_TuInitialize
 .text.CSD_FtInitializeBaselineChannel
                0x000012c8       0x1c .\CortexM0p\ARM_GCC_493\Debug\WW101_AnalogCoProcessor.a(CSD_Filter.o)
                0x000012c8                CSD_FtInitializeBaselineChannel
 .text.CSD_InitializeSensorBaseline
                0x000012e4       0x3c .\CortexM0p\ARM_GCC_493\Debug\WW101_AnalogCoProcessor.a(CSD_Filter.o)
                0x000012e4                CSD_InitializeSensorBaseline
 .text.CSD_InitializeWidgetBaseline
                0x00001320       0x28 .\CortexM0p\ARM_GCC_493\Debug\WW101_AnalogCoProcessor.a(CSD_Filter.o)
                0x00001320                CSD_InitializeWidgetBaseline
 .text.CSD_InitializeAllBaselines
                0x00001348       0x18 .\CortexM0p\ARM_GCC_493\Debug\WW101_AnalogCoProcessor.a(CSD_Filter.o)
                0x00001348                CSD_InitializeAllBaselines
 .text.CSD_InitializeIIRInternal
                0x00001360       0x1c .\CortexM0p\ARM_GCC_493\Debug\WW101_AnalogCoProcessor.a(CSD_Filter.o)
                0x00001360                CSD_InitializeIIRInternal
 .text.CSD_FtInitialize
                0x0000137c       0x54 .\CortexM0p\ARM_GCC_493\Debug\WW101_AnalogCoProcessor.a(CSD_Filter.o)
                0x0000137c                CSD_FtInitialize
 .text.CSD_SsSetWidgetSenseClkSrc
                0x000013d0        0x8 .\CortexM0p\ARM_GCC_493\Debug\WW101_AnalogCoProcessor.a(CSD_Sensing.o)
 .text.CSD_IsBusy
                0x000013d8       0x10 .\CortexM0p\ARM_GCC_493\Debug\WW101_AnalogCoProcessor.a(CSD_Sensing.o)
                0x000013d8                CSD_IsBusy
 .text.CSD_SetupWidget
                0x000013e8       0x44 .\CortexM0p\ARM_GCC_493\Debug\WW101_AnalogCoProcessor.a(CSD_Sensing.o)
                0x000013e8                CSD_SetupWidget
 .text.CSD_Scan
                0x0000142c       0x1c .\CortexM0p\ARM_GCC_493\Debug\WW101_AnalogCoProcessor.a(CSD_Sensing.o)
                0x0000142c                CSD_Scan
 .text.CSD_ScanAllWidgets
                0x00001448       0x3c .\CortexM0p\ARM_GCC_493\Debug\WW101_AnalogCoProcessor.a(CSD_Sensing.o)
                0x00001448                CSD_ScanAllWidgets
 .text.CSD_SsPostAllWidgetsScan
                0x00001484        0x4 .\CortexM0p\ARM_GCC_493\Debug\WW101_AnalogCoProcessor.a(CSD_Sensing.o)
                0x00001484                CSD_SsPostAllWidgetsScan
 .text.CSD_SsSetModClkClockDivider
                0x00001488       0x30 .\CortexM0p\ARM_GCC_493\Debug\WW101_AnalogCoProcessor.a(CSD_Sensing.o)
                0x00001488                CSD_SsSetModClkClockDivider
 .text.CSD_CalibrateWidget
                0x000014b8       0x1c .\CortexM0p\ARM_GCC_493\Debug\WW101_AnalogCoProcessor.a(CSD_Sensing.o)
                0x000014b8                CSD_CalibrateWidget
 .text.CSD_CalibrateAllWidgets
                0x000014d4       0x1c .\CortexM0p\ARM_GCC_493\Debug\WW101_AnalogCoProcessor.a(CSD_Sensing.o)
                0x000014d4                CSD_CalibrateAllWidgets
 .text.CSD_SsInitializeSourceSenseClk
                0x000014f0       0x24 .\CortexM0p\ARM_GCC_493\Debug\WW101_AnalogCoProcessor.a(CSD_Sensing.o)
                0x000014f0                CSD_SsInitializeSourceSenseClk
 .text.CSD_SsInitialize
                0x00001514       0x10 .\CortexM0p\ARM_GCC_493\Debug\WW101_AnalogCoProcessor.a(CSD_Sensing.o)
                0x00001514                CSD_SsInitialize
 .text.CSD_SsClearCSDSensors
                0x00001524       0x40 .\CortexM0p\ARM_GCC_493\Debug\WW101_AnalogCoProcessor.a(CSD_Sensing.o)
                0x00001524                CSD_SsClearCSDSensors
 .text.CSD_SsCSDSetFilterDelay
                0x00001564       0x50 .\CortexM0p\ARM_GCC_493\Debug\WW101_AnalogCoProcessor.a(CSD_SensingCSD_LL.o)
 .text.CSD_SsCSDConfigIDACs
                0x000015b4       0x1c .\CortexM0p\ARM_GCC_493\Debug\WW101_AnalogCoProcessor.a(CSD_SensingCSD_LL.o)
 .text.CSD_SsCSDRestoreIdacMode
                0x000015d0       0x30 .\CortexM0p\ARM_GCC_493\Debug\WW101_AnalogCoProcessor.a(CSD_SensingCSD_LL.o)
 .text.CSD_SsCSDCalibrateCheck
                0x00001600       0x44 .\CortexM0p\ARM_GCC_493\Debug\WW101_AnalogCoProcessor.a(CSD_SensingCSD_LL.o)
 .text.CSD_SsCSDSetModeSnsClockDivider
                0x00001644       0x10 .\CortexM0p\ARM_GCC_493\Debug\WW101_AnalogCoProcessor.a(CSD_SensingCSD_LL.o)
                0x00001644                CSD_SsCSDSetModeSnsClockDivider
 .text.CSD_SsCSDInitialize
                0x00001654      0x118 .\CortexM0p\ARM_GCC_493\Debug\WW101_AnalogCoProcessor.a(CSD_SensingCSD_LL.o)
                0x00001654                CSD_SsCSDInitialize
 .text.CSD_SsCSDSetUpIdacs
                0x0000176c       0x44 .\CortexM0p\ARM_GCC_493\Debug\WW101_AnalogCoProcessor.a(CSD_SensingCSD_LL.o)
                0x0000176c                CSD_SsCSDSetUpIdacs
 .text.CSD_SsCSDGetNumberOfConversions
                0x000017b0       0x4c .\CortexM0p\ARM_GCC_493\Debug\WW101_AnalogCoProcessor.a(CSD_SensingCSD_LL.o)
                0x000017b0                CSD_SsCSDGetNumberOfConversions
 .text.CSD_SsCSDConfigClock
                0x000017fc       0x24 .\CortexM0p\ARM_GCC_493\Debug\WW101_AnalogCoProcessor.a(CSD_SensingCSD_LL.o)
                0x000017fc                CSD_SsCSDConfigClock
 .text.CSD_SsCSDCalculateScanDuration
                0x00001820       0x1c .\CortexM0p\ARM_GCC_493\Debug\WW101_AnalogCoProcessor.a(CSD_SensingCSD_LL.o)
                0x00001820                CSD_SsCSDCalculateScanDuration
 .text.CSD_SsCSDStartSample
                0x0000183c       0xfc .\CortexM0p\ARM_GCC_493\Debug\WW101_AnalogCoProcessor.a(CSD_SensingCSD_LL.o)
                0x0000183c                CSD_SsCSDStartSample
 .text.CSD_CSDScanExt
                0x00001938       0x1c .\CortexM0p\ARM_GCC_493\Debug\WW101_AnalogCoProcessor.a(CSD_SensingCSD_LL.o)
                0x00001938                CSD_CSDScanExt
 .text.CSD_CSDConnectSns
                0x00001954       0x34 .\CortexM0p\ARM_GCC_493\Debug\WW101_AnalogCoProcessor.a(CSD_SensingCSD_LL.o)
                0x00001954                CSD_CSDConnectSns
 .text.CSD_CSDScan
                0x00001988       0x78 .\CortexM0p\ARM_GCC_493\Debug\WW101_AnalogCoProcessor.a(CSD_SensingCSD_LL.o)
                0x00001988                CSD_CSDScan
 .text.CSD_SsCSDConnectSensorExt
                0x00001a00       0x28 .\CortexM0p\ARM_GCC_493\Debug\WW101_AnalogCoProcessor.a(CSD_SensingCSD_LL.o)
                0x00001a00                CSD_SsCSDConnectSensorExt
 .text.CSD_CSDDisconnectSns
                0x00001a28       0x40 .\CortexM0p\ARM_GCC_493\Debug\WW101_AnalogCoProcessor.a(CSD_SensingCSD_LL.o)
                0x00001a28                CSD_CSDDisconnectSns
 .text.CSD_SsCSDElectrodeCheck
                0x00001a68       0x24 .\CortexM0p\ARM_GCC_493\Debug\WW101_AnalogCoProcessor.a(CSD_SensingCSD_LL.o)
                0x00001a68                CSD_SsCSDElectrodeCheck
 .text.CSD_CSDSetupWidget
                0x00001a8c       0x58 .\CortexM0p\ARM_GCC_493\Debug\WW101_AnalogCoProcessor.a(CSD_SensingCSD_LL.o)
                0x00001a8c                CSD_CSDSetupWidget
 .text.CSD_CSDSetupWidgetExt
                0x00001ae4       0x6c .\CortexM0p\ARM_GCC_493\Debug\WW101_AnalogCoProcessor.a(CSD_SensingCSD_LL.o)
                0x00001ae4                CSD_CSDSetupWidgetExt
 .text.CSD_SsCSDSetSingleIdacMode
                0x00001b50       0x2c .\CortexM0p\ARM_GCC_493\Debug\WW101_AnalogCoProcessor.a(CSD_SensingCSD_LL.o)
                0x00001b50                CSD_SsCSDSetSingleIdacMode
 .text.CSD_SsCSDCalibrateOneSensor
                0x00001b7c       0xe8 .\CortexM0p\ARM_GCC_493\Debug\WW101_AnalogCoProcessor.a(CSD_SensingCSD_LL.o)
 .text.CSD_CSDCalibrateWidget
                0x00001c64      0x108 .\CortexM0p\ARM_GCC_493\Debug\WW101_AnalogCoProcessor.a(CSD_SensingCSD_LL.o)
                0x00001c64                CSD_CSDCalibrateWidget
 .text.CSD_ISR_SetVector
                0x00001d6c        0xc .\CortexM0p\ARM_GCC_493\Debug\WW101_AnalogCoProcessor.a(CSD_ISR.o)
                0x00001d6c                CSD_ISR_SetVector
 .text.CSD_ISR_SetPriority
                0x00001d78       0x24 .\CortexM0p\ARM_GCC_493\Debug\WW101_AnalogCoProcessor.a(CSD_ISR.o)
                0x00001d78                CSD_ISR_SetPriority
 .text.CSD_ISR_Enable
                0x00001d9c       0x10 .\CortexM0p\ARM_GCC_493\Debug\WW101_AnalogCoProcessor.a(CSD_ISR.o)
                0x00001d9c                CSD_ISR_Enable
 .text.CSD_ISR_Disable
                0x00001dac       0x10 .\CortexM0p\ARM_GCC_493\Debug\WW101_AnalogCoProcessor.a(CSD_ISR.o)
                0x00001dac                CSD_ISR_Disable
 .text.CSD_ISR_StartEx
                0x00001dbc       0x1c .\CortexM0p\ARM_GCC_493\Debug\WW101_AnalogCoProcessor.a(CSD_ISR.o)
                0x00001dbc                CSD_ISR_StartEx
 .text.A1_Read  0x00001dd8       0x10 .\CortexM0p\ARM_GCC_493\Debug\WW101_AnalogCoProcessor.a(A1.o)
                0x00001dd8                A1_Read
 .text          0x00001de8       0x20 .\CortexM0p\ARM_GCC_493\Debug\WW101_AnalogCoProcessor.a(CyBootAsmGnu.o)
                0x00001de8                CyDelayCycles
                0x00001dfa                CyEnterCriticalSection
                0x00001e02                CyExitCriticalSection
 .text.CySysFlashSetWaitCycles
                0x00001e08       0x54 .\CortexM0p\ARM_GCC_493\Debug\WW101_AnalogCoProcessor.a(CyFlash.o)
                0x00001e08                CySysFlashSetWaitCycles
 .text.CySysPmSleep
                0x00001e5c       0x1c .\CortexM0p\ARM_GCC_493\Debug\WW101_AnalogCoProcessor.a(cyPm.o)
                0x00001e5c                CySysPmSleep
 .text.CSD_CSDPostSingleScan
                0x00001e78       0x78 .\CortexM0p\ARM_GCC_493\Debug\WW101_AnalogCoProcessor.a(CSD_INT.o)
                0x00001e78                CSD_CSDPostSingleScan
 .text.CSD_CSDPostMultiScan
                0x00001ef0      0x11c .\CortexM0p\ARM_GCC_493\Debug\WW101_AnalogCoProcessor.a(CSD_INT.o)
                0x00001ef0                CSD_CSDPostMultiScan
 .text          0x0000200c      0x120 c:/program files (x86)/cypress/psoc creator/4.0/psoc creator/import/gnu/arm/4.9.3/bin/../lib/gcc/arm-none-eabi/4.9.3/armv6-m\libgcc.a(_udivsi3.o)
                0x0000200c                __aeabi_uidiv
                0x0000200c                __udivsi3
                0x00002118                __aeabi_uidivmod
 .text          0x0000212c      0x1e0 c:/program files (x86)/cypress/psoc creator/4.0/psoc creator/import/gnu/arm/4.9.3/bin/../lib/gcc/arm-none-eabi/4.9.3/armv6-m\libgcc.a(_divsi3.o)
                0x0000212c                __divsi3
                0x0000212c                __aeabi_idiv
                0x000022f8                __aeabi_idivmod
 .text          0x0000230c        0x4 c:/program files (x86)/cypress/psoc creator/4.0/psoc creator/import/gnu/arm/4.9.3/bin/../lib/gcc/arm-none-eabi/4.9.3/armv6-m\libgcc.a(_dvmd_tls.o)
                0x0000230c                __aeabi_idiv0
                0x0000230c                __aeabi_ldiv0
 .text          0x00002310       0x30 c:/program files (x86)/cypress/psoc creator/4.0/psoc creator/import/gnu/arm/4.9.3/bin/../lib/gcc/arm-none-eabi/4.9.3/armv6-m\libgcc.a(_fixunssfsi.o)
                0x00002310                __fixunssfsi
                0x00002310                __aeabi_f2uiz
 .text          0x00002340      0x270 c:/program files (x86)/cypress/psoc creator/4.0/psoc creator/import/gnu/arm/4.9.3/bin/../lib/gcc/arm-none-eabi/4.9.3/armv6-m\libgcc.a(divsf3.o)
                0x00002340                __aeabi_fdiv
 .text          0x000025b0      0x264 c:/program files (x86)/cypress/psoc creator/4.0/psoc creator/import/gnu/arm/4.9.3/bin/../lib/gcc/arm-none-eabi/4.9.3/armv6-m\libgcc.a(mulsf3.o)
                0x000025b0                __aeabi_fmul
 .text          0x00002814      0x2fc c:/program files (x86)/cypress/psoc creator/4.0/psoc creator/import/gnu/arm/4.9.3/bin/../lib/gcc/arm-none-eabi/4.9.3/armv6-m\libgcc.a(subsf3.o)
                0x00002814                __aeabi_fsub
 .text          0x00002b10       0x40 c:/program files (x86)/cypress/psoc creator/4.0/psoc creator/import/gnu/arm/4.9.3/bin/../lib/gcc/arm-none-eabi/4.9.3/armv6-m\libgcc.a(fixsfsi.o)
                0x00002b10                __aeabi_f2iz
 .text          0x00002b50       0x90 c:/program files (x86)/cypress/psoc creator/4.0/psoc creator/import/gnu/arm/4.9.3/bin/../lib/gcc/arm-none-eabi/4.9.3/armv6-m\libgcc.a(floatsisf.o)
                0x00002b50                __aeabi_i2f
 .text          0x00002be0       0x74 c:/program files (x86)/cypress/psoc creator/4.0/psoc creator/import/gnu/arm/4.9.3/bin/../lib/gcc/arm-none-eabi/4.9.3/armv6-m\libgcc.a(_arm_cmpsf2.o)
                0x00002be0                __aeabi_cfrcmple
                0x00002be8                __aeabi_cfcmpeq
                0x00002be8                __aeabi_cfcmple
                0x00002bf8                __aeabi_fcmpeq
                0x00002c04                __aeabi_fcmplt
                0x00002c18                __aeabi_fcmple
                0x00002c2c                __aeabi_fcmpgt
                0x00002c40                __aeabi_fcmpge
 .text          0x00002c54       0x3c c:/program files (x86)/cypress/psoc creator/4.0/psoc creator/import/gnu/arm/4.9.3/bin/../lib/gcc/arm-none-eabi/4.9.3/armv6-m\libgcc.a(_clzsi2.o)
                0x00002c54                __clzsi2
 .text          0x00002c90       0x54 c:/program files (x86)/cypress/psoc creator/4.0/psoc creator/import/gnu/arm/4.9.3/bin/../lib/gcc/arm-none-eabi/4.9.3/armv6-m\libgcc.a(eqsf2.o)
                0x00002c90                __eqsf2
                0x00002c90                __nesf2
 .text          0x00002ce4       0x94 c:/program files (x86)/cypress/psoc creator/4.0/psoc creator/import/gnu/arm/4.9.3/bin/../lib/gcc/arm-none-eabi/4.9.3/armv6-m\libgcc.a(gesf2.o)
                0x00002ce4                __gesf2
                0x00002ce4                __gtsf2
 .text          0x00002d78       0x8c c:/program files (x86)/cypress/psoc creator/4.0/psoc creator/import/gnu/arm/4.9.3/bin/../lib/gcc/arm-none-eabi/4.9.3/armv6-m\libgcc.a(lesf2.o)
                0x00002d78                __ltsf2
                0x00002d78                __lesf2
 .text.__errno  0x00002e04        0xc c:/program files (x86)/cypress/psoc creator/4.0/psoc creator/import/gnu/arm/4.9.3/bin/../lib/gcc/arm-none-eabi/4.9.3/../../../../arm-none-eabi/lib/armv6-m\libg_nano.a(lib_a-errno.o)
                0x00002e04                __errno
 .text.__libc_init_array
                0x00002e10       0x4c c:/program files (x86)/cypress/psoc creator/4.0/psoc creator/import/gnu/arm/4.9.3/bin/../lib/gcc/arm-none-eabi/4.9.3/../../../../arm-none-eabi/lib/armv6-m\libg_nano.a(lib_a-init.o)
                0x00002e10                __libc_init_array
 .text.memcpy   0x00002e5c       0x12 c:/program files (x86)/cypress/psoc creator/4.0/psoc creator/import/gnu/arm/4.9.3/bin/../lib/gcc/arm-none-eabi/4.9.3/../../../../arm-none-eabi/lib/armv6-m\libg_nano.a(lib_a-memcpy.o)
                0x00002e5c                memcpy
 .text.memset   0x00002e6e       0x10 c:/program files (x86)/cypress/psoc creator/4.0/psoc creator/import/gnu/arm/4.9.3/bin/../lib/gcc/arm-none-eabi/4.9.3/../../../../arm-none-eabi/lib/armv6-m\libg_nano.a(lib_a-memset.o)
                0x00002e6e                memset
 *(.plt)
 *(.gnu.warning)
 *(.glue_7t)
 .glue_7t       0x00000000        0x0 linker stubs
 *(.glue_7)
 .glue_7        0x00000000        0x0 linker stubs
 *(.vfp11_veneer)
 .vfp11_veneer  0x00000000        0x0 linker stubs
 *(.bootloader)
 *(.ARM.extab* .gnu.linkonce.armextab.*)
 *(.gcc_except_table)

.v4_bx          0x00002e80        0x0
 .v4_bx         0x00000000        0x0 linker stubs

.iplt           0x00002e80        0x0
 .iplt          0x00000000        0x0 c:/program files (x86)/cypress/psoc creator/4.0/psoc creator/import/gnu/arm/4.9.3/bin/../lib/gcc/arm-none-eabi/4.9.3/armv6-m/crtbegin.o

.eh_frame_hdr
 *(.eh_frame_hdr)

.eh_frame       0x00002e80        0x4
 *(.eh_frame)
 .eh_frame      0x00002e80        0x0 c:/program files (x86)/cypress/psoc creator/4.0/psoc creator/import/gnu/arm/4.9.3/bin/../lib/gcc/arm-none-eabi/4.9.3/armv6-m/crtbegin.o
 .eh_frame      0x00002e80        0x4 c:/program files (x86)/cypress/psoc creator/4.0/psoc creator/import/gnu/arm/4.9.3/bin/../lib/gcc/arm-none-eabi/4.9.3/armv6-m/crtend.o
                0x00002e84                PROVIDE (__exidx_start, .)

.ARM.exidx
 *(.ARM.exidx* .gnu.linkonce.armexidx.*)
                0x00002e84                __exidx_end = .

.rodata         0x00002e84     0x1b94
 *(.rodata .rodata.* .gnu.linkonce.r.*)
 .rodata.cst2   0x00002e84        0x2 .\CortexM0p\ARM_GCC_493\Debug\main.o
                                  0x4 (size before relaxing)
 *fill*         0x00002e86        0x2 
 .rodata        0x00002e88     0x19cc .\CortexM0p\ARM_GCC_493\Debug\WW101_AnalogCoProcessor.a(Thermistor.o)
 .rodata        0x00004854        0x8 .\CortexM0p\ARM_GCC_493\Debug\WW101_AnalogCoProcessor.a(ADC.o)
 .rodata        0x0000485c       0x40 .\CortexM0p\ARM_GCC_493\Debug\WW101_AnalogCoProcessor.a(ADC_INIT.o)
                0x0000485c                ADC_InputsPlacement
                0x00004864                ADC_allConfigs
 .rodata        0x0000489c       0x18 .\CortexM0p\ARM_GCC_493\Debug\WW101_AnalogCoProcessor.a(CyLib.o)
                0x0000489c                cyImoFreqMhz2DpllOffset
 .rodata        0x000048b4       0x68 .\CortexM0p\ARM_GCC_493\Debug\WW101_AnalogCoProcessor.a(CSD_Structure.o)
                0x000048b8                CSD_dsFlash
                0x000048e4                CSD_ioList
 .rodata        0x0000491c        0x1 .\CortexM0p\ARM_GCC_493\Debug\WW101_AnalogCoProcessor.a(CSD_Sensing.o)
                0x0000491c                CSD_scanFreqIndex
 *fill*         0x0000491d        0x3 
 .rodata        0x00004920       0x80 c:/program files (x86)/cypress/psoc creator/4.0/psoc creator/import/gnu/arm/4.9.3/bin/../lib/gcc/arm-none-eabi/4.9.3/armv6-m\libgcc.a(divsf3.o)
 .rodata        0x000049a0       0x40 c:/program files (x86)/cypress/psoc creator/4.0/psoc creator/import/gnu/arm/4.9.3/bin/../lib/gcc/arm-none-eabi/4.9.3/armv6-m\libgcc.a(mulsf3.o)
 .rodata.str1.1
                0x000049e0        0x2 c:/program files (x86)/cypress/psoc creator/4.0/psoc creator/import/gnu/arm/4.9.3/bin/../lib/gcc/arm-none-eabi/4.9.3/../../../../arm-none-eabi/lib/armv6-m\libg_nano.a(lib_a-impure.o)
                0x000049e4                . = ALIGN (0x4)
 *fill*         0x000049e2        0x2 
 *(.init)
 .init          0x000049e4        0x4 c:/program files (x86)/cypress/psoc creator/4.0/psoc creator/import/gnu/arm/4.9.3/bin/../lib/gcc/arm-none-eabi/4.9.3/armv6-m/crti.o
                0x000049e4                _init
 .init          0x000049e8        0x8 c:/program files (x86)/cypress/psoc creator/4.0/psoc creator/import/gnu/arm/4.9.3/bin/../lib/gcc/arm-none-eabi/4.9.3/armv6-m/crtn.o
                0x000049f0                . = ALIGN (0x4)
                0x000049f0                __preinit_array_start = .
 *(.preinit_array)
                0x000049f0                __preinit_array_end = .
                0x000049f0                . = ALIGN (0x4)
                0x000049f0                __init_array_start = .
 *(SORT(.init_array.*))
 *(.init_array)
 .init_array    0x000049f0        0x4 c:/program files (x86)/cypress/psoc creator/4.0/psoc creator/import/gnu/arm/4.9.3/bin/../lib/gcc/arm-none-eabi/4.9.3/armv6-m/crtbegin.o
 .init_array    0x000049f4        0x4 .\CortexM0p\ARM_GCC_493\Debug\Cm0plusStart.o
                0x000049f8                __init_array_end = .
                0x000049f8                . = ALIGN (0x4)
 *(.fini)
 .fini          0x000049f8        0x4 c:/program files (x86)/cypress/psoc creator/4.0/psoc creator/import/gnu/arm/4.9.3/bin/../lib/gcc/arm-none-eabi/4.9.3/armv6-m/crti.o
                0x000049f8                _fini
 .fini          0x000049fc        0x8 c:/program files (x86)/cypress/psoc creator/4.0/psoc creator/import/gnu/arm/4.9.3/bin/../lib/gcc/arm-none-eabi/4.9.3/armv6-m/crtn.o
                0x00004a04                . = ALIGN (0x4)
                0x00004a04                __fini_array_start = .
 *(.fini_array)
 .fini_array    0x00004a04        0x4 c:/program files (x86)/cypress/psoc creator/4.0/psoc creator/import/gnu/arm/4.9.3/bin/../lib/gcc/arm-none-eabi/4.9.3/armv6-m/crtbegin.o
 *(SORT(.fini_array.*))
                0x00004a08                __fini_array_end = .
                0x00004a08                . = ALIGN (0x4)
 *crtbegin.o(.ctors)
 *(EXCLUDE_FILE(*crtend.o) .ctors)
 *(SORT(.ctors.*))
 *crtend.o(.ctors)
                0x00004a08                . = ALIGN (0x4)
 *crtbegin.o(.dtors)
 *(EXCLUDE_FILE(*crtend.o) .dtors)
 *(SORT(.dtors.*))
 *crtend.o(.dtors)
                0x00004a08                . = ALIGN (0x4)
                0x00004a08                __cy_regions = .
                0x00004a08        0x4 LONG 0x4a18 __cy_region_init_ram
                0x00004a0c        0x4 LONG 0x200000b0 __cy_region_start_data
                0x00004a10        0x4 LONG 0x80 __cy_region_init_size_ram
                0x00004a14        0x4 LONG 0xc0 __cy_region_zero_size_ram
                0x00004a18                __cy_regions_end = .
                0x00004a18                . = ALIGN (0x8)
                0x00004a18                _etext = .

.cy_checksum_exclude
                0x00004a18        0x0
 *(.cy_checksum_exclude)

.ramvectors     0x20000000       0xa4
                0x20000000                __cy_region_start_ram = .
 *(.ramvectors)
 .ramvectors    0x20000000       0xa4 .\CortexM0p\ARM_GCC_493\Debug\Cm0plusStart.o
                0x20000000                CyRamVectors

.noinit         0x200000a8        0x4
 *(.noinit)
 .noinit        0x200000a8        0x4 .\CortexM0p\ARM_GCC_493\Debug\Cm0plusStart.o

.data           0x200000b0       0x80 load address 0x00004a18
                0x200000b0                __cy_region_start_data = .
 *(.jcr)
 .jcr           0x200000b0        0x0 c:/program files (x86)/cypress/psoc creator/4.0/psoc creator/import/gnu/arm/4.9.3/bin/../lib/gcc/arm-none-eabi/4.9.3/armv6-m/crtbegin.o
 .jcr           0x200000b0        0x4 c:/program files (x86)/cypress/psoc creator/4.0/psoc creator/import/gnu/arm/4.9.3/bin/../lib/gcc/arm-none-eabi/4.9.3/armv6-m/crtend.o
 *(.got.plt)
 *(.got)
 *(.shdata)
 *(.data .data.* .gnu.linkonce.d.*)
 .data          0x200000b4       0x14 .\CortexM0p\ARM_GCC_493\Debug\WW101_AnalogCoProcessor.a(CyLib.o)
                0x200000b4                CySysClkPumpConfig
                0x200000b8                cydelay32kMs
                0x200000bc                cydelayFreqKhz
                0x200000c0                cydelayFreqMhz
                0x200000c4                cydelayFreqHz
 .data          0x200000c8        0x4 .\CortexM0p\ARM_GCC_493\Debug\WW101_AnalogCoProcessor.a(CSD_SensingCSD_LL.o)
                0x200000c8                CSD_configCsd
 .data.impure_data
                0x200000cc       0x60 c:/program files (x86)/cypress/psoc creator/4.0/psoc creator/import/gnu/arm/4.9.3/bin/../lib/gcc/arm-none-eabi/4.9.3/../../../../arm-none-eabi/lib/armv6-m\libg_nano.a(lib_a-impure.o)
 .data._impure_ptr
                0x2000012c        0x4 c:/program files (x86)/cypress/psoc creator/4.0/psoc creator/import/gnu/arm/4.9.3/bin/../lib/gcc/arm-none-eabi/4.9.3/../../../../arm-none-eabi/lib/armv6-m\libg_nano.a(lib_a-impure.o)
                0x2000012c                _impure_ptr
                0x20000130                . = ALIGN (0x8)
 *(.ram)
                0x20000130                _edata = .

.igot.plt       0x20000130        0x0 load address 0x00004a98
 .igot.plt      0x00000000        0x0 c:/program files (x86)/cypress/psoc creator/4.0/psoc creator/import/gnu/arm/4.9.3/bin/../lib/gcc/arm-none-eabi/4.9.3/armv6-m/crtbegin.o

.bss            0x20000130       0xc0 load address 0x00004a98
                0x20000130                PROVIDE (__bss_start__, .)
 *(.shbss)
 *(.bss .bss.* .gnu.linkonce.b.*)
 .bss           0x20000130       0x1c c:/program files (x86)/cypress/psoc creator/4.0/psoc creator/import/gnu/arm/4.9.3/bin/../lib/gcc/arm-none-eabi/4.9.3/armv6-m/crtbegin.o
 .bss           0x2000014c        0x8 .\CortexM0p\ARM_GCC_493\Debug\main.o
                0x2000014c                i2cBuffer
 .bss           0x20000154        0x8 .\CortexM0p\ARM_GCC_493\Debug\WW101_AnalogCoProcessor.a(VrefBuffer.o)
                0x20000158                VrefBuffer_initVar
 .bss           0x2000015c        0x8 .\CortexM0p\ARM_GCC_493\Debug\WW101_AnalogCoProcessor.a(ADC.o)
                0x20000160                ADC_initVar
                0x20000161                ADC_selected
 .bss           0x20000164        0x8 .\CortexM0p\ARM_GCC_493\Debug\WW101_AnalogCoProcessor.a(EZI2C.o)
                0x20000164                EZI2C_initVar
                0x20000168                EZI2C_customIntrHandler
 .bss           0x2000016c        0x2 .\CortexM0p\ARM_GCC_493\Debug\WW101_AnalogCoProcessor.a(EZI2C_EZI2C_INT.o)
 .bss           0x2000016e        0x1 .\CortexM0p\ARM_GCC_493\Debug\WW101_AnalogCoProcessor.a(PVref.o)
                0x2000016e                PVref_initVar
 .bss           0x2000016f        0x1 .\CortexM0p\ARM_GCC_493\Debug\WW101_AnalogCoProcessor.a(CSD_Control.o)
 .bss           0x20000170        0x8 .\CortexM0p\ARM_GCC_493\Debug\WW101_AnalogCoProcessor.a(CSD_Structure.o)
 .bss           0x20000178        0x4 .\CortexM0p\ARM_GCC_493\Debug\WW101_AnalogCoProcessor.a(CSD_Tuner.o)
 .bss           0x2000017c        0x3 .\CortexM0p\ARM_GCC_493\Debug\WW101_AnalogCoProcessor.a(CSD_Sensing.o)
                0x2000017c                CSD_requestScanAllWidget
                0x2000017d                CSD_sensorIndex
                0x2000017e                CSD_widgetIndex
 .bss           0x2000017f        0x1 .\CortexM0p\ARM_GCC_493\Debug\WW101_AnalogCoProcessor.a(CSD_SensingCSD_LL.o)
 *(COMMON)
 COMMON         0x20000180        0xc .\CortexM0p\ARM_GCC_493\Debug\WW101_AnalogCoProcessor.a(ADC.o)
                0x20000180                ADC_countsPer10Volt
                0x20000188                ADC_offset
 COMMON         0x2000018c       0x12 .\CortexM0p\ARM_GCC_493\Debug\WW101_AnalogCoProcessor.a(EZI2C_EZI2C.o)
                0x2000018c                EZI2C_offsetBuf1
                0x2000018e                EZI2C_indexBuf1
                0x20000190                EZI2C_fsmState
                0x20000192                EZI2C_protectBuf1
                0x20000194                EZI2C_curStatus
                0x20000198                EZI2C_dataBuffer1
                0x2000019c                EZI2C_bufSizeBuf1
 *fill*         0x2000019e        0x2 
 COMMON         0x200001a0       0x44 .\CortexM0p\ARM_GCC_493\Debug\WW101_AnalogCoProcessor.a(CSD_Structure.o)
                0x200001a0                CSD_dsRam
 COMMON         0x200001e4        0x8 .\CortexM0p\ARM_GCC_493\Debug\WW101_AnalogCoProcessor.a(CSD_Sensing.o)
                0x200001e4                CSD_curSnsIOPtr
                0x200001e8                CSD_curRamSnsPtr
                0x200001f0                . = ALIGN (0x8)
 *fill*         0x200001ec        0x4 
 *(.ram.b)
                0x200001f0                _end = .
                0x200001f0                __end = .
                0x200001f0                PROVIDE (end, .)
                0x200001f0                PROVIDE (__bss_end__, .)
                0x00004a18                __cy_region_init_ram = LOADADDR (.data)
                0x00000080                __cy_region_init_size_ram = (_edata - ADDR (.data))
                0x000000c0                __cy_region_zero_size_ram = (_end - _edata)

.heap           0x200001f0       0x80 load address 0x00004a98
                0x200001f0                . = _end
                0x20000270                . = (. + 0x80)
 *fill*         0x200001f0       0x80 
                0x20000270                __cy_heap_limit = .

.stack          0x20000800      0x800
                0x20000800                __cy_stack_limit = .
                0x20001000                . = (. + 0x800)
 *fill*         0x20000800      0x800 
                0x00000001                ASSERT ((__cy_stack_limit >= __cy_heap_limit), region RAM overflowed with stack)
                0x00000000                cy_checksum_exclude_size = (CY_APPL_LOADABLE == 0x1)?SIZEOF (.cy_checksum_exclude):0x0
                0x00000001                ASSERT ((cy_checksum_exclude_size <= CY_CHECKSUM_EXCLUDE_SIZE), CY_BOOT: Section .cy_checksum_exclude size exceedes specified limit.)
                0x00007fc0                cyloadermeta_start = (cy_project_type_bootloader || cy_project_type_app_for_stack_and_copier)?(0x8000 - CY_METADATA_SIZE):0xf0000000

.cyloadermeta
 *(.cyloadermeta)
                0x00007fc0                cyloadablemeta_start = cy_project_type_app_for_stack_and_copier?((0x8000 - CY_FLASH_ROW_SIZE) - CY_METADATA_SIZE):((0x8000 - (CY_FLASH_ROW_SIZE * (CY_APPL_NUM - 0x1))) - CY_METADATA_SIZE)

.cyloadablemeta
 *(.cyloadablemeta)

.cyflashprotect
                0x90400000       0x20
 *(.cyflashprotect)
 .cyflashprotect
                0x90400000       0x20 .\CortexM0p\ARM_GCC_493\Debug\cymetadata.o
                0x90400000                cy_meta_flashprotect

.cymeta         0x90500000        0xc
 *(.cymeta)
 .cymeta        0x90500000        0xc .\CortexM0p\ARM_GCC_493\Debug\cymetadata.o
                0x90500000                cy_metadata

.cychipprotect  0x90600000        0x4
 *(.cychipprotect)
 .cychipprotect
                0x90600000        0x4 .\CortexM0p\ARM_GCC_493\Debug\cymetadata.o
                0x90600000                cy_meta_chipprotect

.rel.dyn        0x00004a98        0x0 load address 0x90600004
 .rel.iplt      0x00000000        0x0 c:/program files (x86)/cypress/psoc creator/4.0/psoc creator/import/gnu/arm/4.9.3/bin/../lib/gcc/arm-none-eabi/4.9.3/armv6-m/crtbegin.o

.stab
 *(.stab)

.stabstr
 *(.stabstr)

.debug
 *(.debug)

.line
 *(.line)

.debug_srcinfo
 *(.debug_srcinfo)

.debug_sfnames
 *(.debug_sfnames)

.debug_aranges  0x00000000      0xd68
 *(.debug_aranges)
 .debug_aranges
                0x00000000       0x38 .\CortexM0p\ARM_GCC_493\Debug\main.o
 .debug_aranges
                0x00000038       0x18 .\CortexM0p\ARM_GCC_493\Debug\cymetadata.o
 .debug_aranges
                0x00000050       0x48 .\CortexM0p\ARM_GCC_493\Debug\Cm0plusStart.o
 .debug_aranges
                0x00000098       0x38 .\CortexM0p\ARM_GCC_493\Debug\WW101_AnalogCoProcessor.a(cyfitter_cfg.o)
 .debug_aranges
                0x000000d0       0x28 .\CortexM0p\ARM_GCC_493\Debug\WW101_AnalogCoProcessor.a(Thermistor.o)
 .debug_aranges
                0x000000f8       0x48 .\CortexM0p\ARM_GCC_493\Debug\WW101_AnalogCoProcessor.a(VrefBuffer.o)
 .debug_aranges
                0x00000140       0xe8 .\CortexM0p\ARM_GCC_493\Debug\WW101_AnalogCoProcessor.a(ADC.o)
 .debug_aranges
                0x00000228       0x18 .\CortexM0p\ARM_GCC_493\Debug\WW101_AnalogCoProcessor.a(ADC_INIT.o)
 .debug_aranges
                0x00000240       0x20 .\CortexM0p\ARM_GCC_493\Debug\WW101_AnalogCoProcessor.a(ADC_INT.o)
 .debug_aranges
                0x00000260       0x60 .\CortexM0p\ARM_GCC_493\Debug\WW101_AnalogCoProcessor.a(EZI2C.o)
 .debug_aranges
                0x000002c0       0x50 .\CortexM0p\ARM_GCC_493\Debug\WW101_AnalogCoProcessor.a(EZI2C_EZI2C.o)
 .debug_aranges
                0x00000310       0x20 .\CortexM0p\ARM_GCC_493\Debug\WW101_AnalogCoProcessor.a(EZI2C_EZI2C_INT.o)
 .debug_aranges
                0x00000330       0x48 .\CortexM0p\ARM_GCC_493\Debug\WW101_AnalogCoProcessor.a(PVref.o)
 .debug_aranges
                0x00000378       0x40 .\CortexM0p\ARM_GCC_493\Debug\WW101_AnalogCoProcessor.a(ADC_intSarClock.o)
 .debug_aranges
                0x000003b8       0x80 .\CortexM0p\ARM_GCC_493\Debug\WW101_AnalogCoProcessor.a(ADC_IRQ.o)
 .debug_aranges
                0x00000438      0x1f8 .\CortexM0p\ARM_GCC_493\Debug\WW101_AnalogCoProcessor.a(CyLib.o)
 .debug_aranges
                0x00000630      0x1a8 .\CortexM0p\ARM_GCC_493\Debug\WW101_AnalogCoProcessor.a(CyLFClk.o)
 .debug_aranges
                0x000007d8       0x48 .\CortexM0p\ARM_GCC_493\Debug\WW101_AnalogCoProcessor.a(GreenLED.o)
 .debug_aranges
                0x00000820       0x48 .\CortexM0p\ARM_GCC_493\Debug\WW101_AnalogCoProcessor.a(RedLED.o)
 .debug_aranges
                0x00000868       0x48 .\CortexM0p\ARM_GCC_493\Debug\WW101_AnalogCoProcessor.a(BlueLED.o)
 .debug_aranges
                0x000008b0       0x68 .\CortexM0p\ARM_GCC_493\Debug\WW101_AnalogCoProcessor.a(CSD_Control.o)
 .debug_aranges
                0x00000918       0x48 .\CortexM0p\ARM_GCC_493\Debug\WW101_AnalogCoProcessor.a(CSD_Processing.o)
 .debug_aranges
                0x00000960       0x50 .\CortexM0p\ARM_GCC_493\Debug\WW101_AnalogCoProcessor.a(CSD_Structure.o)
 .debug_aranges
                0x000009b0       0x28 .\CortexM0p\ARM_GCC_493\Debug\WW101_AnalogCoProcessor.a(CSD_Tuner.o)
 .debug_aranges
                0x000009d8       0xa0 .\CortexM0p\ARM_GCC_493\Debug\WW101_AnalogCoProcessor.a(CSD_Filter.o)
 .debug_aranges
                0x00000a78       0xa0 .\CortexM0p\ARM_GCC_493\Debug\WW101_AnalogCoProcessor.a(CSD_Sensing.o)
 .debug_aranges
                0x00000b18       0xd0 .\CortexM0p\ARM_GCC_493\Debug\WW101_AnalogCoProcessor.a(CSD_SensingCSD_LL.o)
 .debug_aranges
                0x00000be8       0x80 .\CortexM0p\ARM_GCC_493\Debug\WW101_AnalogCoProcessor.a(CSD_ISR.o)
 .debug_aranges
                0x00000c68       0x48 .\CortexM0p\ARM_GCC_493\Debug\WW101_AnalogCoProcessor.a(A1.o)
 .debug_aranges
                0x00000cb0       0x20 .\CortexM0p\ARM_GCC_493\Debug\WW101_AnalogCoProcessor.a(CyBootAsmGnu.o)
 .debug_aranges
                0x00000cd0       0x40 .\CortexM0p\ARM_GCC_493\Debug\WW101_AnalogCoProcessor.a(CyFlash.o)
 .debug_aranges
                0x00000d10       0x30 .\CortexM0p\ARM_GCC_493\Debug\WW101_AnalogCoProcessor.a(cyPm.o)
 .debug_aranges
                0x00000d40       0x28 .\CortexM0p\ARM_GCC_493\Debug\WW101_AnalogCoProcessor.a(CSD_INT.o)

.debug_pubnames
 *(.debug_pubnames)

.debug_info     0x00000000     0xa687
 *(.debug_info .gnu.linkonce.wi.*)
 .debug_info    0x00000000      0x839 .\CortexM0p\ARM_GCC_493\Debug\main.o
 .debug_info    0x00000839       0xfe .\CortexM0p\ARM_GCC_493\Debug\cymetadata.o
 .debug_info    0x00000937      0x399 .\CortexM0p\ARM_GCC_493\Debug\Cm0plusStart.o
 .debug_info    0x00000cd0      0x188 .\CortexM0p\ARM_GCC_493\Debug\WW101_AnalogCoProcessor.a(cyfitter_cfg.o)
 .debug_info    0x00000e58      0x198 .\CortexM0p\ARM_GCC_493\Debug\WW101_AnalogCoProcessor.a(Thermistor.o)
 .debug_info    0x00000ff0      0x17c .\CortexM0p\ARM_GCC_493\Debug\WW101_AnalogCoProcessor.a(VrefBuffer.o)
 .debug_info    0x0000116c      0xa2b .\CortexM0p\ARM_GCC_493\Debug\WW101_AnalogCoProcessor.a(ADC.o)
 .debug_info    0x00001b97      0x1ac .\CortexM0p\ARM_GCC_493\Debug\WW101_AnalogCoProcessor.a(ADC_INIT.o)
 .debug_info    0x00001d43       0xc4 .\CortexM0p\ARM_GCC_493\Debug\WW101_AnalogCoProcessor.a(ADC_INT.o)
 .debug_info    0x00001e07      0x297 .\CortexM0p\ARM_GCC_493\Debug\WW101_AnalogCoProcessor.a(EZI2C.o)
 .debug_info    0x0000209e      0x347 .\CortexM0p\ARM_GCC_493\Debug\WW101_AnalogCoProcessor.a(EZI2C_EZI2C.o)
 .debug_info    0x000023e5      0x1df .\CortexM0p\ARM_GCC_493\Debug\WW101_AnalogCoProcessor.a(EZI2C_EZI2C_INT.o)
 .debug_info    0x000025c4      0x15e .\CortexM0p\ARM_GCC_493\Debug\WW101_AnalogCoProcessor.a(PVref.o)
 .debug_info    0x00002722      0x166 .\CortexM0p\ARM_GCC_493\Debug\WW101_AnalogCoProcessor.a(ADC_intSarClock.o)
 .debug_info    0x00002888      0x300 .\CortexM0p\ARM_GCC_493\Debug\WW101_AnalogCoProcessor.a(ADC_IRQ.o)
 .debug_info    0x00002b88      0xe21 .\CortexM0p\ARM_GCC_493\Debug\WW101_AnalogCoProcessor.a(CyLib.o)
 .debug_info    0x000039a9      0xd04 .\CortexM0p\ARM_GCC_493\Debug\WW101_AnalogCoProcessor.a(CyLFClk.o)
 .debug_info    0x000046ad      0x19d .\CortexM0p\ARM_GCC_493\Debug\WW101_AnalogCoProcessor.a(GreenLED.o)
 .debug_info    0x0000484a      0x19d .\CortexM0p\ARM_GCC_493\Debug\WW101_AnalogCoProcessor.a(RedLED.o)
 .debug_info    0x000049e7      0x19d .\CortexM0p\ARM_GCC_493\Debug\WW101_AnalogCoProcessor.a(BlueLED.o)
 .debug_info    0x00004b84      0x9fc .\CortexM0p\ARM_GCC_493\Debug\WW101_AnalogCoProcessor.a(CSD_Control.o)
 .debug_info    0x00005580      0x9ce .\CortexM0p\ARM_GCC_493\Debug\WW101_AnalogCoProcessor.a(CSD_Processing.o)
 .debug_info    0x00005f4e      0xa53 .\CortexM0p\ARM_GCC_493\Debug\WW101_AnalogCoProcessor.a(CSD_Structure.o)
 .debug_info    0x000069a1      0x594 .\CortexM0p\ARM_GCC_493\Debug\WW101_AnalogCoProcessor.a(CSD_Tuner.o)
 .debug_info    0x00006f35      0xb6f .\CortexM0p\ARM_GCC_493\Debug\WW101_AnalogCoProcessor.a(CSD_Filter.o)
 .debug_info    0x00007aa4      0xb72 .\CortexM0p\ARM_GCC_493\Debug\WW101_AnalogCoProcessor.a(CSD_Sensing.o)
 .debug_info    0x00008616      0xf06 .\CortexM0p\ARM_GCC_493\Debug\WW101_AnalogCoProcessor.a(CSD_SensingCSD_LL.o)
 .debug_info    0x0000951c      0x300 .\CortexM0p\ARM_GCC_493\Debug\WW101_AnalogCoProcessor.a(CSD_ISR.o)
 .debug_info    0x0000981c      0x19d .\CortexM0p\ARM_GCC_493\Debug\WW101_AnalogCoProcessor.a(A1.o)
 .debug_info    0x000099b9       0x9f .\CortexM0p\ARM_GCC_493\Debug\WW101_AnalogCoProcessor.a(CyBootAsmGnu.o)
 .debug_info    0x00009a58      0x361 .\CortexM0p\ARM_GCC_493\Debug\WW101_AnalogCoProcessor.a(CyFlash.o)
 .debug_info    0x00009db9      0x17b .\CortexM0p\ARM_GCC_493\Debug\WW101_AnalogCoProcessor.a(cyPm.o)
 .debug_info    0x00009f34      0x753 .\CortexM0p\ARM_GCC_493\Debug\WW101_AnalogCoProcessor.a(CSD_INT.o)

.debug_abbrev   0x00000000     0x2d4d
 *(.debug_abbrev)
 .debug_abbrev  0x00000000      0x203 .\CortexM0p\ARM_GCC_493\Debug\main.o
 .debug_abbrev  0x00000203       0x5d .\CortexM0p\ARM_GCC_493\Debug\cymetadata.o
 .debug_abbrev  0x00000260      0x1df .\CortexM0p\ARM_GCC_493\Debug\Cm0plusStart.o
 .debug_abbrev  0x0000043f      0x102 .\CortexM0p\ARM_GCC_493\Debug\WW101_AnalogCoProcessor.a(cyfitter_cfg.o)
 .debug_abbrev  0x00000541       0xc4 .\CortexM0p\ARM_GCC_493\Debug\WW101_AnalogCoProcessor.a(Thermistor.o)
 .debug_abbrev  0x00000605       0xc8 .\CortexM0p\ARM_GCC_493\Debug\WW101_AnalogCoProcessor.a(VrefBuffer.o)
 .debug_abbrev  0x000006cd      0x219 .\CortexM0p\ARM_GCC_493\Debug\WW101_AnalogCoProcessor.a(ADC.o)
 .debug_abbrev  0x000008e6       0x86 .\CortexM0p\ARM_GCC_493\Debug\WW101_AnalogCoProcessor.a(ADC_INIT.o)
 .debug_abbrev  0x0000096c       0x65 .\CortexM0p\ARM_GCC_493\Debug\WW101_AnalogCoProcessor.a(ADC_INT.o)
 .debug_abbrev  0x000009d1      0x143 .\CortexM0p\ARM_GCC_493\Debug\WW101_AnalogCoProcessor.a(EZI2C.o)
 .debug_abbrev  0x00000b14      0x170 .\CortexM0p\ARM_GCC_493\Debug\WW101_AnalogCoProcessor.a(EZI2C_EZI2C.o)
 .debug_abbrev  0x00000c84       0xc6 .\CortexM0p\ARM_GCC_493\Debug\WW101_AnalogCoProcessor.a(EZI2C_EZI2C_INT.o)
 .debug_abbrev  0x00000d4a       0xaa .\CortexM0p\ARM_GCC_493\Debug\WW101_AnalogCoProcessor.a(PVref.o)
 .debug_abbrev  0x00000df4       0xb7 .\CortexM0p\ARM_GCC_493\Debug\WW101_AnalogCoProcessor.a(ADC_intSarClock.o)
 .debug_abbrev  0x00000eab      0x1b4 .\CortexM0p\ARM_GCC_493\Debug\WW101_AnalogCoProcessor.a(ADC_IRQ.o)
 .debug_abbrev  0x0000105f      0x236 .\CortexM0p\ARM_GCC_493\Debug\WW101_AnalogCoProcessor.a(CyLib.o)
 .debug_abbrev  0x00001295      0x232 .\CortexM0p\ARM_GCC_493\Debug\WW101_AnalogCoProcessor.a(CyLFClk.o)
 .debug_abbrev  0x000014c7       0xc8 .\CortexM0p\ARM_GCC_493\Debug\WW101_AnalogCoProcessor.a(GreenLED.o)
 .debug_abbrev  0x0000158f       0xc8 .\CortexM0p\ARM_GCC_493\Debug\WW101_AnalogCoProcessor.a(RedLED.o)
 .debug_abbrev  0x00001657       0xc8 .\CortexM0p\ARM_GCC_493\Debug\WW101_AnalogCoProcessor.a(BlueLED.o)
 .debug_abbrev  0x0000171f      0x257 .\CortexM0p\ARM_GCC_493\Debug\WW101_AnalogCoProcessor.a(CSD_Control.o)
 .debug_abbrev  0x00001976      0x1e8 .\CortexM0p\ARM_GCC_493\Debug\WW101_AnalogCoProcessor.a(CSD_Processing.o)
 .debug_abbrev  0x00001b5e      0x228 .\CortexM0p\ARM_GCC_493\Debug\WW101_AnalogCoProcessor.a(CSD_Structure.o)
 .debug_abbrev  0x00001d86      0x17e .\CortexM0p\ARM_GCC_493\Debug\WW101_AnalogCoProcessor.a(CSD_Tuner.o)
 .debug_abbrev  0x00001f04      0x290 .\CortexM0p\ARM_GCC_493\Debug\WW101_AnalogCoProcessor.a(CSD_Filter.o)
 .debug_abbrev  0x00002194      0x26e .\CortexM0p\ARM_GCC_493\Debug\WW101_AnalogCoProcessor.a(CSD_Sensing.o)
 .debug_abbrev  0x00002402      0x2a3 .\CortexM0p\ARM_GCC_493\Debug\WW101_AnalogCoProcessor.a(CSD_SensingCSD_LL.o)
 .debug_abbrev  0x000026a5      0x1b4 .\CortexM0p\ARM_GCC_493\Debug\WW101_AnalogCoProcessor.a(CSD_ISR.o)
 .debug_abbrev  0x00002859       0xc8 .\CortexM0p\ARM_GCC_493\Debug\WW101_AnalogCoProcessor.a(A1.o)
 .debug_abbrev  0x00002921       0x14 .\CortexM0p\ARM_GCC_493\Debug\WW101_AnalogCoProcessor.a(CyBootAsmGnu.o)
 .debug_abbrev  0x00002935      0x1c1 .\CortexM0p\ARM_GCC_493\Debug\WW101_AnalogCoProcessor.a(CyFlash.o)
 .debug_abbrev  0x00002af6       0xc6 .\CortexM0p\ARM_GCC_493\Debug\WW101_AnalogCoProcessor.a(cyPm.o)
 .debug_abbrev  0x00002bbc      0x191 .\CortexM0p\ARM_GCC_493\Debug\WW101_AnalogCoProcessor.a(CSD_INT.o)

.debug_line     0x00000000     0x3533
 *(.debug_line)
 .debug_line    0x00000000      0x1b7 .\CortexM0p\ARM_GCC_493\Debug\main.o
 .debug_line    0x000001b7       0x51 .\CortexM0p\ARM_GCC_493\Debug\cymetadata.o
 .debug_line    0x00000208      0x260 .\CortexM0p\ARM_GCC_493\Debug\Cm0plusStart.o
 .debug_line    0x00000468       0xda .\CortexM0p\ARM_GCC_493\Debug\WW101_AnalogCoProcessor.a(cyfitter_cfg.o)
 .debug_line    0x00000542       0xbe .\CortexM0p\ARM_GCC_493\Debug\WW101_AnalogCoProcessor.a(Thermistor.o)
 .debug_line    0x00000600       0xc6 .\CortexM0p\ARM_GCC_493\Debug\WW101_AnalogCoProcessor.a(VrefBuffer.o)
 .debug_line    0x000006c6      0x3b2 .\CortexM0p\ARM_GCC_493\Debug\WW101_AnalogCoProcessor.a(ADC.o)
 .debug_line    0x00000a78       0x58 .\CortexM0p\ARM_GCC_493\Debug\WW101_AnalogCoProcessor.a(ADC_INIT.o)
 .debug_line    0x00000ad0       0x62 .\CortexM0p\ARM_GCC_493\Debug\WW101_AnalogCoProcessor.a(ADC_INT.o)
 .debug_line    0x00000b32      0x128 .\CortexM0p\ARM_GCC_493\Debug\WW101_AnalogCoProcessor.a(EZI2C.o)
 .debug_line    0x00000c5a      0x103 .\CortexM0p\ARM_GCC_493\Debug\WW101_AnalogCoProcessor.a(EZI2C_EZI2C.o)
 .debug_line    0x00000d5d      0x137 .\CortexM0p\ARM_GCC_493\Debug\WW101_AnalogCoProcessor.a(EZI2C_EZI2C_INT.o)
 .debug_line    0x00000e94       0xbf .\CortexM0p\ARM_GCC_493\Debug\WW101_AnalogCoProcessor.a(PVref.o)
 .debug_line    0x00000f53       0xc4 .\CortexM0p\ARM_GCC_493\Debug\WW101_AnalogCoProcessor.a(ADC_intSarClock.o)
 .debug_line    0x00001017      0x153 .\CortexM0p\ARM_GCC_493\Debug\WW101_AnalogCoProcessor.a(ADC_IRQ.o)
 .debug_line    0x0000116a      0x5ca .\CortexM0p\ARM_GCC_493\Debug\WW101_AnalogCoProcessor.a(CyLib.o)
 .debug_line    0x00001734      0x5c1 .\CortexM0p\ARM_GCC_493\Debug\WW101_AnalogCoProcessor.a(CyLFClk.o)
 .debug_line    0x00001cf5       0xc0 .\CortexM0p\ARM_GCC_493\Debug\WW101_AnalogCoProcessor.a(GreenLED.o)
 .debug_line    0x00001db5       0xbe .\CortexM0p\ARM_GCC_493\Debug\WW101_AnalogCoProcessor.a(RedLED.o)
 .debug_line    0x00001e73       0xbf .\CortexM0p\ARM_GCC_493\Debug\WW101_AnalogCoProcessor.a(BlueLED.o)
 .debug_line    0x00001f32      0x20e .\CortexM0p\ARM_GCC_493\Debug\WW101_AnalogCoProcessor.a(CSD_Control.o)
 .debug_line    0x00002140      0x2e5 .\CortexM0p\ARM_GCC_493\Debug\WW101_AnalogCoProcessor.a(CSD_Processing.o)
 .debug_line    0x00002425      0x1ad .\CortexM0p\ARM_GCC_493\Debug\WW101_AnalogCoProcessor.a(CSD_Structure.o)
 .debug_line    0x000025d2       0xfa .\CortexM0p\ARM_GCC_493\Debug\WW101_AnalogCoProcessor.a(CSD_Tuner.o)
 .debug_line    0x000026cc      0x281 .\CortexM0p\ARM_GCC_493\Debug\WW101_AnalogCoProcessor.a(CSD_Filter.o)
 .debug_line    0x0000294d      0x2ab .\CortexM0p\ARM_GCC_493\Debug\WW101_AnalogCoProcessor.a(CSD_Sensing.o)
 .debug_line    0x00002bf8      0x3ae .\CortexM0p\ARM_GCC_493\Debug\WW101_AnalogCoProcessor.a(CSD_SensingCSD_LL.o)
 .debug_line    0x00002fa6      0x153 .\CortexM0p\ARM_GCC_493\Debug\WW101_AnalogCoProcessor.a(CSD_ISR.o)
 .debug_line    0x000030f9       0xba .\CortexM0p\ARM_GCC_493\Debug\WW101_AnalogCoProcessor.a(A1.o)
 .debug_line    0x000031b3       0x68 .\CortexM0p\ARM_GCC_493\Debug\WW101_AnalogCoProcessor.a(CyBootAsmGnu.o)
 .debug_line    0x0000321b      0x17c .\CortexM0p\ARM_GCC_493\Debug\WW101_AnalogCoProcessor.a(CyFlash.o)
 .debug_line    0x00003397       0x98 .\CortexM0p\ARM_GCC_493\Debug\WW101_AnalogCoProcessor.a(cyPm.o)
 .debug_line    0x0000342f      0x104 .\CortexM0p\ARM_GCC_493\Debug\WW101_AnalogCoProcessor.a(CSD_INT.o)

.debug_frame    0x00000000     0x2378
 *(.debug_frame)
 .debug_frame   0x00000000       0x90 .\CortexM0p\ARM_GCC_493\Debug\main.o
 .debug_frame   0x00000090       0xbc .\CortexM0p\ARM_GCC_493\Debug\Cm0plusStart.o
 .debug_frame   0x0000014c       0x74 .\CortexM0p\ARM_GCC_493\Debug\WW101_AnalogCoProcessor.a(cyfitter_cfg.o)
 .debug_frame   0x000001c0       0x48 .\CortexM0p\ARM_GCC_493\Debug\WW101_AnalogCoProcessor.a(Thermistor.o)
 .debug_frame   0x00000208       0x7c .\CortexM0p\ARM_GCC_493\Debug\WW101_AnalogCoProcessor.a(VrefBuffer.o)
 .debug_frame   0x00000284      0x298 .\CortexM0p\ARM_GCC_493\Debug\WW101_AnalogCoProcessor.a(ADC.o)
 .debug_frame   0x0000051c       0x20 .\CortexM0p\ARM_GCC_493\Debug\WW101_AnalogCoProcessor.a(ADC_INT.o)
 .debug_frame   0x0000053c       0xe8 .\CortexM0p\ARM_GCC_493\Debug\WW101_AnalogCoProcessor.a(EZI2C.o)
 .debug_frame   0x00000624       0xa8 .\CortexM0p\ARM_GCC_493\Debug\WW101_AnalogCoProcessor.a(EZI2C_EZI2C.o)
 .debug_frame   0x000006cc       0x30 .\CortexM0p\ARM_GCC_493\Debug\WW101_AnalogCoProcessor.a(EZI2C_EZI2C_INT.o)
 .debug_frame   0x000006fc       0x7c .\CortexM0p\ARM_GCC_493\Debug\WW101_AnalogCoProcessor.a(PVref.o)
 .debug_frame   0x00000778       0x6c .\CortexM0p\ARM_GCC_493\Debug\WW101_AnalogCoProcessor.a(ADC_intSarClock.o)
 .debug_frame   0x000007e4      0x110 .\CortexM0p\ARM_GCC_493\Debug\WW101_AnalogCoProcessor.a(ADC_IRQ.o)
 .debug_frame   0x000008f4      0x4ec .\CortexM0p\ARM_GCC_493\Debug\WW101_AnalogCoProcessor.a(CyLib.o)
 .debug_frame   0x00000de0      0x484 .\CortexM0p\ARM_GCC_493\Debug\WW101_AnalogCoProcessor.a(CyLFClk.o)
 .debug_frame   0x00001264       0x70 .\CortexM0p\ARM_GCC_493\Debug\WW101_AnalogCoProcessor.a(GreenLED.o)
 .debug_frame   0x000012d4       0x70 .\CortexM0p\ARM_GCC_493\Debug\WW101_AnalogCoProcessor.a(RedLED.o)
 .debug_frame   0x00001344       0x70 .\CortexM0p\ARM_GCC_493\Debug\WW101_AnalogCoProcessor.a(BlueLED.o)
 .debug_frame   0x000013b4      0x130 .\CortexM0p\ARM_GCC_493\Debug\WW101_AnalogCoProcessor.a(CSD_Control.o)
 .debug_frame   0x000014e4       0xd8 .\CortexM0p\ARM_GCC_493\Debug\WW101_AnalogCoProcessor.a(CSD_Processing.o)
 .debug_frame   0x000015bc       0xbc .\CortexM0p\ARM_GCC_493\Debug\WW101_AnalogCoProcessor.a(CSD_Structure.o)
 .debug_frame   0x00001678       0x40 .\CortexM0p\ARM_GCC_493\Debug\WW101_AnalogCoProcessor.a(CSD_Tuner.o)
 .debug_frame   0x000016b8      0x22c .\CortexM0p\ARM_GCC_493\Debug\WW101_AnalogCoProcessor.a(CSD_Filter.o)
 .debug_frame   0x000018e4      0x1b0 .\CortexM0p\ARM_GCC_493\Debug\WW101_AnalogCoProcessor.a(CSD_Sensing.o)
 .debug_frame   0x00001a94      0x2a4 .\CortexM0p\ARM_GCC_493\Debug\WW101_AnalogCoProcessor.a(CSD_SensingCSD_LL.o)
 .debug_frame   0x00001d38      0x110 .\CortexM0p\ARM_GCC_493\Debug\WW101_AnalogCoProcessor.a(CSD_ISR.o)
 .debug_frame   0x00001e48       0x70 .\CortexM0p\ARM_GCC_493\Debug\WW101_AnalogCoProcessor.a(A1.o)
 .debug_frame   0x00001eb8       0x88 .\CortexM0p\ARM_GCC_493\Debug\WW101_AnalogCoProcessor.a(CyFlash.o)
 .debug_frame   0x00001f40       0x58 .\CortexM0p\ARM_GCC_493\Debug\WW101_AnalogCoProcessor.a(cyPm.o)
 .debug_frame   0x00001f98       0x40 .\CortexM0p\ARM_GCC_493\Debug\WW101_AnalogCoProcessor.a(CSD_INT.o)
 .debug_frame   0x00001fd8       0x20 c:/program files (x86)/cypress/psoc creator/4.0/psoc creator/import/gnu/arm/4.9.3/bin/../lib/gcc/arm-none-eabi/4.9.3/armv6-m\libgcc.a(_udivsi3.o)
 .debug_frame   0x00001ff8       0x20 c:/program files (x86)/cypress/psoc creator/4.0/psoc creator/import/gnu/arm/4.9.3/bin/../lib/gcc/arm-none-eabi/4.9.3/armv6-m\libgcc.a(_divsi3.o)
 .debug_frame   0x00002018       0x34 c:/program files (x86)/cypress/psoc creator/4.0/psoc creator/import/gnu/arm/4.9.3/bin/../lib/gcc/arm-none-eabi/4.9.3/armv6-m\libgcc.a(_muldi3.o)
 .debug_frame   0x0000204c       0x28 c:/program files (x86)/cypress/psoc creator/4.0/psoc creator/import/gnu/arm/4.9.3/bin/../lib/gcc/arm-none-eabi/4.9.3/armv6-m\libgcc.a(_fixunssfsi.o)
 .debug_frame   0x00002074       0x50 c:/program files (x86)/cypress/psoc creator/4.0/psoc creator/import/gnu/arm/4.9.3/bin/../lib/gcc/arm-none-eabi/4.9.3/armv6-m\libgcc.a(bpabi.o)
 .debug_frame   0x000020c4       0x3c c:/program files (x86)/cypress/psoc creator/4.0/psoc creator/import/gnu/arm/4.9.3/bin/../lib/gcc/arm-none-eabi/4.9.3/armv6-m\libgcc.a(divsf3.o)
 .debug_frame   0x00002100       0x3c c:/program files (x86)/cypress/psoc creator/4.0/psoc creator/import/gnu/arm/4.9.3/bin/../lib/gcc/arm-none-eabi/4.9.3/armv6-m\libgcc.a(mulsf3.o)
 .debug_frame   0x0000213c       0x30 c:/program files (x86)/cypress/psoc creator/4.0/psoc creator/import/gnu/arm/4.9.3/bin/../lib/gcc/arm-none-eabi/4.9.3/armv6-m\libgcc.a(subsf3.o)
 .debug_frame   0x0000216c       0x20 c:/program files (x86)/cypress/psoc creator/4.0/psoc creator/import/gnu/arm/4.9.3/bin/../lib/gcc/arm-none-eabi/4.9.3/armv6-m\libgcc.a(fixsfsi.o)
 .debug_frame   0x0000218c       0x2c c:/program files (x86)/cypress/psoc creator/4.0/psoc creator/import/gnu/arm/4.9.3/bin/../lib/gcc/arm-none-eabi/4.9.3/armv6-m\libgcc.a(floatsisf.o)
 .debug_frame   0x000021b8       0x3c c:/program files (x86)/cypress/psoc creator/4.0/psoc creator/import/gnu/arm/4.9.3/bin/../lib/gcc/arm-none-eabi/4.9.3/armv6-m\libgcc.a(_divdi3.o)
 .debug_frame   0x000021f4       0x3c c:/program files (x86)/cypress/psoc creator/4.0/psoc creator/import/gnu/arm/4.9.3/bin/../lib/gcc/arm-none-eabi/4.9.3/armv6-m\libgcc.a(_udivdi3.o)
 .debug_frame   0x00002230       0x2c c:/program files (x86)/cypress/psoc creator/4.0/psoc creator/import/gnu/arm/4.9.3/bin/../lib/gcc/arm-none-eabi/4.9.3/armv6-m\libgcc.a(eqsf2.o)
 .debug_frame   0x0000225c       0x30 c:/program files (x86)/cypress/psoc creator/4.0/psoc creator/import/gnu/arm/4.9.3/bin/../lib/gcc/arm-none-eabi/4.9.3/armv6-m\libgcc.a(gesf2.o)
 .debug_frame   0x0000228c       0x30 c:/program files (x86)/cypress/psoc creator/4.0/psoc creator/import/gnu/arm/4.9.3/bin/../lib/gcc/arm-none-eabi/4.9.3/armv6-m\libgcc.a(lesf2.o)
 .debug_frame   0x000022bc       0x20 c:/program files (x86)/cypress/psoc creator/4.0/psoc creator/import/gnu/arm/4.9.3/bin/../lib/gcc/arm-none-eabi/4.9.3/../../../../arm-none-eabi/lib/armv6-m\libg_nano.a(lib_a-errno.o)
 .debug_frame   0x000022dc       0x28 c:/program files (x86)/cypress/psoc creator/4.0/psoc creator/import/gnu/arm/4.9.3/bin/../lib/gcc/arm-none-eabi/4.9.3/../../../../arm-none-eabi/lib/armv6-m\libg_nano.a(lib_a-exit.o)
 .debug_frame   0x00002304       0x2c c:/program files (x86)/cypress/psoc creator/4.0/psoc creator/import/gnu/arm/4.9.3/bin/../lib/gcc/arm-none-eabi/4.9.3/../../../../arm-none-eabi/lib/armv6-m\libg_nano.a(lib_a-init.o)
 .debug_frame   0x00002330       0x28 c:/program files (x86)/cypress/psoc creator/4.0/psoc creator/import/gnu/arm/4.9.3/bin/../lib/gcc/arm-none-eabi/4.9.3/../../../../arm-none-eabi/lib/armv6-m\libg_nano.a(lib_a-memcpy.o)
 .debug_frame   0x00002358       0x20 c:/program files (x86)/cypress/psoc creator/4.0/psoc creator/import/gnu/arm/4.9.3/bin/../lib/gcc/arm-none-eabi/4.9.3/../../../../arm-none-eabi/lib/armv6-m\libg_nano.a(lib_a-memset.o)

.debug_str      0x00000000     0x3411
 *(.debug_str)
 .debug_str     0x00000000      0x5d2 .\CortexM0p\ARM_GCC_493\Debug\main.o
                                0x618 (size before relaxing)
 .debug_str     0x000005d2       0x59 .\CortexM0p\ARM_GCC_493\Debug\cymetadata.o
                                0x1e1 (size before relaxing)
 .debug_str     0x0000062b      0x168 .\CortexM0p\ARM_GCC_493\Debug\Cm0plusStart.o
                                0x316 (size before relaxing)
 .debug_str     0x00000793       0x9b .\CortexM0p\ARM_GCC_493\Debug\WW101_AnalogCoProcessor.a(cyfitter_cfg.o)
                                0x237 (size before relaxing)
 .debug_str     0x0000082e       0x66 .\CortexM0p\ARM_GCC_493\Debug\WW101_AnalogCoProcessor.a(Thermistor.o)
                                0x235 (size before relaxing)
 .debug_str     0x00000894       0xb9 .\CortexM0p\ARM_GCC_493\Debug\WW101_AnalogCoProcessor.a(VrefBuffer.o)
                                0x256 (size before relaxing)
 .debug_str     0x0000094d      0x438 .\CortexM0p\ARM_GCC_493\Debug\WW101_AnalogCoProcessor.a(ADC.o)
                                0x647 (size before relaxing)
 .debug_str     0x00000d85       0x22 .\CortexM0p\ARM_GCC_493\Debug\WW101_AnalogCoProcessor.a(ADC_INIT.o)
                                0x285 (size before relaxing)
 .debug_str     0x00000da7       0x35 .\CortexM0p\ARM_GCC_493\Debug\WW101_AnalogCoProcessor.a(ADC_INT.o)
                                0x1c4 (size before relaxing)
 .debug_str     0x00000ddc      0x144 .\CortexM0p\ARM_GCC_493\Debug\WW101_AnalogCoProcessor.a(EZI2C.o)
                                0x2e5 (size before relaxing)
 .debug_str     0x00000f20      0x10e .\CortexM0p\ARM_GCC_493\Debug\WW101_AnalogCoProcessor.a(EZI2C_EZI2C.o)
                                0x34c (size before relaxing)
 .debug_str     0x0000102e       0x97 .\CortexM0p\ARM_GCC_493\Debug\WW101_AnalogCoProcessor.a(EZI2C_EZI2C_INT.o)
                                0x2d5 (size before relaxing)
 .debug_str     0x000010c5       0x76 .\CortexM0p\ARM_GCC_493\Debug\WW101_AnalogCoProcessor.a(PVref.o)
                                0x21b (size before relaxing)
 .debug_str     0x0000113b       0xcf .\CortexM0p\ARM_GCC_493\Debug\WW101_AnalogCoProcessor.a(ADC_intSarClock.o)
                                0x29a (size before relaxing)
 .debug_str     0x0000120a      0x10a .\CortexM0p\ARM_GCC_493\Debug\WW101_AnalogCoProcessor.a(ADC_IRQ.o)
                                0x30d (size before relaxing)
 .debug_str     0x00001314      0x651 .\CortexM0p\ARM_GCC_493\Debug\WW101_AnalogCoProcessor.a(CyLib.o)
                                0x8d4 (size before relaxing)
 .debug_str     0x00001965      0x634 .\CortexM0p\ARM_GCC_493\Debug\WW101_AnalogCoProcessor.a(CyLFClk.o)
                                0x8a0 (size before relaxing)
 .debug_str     0x00001f99       0xb1 .\CortexM0p\ARM_GCC_493\Debug\WW101_AnalogCoProcessor.a(GreenLED.o)
                                0x25e (size before relaxing)
 .debug_str     0x0000204a       0x81 .\CortexM0p\ARM_GCC_493\Debug\WW101_AnalogCoProcessor.a(RedLED.o)
                                0x250 (size before relaxing)
 .debug_str     0x000020cb       0x87 .\CortexM0p\ARM_GCC_493\Debug\WW101_AnalogCoProcessor.a(BlueLED.o)
                                0x257 (size before relaxing)
 .debug_str     0x00002152      0x400 .\CortexM0p\ARM_GCC_493\Debug\WW101_AnalogCoProcessor.a(CSD_Control.o)
                                0x7f9 (size before relaxing)
 .debug_str     0x00002552      0x130 .\CortexM0p\ARM_GCC_493\Debug\WW101_AnalogCoProcessor.a(CSD_Processing.o)
                                0x720 (size before relaxing)
 .debug_str     0x00002682      0x198 .\CortexM0p\ARM_GCC_493\Debug\WW101_AnalogCoProcessor.a(CSD_Structure.o)
                                0x71f (size before relaxing)
 .debug_str     0x0000281a       0xf6 .\CortexM0p\ARM_GCC_493\Debug\WW101_AnalogCoProcessor.a(CSD_Tuner.o)
                                0x590 (size before relaxing)
 .debug_str     0x00002910      0x1eb .\CortexM0p\ARM_GCC_493\Debug\WW101_AnalogCoProcessor.a(CSD_Filter.o)
                                0x69f (size before relaxing)
 .debug_str     0x00002afb      0x2db .\CortexM0p\ARM_GCC_493\Debug\WW101_AnalogCoProcessor.a(CSD_Sensing.o)
                                0x889 (size before relaxing)
 .debug_str     0x00002dd6      0x2f0 .\CortexM0p\ARM_GCC_493\Debug\WW101_AnalogCoProcessor.a(CSD_SensingCSD_LL.o)
                                0x994 (size before relaxing)
 .debug_str     0x000030c6       0xf2 .\CortexM0p\ARM_GCC_493\Debug\WW101_AnalogCoProcessor.a(CSD_ISR.o)
                                0x30d (size before relaxing)
 .debug_str     0x000031b8       0x6a .\CortexM0p\ARM_GCC_493\Debug\WW101_AnalogCoProcessor.a(A1.o)
                                0x234 (size before relaxing)
 .debug_str     0x00003222      0x105 .\CortexM0p\ARM_GCC_493\Debug\WW101_AnalogCoProcessor.a(CyFlash.o)
                                0x311 (size before relaxing)
 .debug_str     0x00003327       0x5f .\CortexM0p\ARM_GCC_493\Debug\WW101_AnalogCoProcessor.a(cyPm.o)
                                0x244 (size before relaxing)
 .debug_str     0x00003386       0x8b .\CortexM0p\ARM_GCC_493\Debug\WW101_AnalogCoProcessor.a(CSD_INT.o)
                                0x610 (size before relaxing)

.debug_loc      0x00000000     0x4e41
 *(.debug_loc)
 .debug_loc     0x00000000      0x202 .\CortexM0p\ARM_GCC_493\Debug\main.o
 .debug_loc     0x00000202      0x14f .\CortexM0p\ARM_GCC_493\Debug\Cm0plusStart.o
 .debug_loc     0x00000351       0x1e .\CortexM0p\ARM_GCC_493\Debug\WW101_AnalogCoProcessor.a(cyfitter_cfg.o)
 .debug_loc     0x0000036f      0x15a .\CortexM0p\ARM_GCC_493\Debug\WW101_AnalogCoProcessor.a(Thermistor.o)
 .debug_loc     0x000004c9       0x21 .\CortexM0p\ARM_GCC_493\Debug\WW101_AnalogCoProcessor.a(VrefBuffer.o)
 .debug_loc     0x000004ea      0x882 .\CortexM0p\ARM_GCC_493\Debug\WW101_AnalogCoProcessor.a(ADC.o)
 .debug_loc     0x00000d6c       0x7e .\CortexM0p\ARM_GCC_493\Debug\WW101_AnalogCoProcessor.a(EZI2C.o)
 .debug_loc     0x00000dea       0xe1 .\CortexM0p\ARM_GCC_493\Debug\WW101_AnalogCoProcessor.a(EZI2C_EZI2C.o)
 .debug_loc     0x00000ecb      0x132 .\CortexM0p\ARM_GCC_493\Debug\WW101_AnalogCoProcessor.a(EZI2C_EZI2C_INT.o)
 .debug_loc     0x00000ffd       0x21 .\CortexM0p\ARM_GCC_493\Debug\WW101_AnalogCoProcessor.a(PVref.o)
 .debug_loc     0x0000101e       0x76 .\CortexM0p\ARM_GCC_493\Debug\WW101_AnalogCoProcessor.a(ADC_intSarClock.o)
 .debug_loc     0x00001094       0x82 .\CortexM0p\ARM_GCC_493\Debug\WW101_AnalogCoProcessor.a(ADC_IRQ.o)
 .debug_loc     0x00001116      0x872 .\CortexM0p\ARM_GCC_493\Debug\WW101_AnalogCoProcessor.a(CyLib.o)
 .debug_loc     0x00001988      0xa81 .\CortexM0p\ARM_GCC_493\Debug\WW101_AnalogCoProcessor.a(CyLFClk.o)
 .debug_loc     0x00002409       0xa2 .\CortexM0p\ARM_GCC_493\Debug\WW101_AnalogCoProcessor.a(GreenLED.o)
 .debug_loc     0x000024ab       0xa2 .\CortexM0p\ARM_GCC_493\Debug\WW101_AnalogCoProcessor.a(RedLED.o)
 .debug_loc     0x0000254d       0xa2 .\CortexM0p\ARM_GCC_493\Debug\WW101_AnalogCoProcessor.a(BlueLED.o)
 .debug_loc     0x000025ef      0x421 .\CortexM0p\ARM_GCC_493\Debug\WW101_AnalogCoProcessor.a(CSD_Control.o)
 .debug_loc     0x00002a10      0x51f .\CortexM0p\ARM_GCC_493\Debug\WW101_AnalogCoProcessor.a(CSD_Processing.o)
 .debug_loc     0x00002f2f      0x3ba .\CortexM0p\ARM_GCC_493\Debug\WW101_AnalogCoProcessor.a(CSD_Structure.o)
 .debug_loc     0x000032e9      0x13d .\CortexM0p\ARM_GCC_493\Debug\WW101_AnalogCoProcessor.a(CSD_Tuner.o)
 .debug_loc     0x00003426      0xa04 .\CortexM0p\ARM_GCC_493\Debug\WW101_AnalogCoProcessor.a(CSD_Filter.o)
 .debug_loc     0x00003e2a      0x43a .\CortexM0p\ARM_GCC_493\Debug\WW101_AnalogCoProcessor.a(CSD_Sensing.o)
 .debug_loc     0x00004264      0x848 .\CortexM0p\ARM_GCC_493\Debug\WW101_AnalogCoProcessor.a(CSD_SensingCSD_LL.o)
 .debug_loc     0x00004aac       0x82 .\CortexM0p\ARM_GCC_493\Debug\WW101_AnalogCoProcessor.a(CSD_ISR.o)
 .debug_loc     0x00004b2e       0xa2 .\CortexM0p\ARM_GCC_493\Debug\WW101_AnalogCoProcessor.a(A1.o)
 .debug_loc     0x00004bd0      0x144 .\CortexM0p\ARM_GCC_493\Debug\WW101_AnalogCoProcessor.a(CyFlash.o)
 .debug_loc     0x00004d14       0x47 .\CortexM0p\ARM_GCC_493\Debug\WW101_AnalogCoProcessor.a(cyPm.o)
 .debug_loc     0x00004d5b       0xe6 .\CortexM0p\ARM_GCC_493\Debug\WW101_AnalogCoProcessor.a(CSD_INT.o)

.debug_macinfo
 *(.debug_macinfo)

.debug_ranges   0x00000000      0xb38
 *(.debug_ranges)
 .debug_ranges  0x00000000       0x28 .\CortexM0p\ARM_GCC_493\Debug\main.o
 .debug_ranges  0x00000028       0x38 .\CortexM0p\ARM_GCC_493\Debug\Cm0plusStart.o
 .debug_ranges  0x00000060       0x28 .\CortexM0p\ARM_GCC_493\Debug\WW101_AnalogCoProcessor.a(cyfitter_cfg.o)
 .debug_ranges  0x00000088       0x18 .\CortexM0p\ARM_GCC_493\Debug\WW101_AnalogCoProcessor.a(Thermistor.o)
 .debug_ranges  0x000000a0       0x38 .\CortexM0p\ARM_GCC_493\Debug\WW101_AnalogCoProcessor.a(VrefBuffer.o)
 .debug_ranges  0x000000d8       0xd8 .\CortexM0p\ARM_GCC_493\Debug\WW101_AnalogCoProcessor.a(ADC.o)
 .debug_ranges  0x000001b0       0x10 .\CortexM0p\ARM_GCC_493\Debug\WW101_AnalogCoProcessor.a(ADC_INT.o)
 .debug_ranges  0x000001c0       0x50 .\CortexM0p\ARM_GCC_493\Debug\WW101_AnalogCoProcessor.a(EZI2C.o)
 .debug_ranges  0x00000210       0x40 .\CortexM0p\ARM_GCC_493\Debug\WW101_AnalogCoProcessor.a(EZI2C_EZI2C.o)
 .debug_ranges  0x00000250       0x10 .\CortexM0p\ARM_GCC_493\Debug\WW101_AnalogCoProcessor.a(EZI2C_EZI2C_INT.o)
 .debug_ranges  0x00000260       0x38 .\CortexM0p\ARM_GCC_493\Debug\WW101_AnalogCoProcessor.a(PVref.o)
 .debug_ranges  0x00000298       0x30 .\CortexM0p\ARM_GCC_493\Debug\WW101_AnalogCoProcessor.a(ADC_intSarClock.o)
 .debug_ranges  0x000002c8       0x70 .\CortexM0p\ARM_GCC_493\Debug\WW101_AnalogCoProcessor.a(ADC_IRQ.o)
 .debug_ranges  0x00000338      0x1e8 .\CortexM0p\ARM_GCC_493\Debug\WW101_AnalogCoProcessor.a(CyLib.o)
 .debug_ranges  0x00000520      0x198 .\CortexM0p\ARM_GCC_493\Debug\WW101_AnalogCoProcessor.a(CyLFClk.o)
 .debug_ranges  0x000006b8       0x38 .\CortexM0p\ARM_GCC_493\Debug\WW101_AnalogCoProcessor.a(GreenLED.o)
 .debug_ranges  0x000006f0       0x38 .\CortexM0p\ARM_GCC_493\Debug\WW101_AnalogCoProcessor.a(RedLED.o)
 .debug_ranges  0x00000728       0x38 .\CortexM0p\ARM_GCC_493\Debug\WW101_AnalogCoProcessor.a(BlueLED.o)
 .debug_ranges  0x00000760       0x58 .\CortexM0p\ARM_GCC_493\Debug\WW101_AnalogCoProcessor.a(CSD_Control.o)
 .debug_ranges  0x000007b8       0x38 .\CortexM0p\ARM_GCC_493\Debug\WW101_AnalogCoProcessor.a(CSD_Processing.o)
 .debug_ranges  0x000007f0       0x40 .\CortexM0p\ARM_GCC_493\Debug\WW101_AnalogCoProcessor.a(CSD_Structure.o)
 .debug_ranges  0x00000830       0x18 .\CortexM0p\ARM_GCC_493\Debug\WW101_AnalogCoProcessor.a(CSD_Tuner.o)
 .debug_ranges  0x00000848       0x90 .\CortexM0p\ARM_GCC_493\Debug\WW101_AnalogCoProcessor.a(CSD_Filter.o)
 .debug_ranges  0x000008d8       0x90 .\CortexM0p\ARM_GCC_493\Debug\WW101_AnalogCoProcessor.a(CSD_Sensing.o)
 .debug_ranges  0x00000968       0xc0 .\CortexM0p\ARM_GCC_493\Debug\WW101_AnalogCoProcessor.a(CSD_SensingCSD_LL.o)
 .debug_ranges  0x00000a28       0x70 .\CortexM0p\ARM_GCC_493\Debug\WW101_AnalogCoProcessor.a(CSD_ISR.o)
 .debug_ranges  0x00000a98       0x38 .\CortexM0p\ARM_GCC_493\Debug\WW101_AnalogCoProcessor.a(A1.o)
 .debug_ranges  0x00000ad0       0x30 .\CortexM0p\ARM_GCC_493\Debug\WW101_AnalogCoProcessor.a(CyFlash.o)
 .debug_ranges  0x00000b00       0x20 .\CortexM0p\ARM_GCC_493\Debug\WW101_AnalogCoProcessor.a(cyPm.o)
 .debug_ranges  0x00000b20       0x18 .\CortexM0p\ARM_GCC_493\Debug\WW101_AnalogCoProcessor.a(CSD_INT.o)

.comment        0x00000000       0x70
 .comment       0x00000000       0x70 .\CortexM0p\ARM_GCC_493\Debug\main.o
                                 0x71 (size before relaxing)
 .comment       0x00000000       0x71 .\CortexM0p\ARM_GCC_493\Debug\cymetadata.o
 .comment       0x00000000       0x71 .\CortexM0p\ARM_GCC_493\Debug\Cm0plusStart.o
 .comment       0x00000000       0x71 .\CortexM0p\ARM_GCC_493\Debug\WW101_AnalogCoProcessor.a(cyfitter_cfg.o)
 .comment       0x00000000       0x71 .\CortexM0p\ARM_GCC_493\Debug\WW101_AnalogCoProcessor.a(Thermistor.o)
 .comment       0x00000000       0x71 .\CortexM0p\ARM_GCC_493\Debug\WW101_AnalogCoProcessor.a(VrefBuffer.o)
 .comment       0x00000000       0x71 .\CortexM0p\ARM_GCC_493\Debug\WW101_AnalogCoProcessor.a(ADC.o)
 .comment       0x00000000       0x71 .\CortexM0p\ARM_GCC_493\Debug\WW101_AnalogCoProcessor.a(ADC_INIT.o)
 .comment       0x00000000       0x71 .\CortexM0p\ARM_GCC_493\Debug\WW101_AnalogCoProcessor.a(ADC_INT.o)
 .comment       0x00000000       0x71 .\CortexM0p\ARM_GCC_493\Debug\WW101_AnalogCoProcessor.a(EZI2C.o)
 .comment       0x00000000       0x71 .\CortexM0p\ARM_GCC_493\Debug\WW101_AnalogCoProcessor.a(EZI2C_EZI2C.o)
 .comment       0x00000000       0x71 .\CortexM0p\ARM_GCC_493\Debug\WW101_AnalogCoProcessor.a(EZI2C_EZI2C_INT.o)
 .comment       0x00000000       0x71 .\CortexM0p\ARM_GCC_493\Debug\WW101_AnalogCoProcessor.a(PVref.o)
 .comment       0x00000000       0x71 .\CortexM0p\ARM_GCC_493\Debug\WW101_AnalogCoProcessor.a(ADC_intSarClock.o)
 .comment       0x00000000       0x71 .\CortexM0p\ARM_GCC_493\Debug\WW101_AnalogCoProcessor.a(ADC_IRQ.o)
 .comment       0x00000000       0x71 .\CortexM0p\ARM_GCC_493\Debug\WW101_AnalogCoProcessor.a(CyLib.o)
 .comment       0x00000000       0x71 .\CortexM0p\ARM_GCC_493\Debug\WW101_AnalogCoProcessor.a(CyLFClk.o)
 .comment       0x00000000       0x71 .\CortexM0p\ARM_GCC_493\Debug\WW101_AnalogCoProcessor.a(GreenLED.o)
 .comment       0x00000000       0x71 .\CortexM0p\ARM_GCC_493\Debug\WW101_AnalogCoProcessor.a(RedLED.o)
 .comment       0x00000000       0x71 .\CortexM0p\ARM_GCC_493\Debug\WW101_AnalogCoProcessor.a(BlueLED.o)
 .comment       0x00000000       0x71 .\CortexM0p\ARM_GCC_493\Debug\WW101_AnalogCoProcessor.a(CSD_Control.o)
 .comment       0x00000000       0x71 .\CortexM0p\ARM_GCC_493\Debug\WW101_AnalogCoProcessor.a(CSD_Processing.o)
 .comment       0x00000000       0x71 .\CortexM0p\ARM_GCC_493\Debug\WW101_AnalogCoProcessor.a(CSD_Structure.o)
 .comment       0x00000000       0x71 .\CortexM0p\ARM_GCC_493\Debug\WW101_AnalogCoProcessor.a(CSD_Tuner.o)
 .comment       0x00000000       0x71 .\CortexM0p\ARM_GCC_493\Debug\WW101_AnalogCoProcessor.a(CSD_Filter.o)
 .comment       0x00000000       0x71 .\CortexM0p\ARM_GCC_493\Debug\WW101_AnalogCoProcessor.a(CSD_Sensing.o)
 .comment       0x00000000       0x71 .\CortexM0p\ARM_GCC_493\Debug\WW101_AnalogCoProcessor.a(CSD_SensingCSD_LL.o)
 .comment       0x00000000       0x71 .\CortexM0p\ARM_GCC_493\Debug\WW101_AnalogCoProcessor.a(CSD_ISR.o)
 .comment       0x00000000       0x71 .\CortexM0p\ARM_GCC_493\Debug\WW101_AnalogCoProcessor.a(A1.o)
 .comment       0x00000000       0x71 .\CortexM0p\ARM_GCC_493\Debug\WW101_AnalogCoProcessor.a(CyFlash.o)
 .comment       0x00000000       0x71 .\CortexM0p\ARM_GCC_493\Debug\WW101_AnalogCoProcessor.a(cyPm.o)
 .comment       0x00000000       0x71 .\CortexM0p\ARM_GCC_493\Debug\WW101_AnalogCoProcessor.a(CSD_INT.o)

.debug_weaknames
 *(.debug_weaknames)

.debug_funcnames
 *(.debug_funcnames)

.debug_typenames
 *(.debug_typenames)

.debug_varnames
 *(.debug_varnames)

.note.gnu.arm.ident
 *(.note.gnu.arm.ident)

.ARM.attributes
                0x00000000       0x28
 *(.ARM.attributes)
 .ARM.attributes
                0x00000000       0x1e c:/program files (x86)/cypress/psoc creator/4.0/psoc creator/import/gnu/arm/4.9.3/bin/../lib/gcc/arm-none-eabi/4.9.3/armv6-m/crti.o
 .ARM.attributes
                0x0000001e       0x2c c:/program files (x86)/cypress/psoc creator/4.0/psoc creator/import/gnu/arm/4.9.3/bin/../lib/gcc/arm-none-eabi/4.9.3/armv6-m/crtbegin.o
 .ARM.attributes
                0x0000004a       0x1b c:/program files (x86)/cypress/psoc creator/4.0/psoc creator/import/gnu/arm/4.9.3/bin/../lib/gcc/arm-none-eabi/4.9.3/../../../../arm-none-eabi/lib/armv6-m/crt0.o
 .ARM.attributes
                0x00000065       0x32 .\CortexM0p\ARM_GCC_493\Debug\main.o
 .ARM.attributes
                0x00000097       0x32 .\CortexM0p\ARM_GCC_493\Debug\cymetadata.o
 .ARM.attributes
                0x000000c9       0x32 .\CortexM0p\ARM_GCC_493\Debug\Cm0plusStart.o
 .ARM.attributes
                0x000000fb       0x32 .\CortexM0p\ARM_GCC_493\Debug\WW101_AnalogCoProcessor.a(cyfitter_cfg.o)
 .ARM.attributes
                0x0000012d       0x32 .\CortexM0p\ARM_GCC_493\Debug\WW101_AnalogCoProcessor.a(Thermistor.o)
 .ARM.attributes
                0x0000015f       0x32 .\CortexM0p\ARM_GCC_493\Debug\WW101_AnalogCoProcessor.a(VrefBuffer.o)
 .ARM.attributes
                0x00000191       0x32 .\CortexM0p\ARM_GCC_493\Debug\WW101_AnalogCoProcessor.a(ADC.o)
 .ARM.attributes
                0x000001c3       0x32 .\CortexM0p\ARM_GCC_493\Debug\WW101_AnalogCoProcessor.a(ADC_INIT.o)
 .ARM.attributes
                0x000001f5       0x32 .\CortexM0p\ARM_GCC_493\Debug\WW101_AnalogCoProcessor.a(ADC_INT.o)
 .ARM.attributes
                0x00000227       0x32 .\CortexM0p\ARM_GCC_493\Debug\WW101_AnalogCoProcessor.a(EZI2C.o)
 .ARM.attributes
                0x00000259       0x32 .\CortexM0p\ARM_GCC_493\Debug\WW101_AnalogCoProcessor.a(EZI2C_EZI2C.o)
 .ARM.attributes
                0x0000028b       0x32 .\CortexM0p\ARM_GCC_493\Debug\WW101_AnalogCoProcessor.a(EZI2C_EZI2C_INT.o)
 .ARM.attributes
                0x000002bd       0x32 .\CortexM0p\ARM_GCC_493\Debug\WW101_AnalogCoProcessor.a(PVref.o)
 .ARM.attributes
                0x000002ef       0x32 .\CortexM0p\ARM_GCC_493\Debug\WW101_AnalogCoProcessor.a(ADC_intSarClock.o)
 .ARM.attributes
                0x00000321       0x32 .\CortexM0p\ARM_GCC_493\Debug\WW101_AnalogCoProcessor.a(ADC_IRQ.o)
 .ARM.attributes
                0x00000353       0x32 .\CortexM0p\ARM_GCC_493\Debug\WW101_AnalogCoProcessor.a(CyLib.o)
 .ARM.attributes
                0x00000385       0x32 .\CortexM0p\ARM_GCC_493\Debug\WW101_AnalogCoProcessor.a(CyLFClk.o)
 .ARM.attributes
                0x000003b7       0x32 .\CortexM0p\ARM_GCC_493\Debug\WW101_AnalogCoProcessor.a(GreenLED.o)
 .ARM.attributes
                0x000003e9       0x32 .\CortexM0p\ARM_GCC_493\Debug\WW101_AnalogCoProcessor.a(RedLED.o)
 .ARM.attributes
                0x0000041b       0x32 .\CortexM0p\ARM_GCC_493\Debug\WW101_AnalogCoProcessor.a(BlueLED.o)
 .ARM.attributes
                0x0000044d       0x32 .\CortexM0p\ARM_GCC_493\Debug\WW101_AnalogCoProcessor.a(CSD_Control.o)
 .ARM.attributes
                0x0000047f       0x32 .\CortexM0p\ARM_GCC_493\Debug\WW101_AnalogCoProcessor.a(CSD_Processing.o)
 .ARM.attributes
                0x000004b1       0x32 .\CortexM0p\ARM_GCC_493\Debug\WW101_AnalogCoProcessor.a(CSD_Structure.o)
 .ARM.attributes
                0x000004e3       0x32 .\CortexM0p\ARM_GCC_493\Debug\WW101_AnalogCoProcessor.a(CSD_Tuner.o)
 .ARM.attributes
                0x00000515       0x32 .\CortexM0p\ARM_GCC_493\Debug\WW101_AnalogCoProcessor.a(CSD_Filter.o)
 .ARM.attributes
                0x00000547       0x32 .\CortexM0p\ARM_GCC_493\Debug\WW101_AnalogCoProcessor.a(CSD_Sensing.o)
 .ARM.attributes
                0x00000579       0x32 .\CortexM0p\ARM_GCC_493\Debug\WW101_AnalogCoProcessor.a(CSD_SensingCSD_LL.o)
 .ARM.attributes
                0x000005ab       0x32 .\CortexM0p\ARM_GCC_493\Debug\WW101_AnalogCoProcessor.a(CSD_ISR.o)
 .ARM.attributes
                0x000005dd       0x32 .\CortexM0p\ARM_GCC_493\Debug\WW101_AnalogCoProcessor.a(A1.o)
 .ARM.attributes
                0x0000060f       0x22 .\CortexM0p\ARM_GCC_493\Debug\WW101_AnalogCoProcessor.a(CyBootAsmGnu.o)
 .ARM.attributes
                0x00000631       0x32 .\CortexM0p\ARM_GCC_493\Debug\WW101_AnalogCoProcessor.a(CyFlash.o)
 .ARM.attributes
                0x00000663       0x32 .\CortexM0p\ARM_GCC_493\Debug\WW101_AnalogCoProcessor.a(cyPm.o)
 .ARM.attributes
                0x00000695       0x32 .\CortexM0p\ARM_GCC_493\Debug\WW101_AnalogCoProcessor.a(CSD_INT.o)
 .ARM.attributes
                0x000006c7       0x1e c:/program files (x86)/cypress/psoc creator/4.0/psoc creator/import/gnu/arm/4.9.3/bin/../lib/gcc/arm-none-eabi/4.9.3/armv6-m\libgcc.a(_udivsi3.o)
 .ARM.attributes
                0x000006e5       0x1e c:/program files (x86)/cypress/psoc creator/4.0/psoc creator/import/gnu/arm/4.9.3/bin/../lib/gcc/arm-none-eabi/4.9.3/armv6-m\libgcc.a(_divsi3.o)
 .ARM.attributes
                0x00000703       0x1e c:/program files (x86)/cypress/psoc creator/4.0/psoc creator/import/gnu/arm/4.9.3/bin/../lib/gcc/arm-none-eabi/4.9.3/armv6-m\libgcc.a(_dvmd_tls.o)
 .ARM.attributes
                0x00000721       0x1e c:/program files (x86)/cypress/psoc creator/4.0/psoc creator/import/gnu/arm/4.9.3/bin/../lib/gcc/arm-none-eabi/4.9.3/armv6-m\libgcc.a(_aeabi_ldivmod.o)
 .ARM.attributes
                0x0000073f       0x2c c:/program files (x86)/cypress/psoc creator/4.0/psoc creator/import/gnu/arm/4.9.3/bin/../lib/gcc/arm-none-eabi/4.9.3/armv6-m\libgcc.a(_muldi3.o)
 .ARM.attributes
                0x0000076b       0x2c c:/program files (x86)/cypress/psoc creator/4.0/psoc creator/import/gnu/arm/4.9.3/bin/../lib/gcc/arm-none-eabi/4.9.3/armv6-m\libgcc.a(_fixunssfsi.o)
 .ARM.attributes
                0x00000797       0x2c c:/program files (x86)/cypress/psoc creator/4.0/psoc creator/import/gnu/arm/4.9.3/bin/../lib/gcc/arm-none-eabi/4.9.3/armv6-m\libgcc.a(bpabi.o)
 .ARM.attributes
                0x000007c3       0x2c c:/program files (x86)/cypress/psoc creator/4.0/psoc creator/import/gnu/arm/4.9.3/bin/../lib/gcc/arm-none-eabi/4.9.3/armv6-m\libgcc.a(divsf3.o)
 .ARM.attributes
                0x000007ef       0x2c c:/program files (x86)/cypress/psoc creator/4.0/psoc creator/import/gnu/arm/4.9.3/bin/../lib/gcc/arm-none-eabi/4.9.3/armv6-m\libgcc.a(mulsf3.o)
 .ARM.attributes
                0x0000081b       0x2c c:/program files (x86)/cypress/psoc creator/4.0/psoc creator/import/gnu/arm/4.9.3/bin/../lib/gcc/arm-none-eabi/4.9.3/armv6-m\libgcc.a(subsf3.o)
 .ARM.attributes
                0x00000847       0x2c c:/program files (x86)/cypress/psoc creator/4.0/psoc creator/import/gnu/arm/4.9.3/bin/../lib/gcc/arm-none-eabi/4.9.3/armv6-m\libgcc.a(fixsfsi.o)
 .ARM.attributes
                0x00000873       0x2c c:/program files (x86)/cypress/psoc creator/4.0/psoc creator/import/gnu/arm/4.9.3/bin/../lib/gcc/arm-none-eabi/4.9.3/armv6-m\libgcc.a(floatsisf.o)
 .ARM.attributes
                0x0000089f       0x1e c:/program files (x86)/cypress/psoc creator/4.0/psoc creator/import/gnu/arm/4.9.3/bin/../lib/gcc/arm-none-eabi/4.9.3/armv6-m\libgcc.a(_arm_cmpsf2.o)
 .ARM.attributes
                0x000008bd       0x1e c:/program files (x86)/cypress/psoc creator/4.0/psoc creator/import/gnu/arm/4.9.3/bin/../lib/gcc/arm-none-eabi/4.9.3/armv6-m\libgcc.a(_clzsi2.o)
 .ARM.attributes
                0x000008db       0x2c c:/program files (x86)/cypress/psoc creator/4.0/psoc creator/import/gnu/arm/4.9.3/bin/../lib/gcc/arm-none-eabi/4.9.3/armv6-m\libgcc.a(_divdi3.o)
 .ARM.attributes
                0x00000907       0x2c c:/program files (x86)/cypress/psoc creator/4.0/psoc creator/import/gnu/arm/4.9.3/bin/../lib/gcc/arm-none-eabi/4.9.3/armv6-m\libgcc.a(_udivdi3.o)
 .ARM.attributes
                0x00000933       0x2c c:/program files (x86)/cypress/psoc creator/4.0/psoc creator/import/gnu/arm/4.9.3/bin/../lib/gcc/arm-none-eabi/4.9.3/armv6-m\libgcc.a(eqsf2.o)
 .ARM.attributes
                0x0000095f       0x2c c:/program files (x86)/cypress/psoc creator/4.0/psoc creator/import/gnu/arm/4.9.3/bin/../lib/gcc/arm-none-eabi/4.9.3/armv6-m\libgcc.a(gesf2.o)
 .ARM.attributes
                0x0000098b       0x2c c:/program files (x86)/cypress/psoc creator/4.0/psoc creator/import/gnu/arm/4.9.3/bin/../lib/gcc/arm-none-eabi/4.9.3/armv6-m\libgcc.a(lesf2.o)
 .ARM.attributes
                0x000009b7       0x1e c:/program files (x86)/cypress/psoc creator/4.0/psoc creator/import/gnu/arm/4.9.3/bin/../lib/gcc/arm-none-eabi/4.9.3/armv6-m\libgcc.a(_clzdi2.o)
 .ARM.attributes
                0x000009d5       0x2c c:/program files (x86)/cypress/psoc creator/4.0/psoc creator/import/gnu/arm/4.9.3/bin/../lib/gcc/arm-none-eabi/4.9.3/../../../../arm-none-eabi/lib/armv6-m\libg_nano.a(lib_a-errno.o)
 .ARM.attributes
                0x00000a01       0x2c c:/program files (x86)/cypress/psoc creator/4.0/psoc creator/import/gnu/arm/4.9.3/bin/../lib/gcc/arm-none-eabi/4.9.3/../../../../arm-none-eabi/lib/armv6-m\libg_nano.a(lib_a-exit.o)
 .ARM.attributes
                0x00000a2d       0x2c c:/program files (x86)/cypress/psoc creator/4.0/psoc creator/import/gnu/arm/4.9.3/bin/../lib/gcc/arm-none-eabi/4.9.3/../../../../arm-none-eabi/lib/armv6-m\libg_nano.a(lib_a-impure.o)
 .ARM.attributes
                0x00000a59       0x2c c:/program files (x86)/cypress/psoc creator/4.0/psoc creator/import/gnu/arm/4.9.3/bin/../lib/gcc/arm-none-eabi/4.9.3/../../../../arm-none-eabi/lib/armv6-m\libg_nano.a(lib_a-init.o)
 .ARM.attributes
                0x00000a85       0x2c c:/program files (x86)/cypress/psoc creator/4.0/psoc creator/import/gnu/arm/4.9.3/bin/../lib/gcc/arm-none-eabi/4.9.3/../../../../arm-none-eabi/lib/armv6-m\libg_nano.a(lib_a-memcpy.o)
 .ARM.attributes
                0x00000ab1       0x2c c:/program files (x86)/cypress/psoc creator/4.0/psoc creator/import/gnu/arm/4.9.3/bin/../lib/gcc/arm-none-eabi/4.9.3/../../../../arm-none-eabi/lib/armv6-m\libg_nano.a(lib_a-memset.o)
 .ARM.attributes
                0x00000add       0x2c c:/program files (x86)/cypress/psoc creator/4.0/psoc creator/import/gnu/arm/4.9.3/bin/../lib/gcc/arm-none-eabi/4.9.3/armv6-m/crtend.o
 .ARM.attributes
                0x00000b09       0x1e c:/program files (x86)/cypress/psoc creator/4.0/psoc creator/import/gnu/arm/4.9.3/bin/../lib/gcc/arm-none-eabi/4.9.3/armv6-m/crtn.o

/DISCARD/
 *(.note.GNU-stack)
OUTPUT(.\CortexM0p\ARM_GCC_493\Debug\WW101_AnalogCoProcessor.elf elf32-littlearm)