Archive member included to satisfy reference by file (symbol)

.\CortexM0\ARM_GCC_541\Release\TestProgram4M.a(Red.o)
                              .\CortexM0\ARM_GCC_541\Release\main.o (Red_Write)
.\CortexM0\ARM_GCC_541\Release\TestProgram4M.a(Green.o)
                              .\CortexM0\ARM_GCC_541\Release\main.o (Green_Write)
.\CortexM0\ARM_GCC_541\Release\TestProgram4M.a(I2C.o)
                              .\CortexM0\ARM_GCC_541\Release\main.o (I2C_Start)
.\CortexM0\ARM_GCC_541\Release\TestProgram4M.a(I2C_I2C.o)
                              .\CortexM0\ARM_GCC_541\Release\TestProgram4M.a(I2C.o) (I2C_I2CInit)
.\CortexM0\ARM_GCC_541\Release\TestProgram4M.a(I2C_I2C_MASTER.o)
                              .\CortexM0\ARM_GCC_541\Release\main.o (I2C_I2CMasterSendStart)
.\CortexM0\ARM_GCC_541\Release\TestProgram4M.a(ADC.o)
                              .\CortexM0\ARM_GCC_541\Release\main.o (ADC_Start)
.\CortexM0\ARM_GCC_541\Release\TestProgram4M.a(ADC_INT.o)
                              .\CortexM0\ARM_GCC_541\Release\TestProgram4M.a(ADC.o) (ADC_ISR)
.\CortexM0\ARM_GCC_541\Release\TestProgram4M.a(SW1.o)
                              .\CortexM0\ARM_GCC_541\Release\main.o (SW1_Read)
.\CortexM0\ARM_GCC_541\Release\TestProgram4M.a(SWISR.o)
                              .\CortexM0\ARM_GCC_541\Release\main.o (SWISR_StartEx)
.\CortexM0\ARM_GCC_541\Release\TestProgram4M.a(Timer.o)
                              .\CortexM0\ARM_GCC_541\Release\main.o (Timer_Start)
.\CortexM0\ARM_GCC_541\Release\TestProgram4M.a(CyLib.o)
                              .\CortexM0\ARM_GCC_541\Release\cyfitter_cfg.o (CyIntSetVector)
.\CortexM0\ARM_GCC_541\Release\TestProgram4M.a(CyLFClk.o)
                              .\CortexM0\ARM_GCC_541\Release\TestProgram4M.a(CyLib.o) (CySysClkWcoEnabled)
.\CortexM0\ARM_GCC_541\Release\TestProgram4M.a(CyBootAsmGnu.o)
                              .\CortexM0\ARM_GCC_541\Release\main.o (CyDelayCycles)
.\CortexM0\ARM_GCC_541\Release\TestProgram4M.a(I2C_I2C_INT.o)
                              .\CortexM0\ARM_GCC_541\Release\TestProgram4M.a(I2C_I2C.o) (I2C_I2C_ISR)
.\CortexM0\ARM_GCC_541\Release\TestProgram4M.a(CyFlash.o)
                              .\CortexM0\ARM_GCC_541\Release\TestProgram4M.a(CyLib.o) (CySysFlashSetWaitCycles)
c:/program files (x86)/cypress/psoc creator/4.1/psoc creator/import/gnu/arm/5.4.1/bin/../lib/gcc/arm-none-eabi/5.4.1/armv6-m\libgcc.a(_thumb1_case_uqi.o)
                              .\CortexM0\ARM_GCC_541\Release\main.o (__gnu_thumb1_case_uqi)
c:/program files (x86)/cypress/psoc creator/4.1/psoc creator/import/gnu/arm/5.4.1/bin/../lib/gcc/arm-none-eabi/5.4.1/armv6-m\libgcc.a(_udivsi3.o)
                              .\CortexM0\ARM_GCC_541\Release\u8g2_selection_list.o (__aeabi_uidiv)
c:/program files (x86)/cypress/psoc creator/4.1/psoc creator/import/gnu/arm/5.4.1/bin/../lib/gcc/arm-none-eabi/5.4.1/armv6-m\libgcc.a(_divsi3.o)
                              .\CortexM0\ARM_GCC_541\Release\u8g2_polygon.o (__aeabi_idiv)
c:/program files (x86)/cypress/psoc creator/4.1/psoc creator/import/gnu/arm/5.4.1/bin/../lib/gcc/arm-none-eabi/5.4.1/armv6-m\libgcc.a(_dvmd_tls.o)
                              c:/program files (x86)/cypress/psoc creator/4.1/psoc creator/import/gnu/arm/5.4.1/bin/../lib/gcc/arm-none-eabi/5.4.1/armv6-m\libgcc.a(_udivsi3.o) (__aeabi_idiv0)
c:/program files (x86)/cypress/psoc creator/4.1/psoc creator/import/gnu/arm/5.4.1/bin/../lib/gcc/arm-none-eabi/5.4.1/armv6-m\libgcc.a(_arm_cmpdf2.o)
                              .\CortexM0\ARM_GCC_541\Release\main.o (__aeabi_dcmplt)
c:/program files (x86)/cypress/psoc creator/4.1/psoc creator/import/gnu/arm/5.4.1/bin/../lib/gcc/arm-none-eabi/5.4.1/armv6-m\libgcc.a(_arm_cmpsf2.o)
                              .\CortexM0\ARM_GCC_541\Release\main.o (__aeabi_fcmplt)
c:/program files (x86)/cypress/psoc creator/4.1/psoc creator/import/gnu/arm/5.4.1/bin/../lib/gcc/arm-none-eabi/5.4.1/armv6-m\libgcc.a(_aeabi_ldivmod.o)
                              .\CortexM0\ARM_GCC_541\Release\TestProgram4M.a(ADC.o) (__aeabi_ldivmod)
c:/program files (x86)/cypress/psoc creator/4.1/psoc creator/import/gnu/arm/5.4.1/bin/../lib/gcc/arm-none-eabi/5.4.1/armv6-m\libgcc.a(_muldi3.o)
                              .\CortexM0\ARM_GCC_541\Release\TestProgram4M.a(ADC.o) (__aeabi_lmul)
c:/program files (x86)/cypress/psoc creator/4.1/psoc creator/import/gnu/arm/5.4.1/bin/../lib/gcc/arm-none-eabi/5.4.1/armv6-m\libgcc.a(bpabi.o)
                              c:/program files (x86)/cypress/psoc creator/4.1/psoc creator/import/gnu/arm/5.4.1/bin/../lib/gcc/arm-none-eabi/5.4.1/armv6-m\libgcc.a(_aeabi_ldivmod.o) (__gnu_ldivmod_helper)
c:/program files (x86)/cypress/psoc creator/4.1/psoc creator/import/gnu/arm/5.4.1/bin/../lib/gcc/arm-none-eabi/5.4.1/armv6-m\libgcc.a(divsf3.o)
                              .\CortexM0\ARM_GCC_541\Release\main.o (__aeabi_fdiv)
[...]
Memory Configuration

Name             Origin             Length             Attributes
rom              0x00000000         0x00020000         xr
ram              0x20000000         0x00004000         xrw
*default*        0x00000000         0xffffffff

Linker script and memory map

LOAD c:/program files (x86)/cypress/psoc creator/4.1/psoc creator/import/gnu/arm/5.4.1/bin/../lib/gcc/arm-none-eabi/5.4.1/armv6-m/crti.o
LOAD c:/program files (x86)/cypress/psoc creator/4.1/psoc creator/import/gnu/arm/5.4.1/bin/../lib/gcc/arm-none-eabi/5.4.1/armv6-m/crtbegin.o
LOAD c:/program files (x86)/cypress/psoc creator/4.1/psoc creator/import/gnu/arm/5.4.1/bin/../lib/gcc/arm-none-eabi/5.4.1/../../../../arm-none-eabi/lib/armv6-m/crt0.o
START GROUP
LOAD .\CortexM0\ARM_GCC_541\Release\main.o
LOAD .\CortexM0\ARM_GCC_541\Release\u8g2_bitmap.o
LOAD .\CortexM0\ARM_GCC_541\Release\u8g2_box.o
LOAD .\CortexM0\ARM_GCC_541\Release\u8g2_buffer.o
LOAD .\CortexM0\ARM_GCC_541\Release\u8g2_circle.o
LOAD .\CortexM0\ARM_GCC_541\Release\u8g2_cleardisplay.o
LOAD .\CortexM0\ARM_GCC_541\Release\u8g2_d_memory.o
LOAD .\CortexM0\ARM_GCC_541\Release\u8g2_d_setup.o
LOAD .\CortexM0\ARM_GCC_541\Release\u8g2_font.o
LOAD .\CortexM0\ARM_GCC_541\Release\u8g2_fonts.o
LOAD .\CortexM0\ARM_GCC_541\Release\u8g2_hvline.o
LOAD .\CortexM0\ARM_GCC_541\Release\u8g2_input_value.o
LOAD .\CortexM0\ARM_GCC_541\Release\u8g2_intersection.o
LOAD .\CortexM0\ARM_GCC_541\Release\u8g2_kerning.o
LOAD .\CortexM0\ARM_GCC_541\Release\u8g2_line.o
LOAD .\CortexM0\ARM_GCC_541\Release\u8g2_ll_hvline.o
LOAD .\CortexM0\ARM_GCC_541\Release\u8g2_message.o
LOAD .\CortexM0\ARM_GCC_541\Release\u8g2_polygon.o
LOAD .\CortexM0\ARM_GCC_541\Release\u8g2_selection_list.o
LOAD .\CortexM0\ARM_GCC_541\Release\u8g2_setup.o
LOAD .\CortexM0\ARM_GCC_541\Release\u8x8_8x8.o
LOAD .\CortexM0\ARM_GCC_541\Release\u8x8_byte.o
LOAD .\CortexM0\ARM_GCC_541\Release\u8x8_cad.o
LOAD .\CortexM0\ARM_GCC_541\Release\u8x8_d_a2printer.o
LOAD .\CortexM0\ARM_GCC_541\Release\u8x8_d_ist3020.o
LOAD .\CortexM0\ARM_GCC_541\Release\u8x8_d_ks0108.o
LOAD .\CortexM0\ARM_GCC_541\Release\u8x8_d_lc7981.o
LOAD .\CortexM0\ARM_GCC_541\Release\u8x8_d_ld7032_60x32.o
LOAD .\CortexM0\ARM_GCC_541\Release\u8x8_d_ls013b7dh03.o
LOAD .\CortexM0\ARM_GCC_541\Release\u8x8_d_pcd8544_84x48.o
LOAD .\CortexM0\ARM_GCC_541\Release\u8x8_d_pcf8812.o
LOAD .\CortexM0\ARM_GCC_541\Release\u8x8_d_sed1330.o
LOAD .\CortexM0\ARM_GCC_541\Release\u8x8_d_ssd1305.o
LOAD .\CortexM0\ARM_GCC_541\Release\u8x8_d_ssd1306_64x48.o
LOAD .\CortexM0\ARM_GCC_541\Release\u8x8_d_ssd1306_128x32.o
LOAD .\CortexM0\ARM_GCC_541\Release\u8x8_d_ssd1306_128x64_noname.o
LOAD .\CortexM0\ARM_GCC_541\Release\u8x8_d_ssd1309.o
LOAD .\CortexM0\ARM_GCC_541\Release\u8x8_d_ssd1322.o
LOAD .\CortexM0\ARM_GCC_541\Release\u8x8_d_ssd1325.o
LOAD .\CortexM0\ARM_GCC_541\Release\u8x8_d_ssd1327.o
LOAD .\CortexM0\ARM_GCC_541\Release\u8x8_d_ssd1606_172x72.o
LOAD .\CortexM0\ARM_GCC_541\Release\u8x8_d_ssd1607_200x200.o
LOAD .\CortexM0\ARM_GCC_541\Release\u8x8_d_st7565.o
LOAD .\CortexM0\ARM_GCC_541\Release\u8x8_d_st7567.o
LOAD .\CortexM0\ARM_GCC_541\Release\u8x8_d_st7588.o
LOAD .\CortexM0\ARM_GCC_541\Release\u8x8_d_st7920.o
LOAD .\CortexM0\ARM_GCC_541\Release\u8x8_d_st75256.o
LOAD .\CortexM0\ARM_GCC_541\Release\u8x8_d_stdio.o
LOAD .\CortexM0\ARM_GCC_541\Release\u8x8_d_t6963.o
LOAD .\CortexM0\ARM_GCC_541\Release\u8x8_d_uc1604.o
LOAD .\CortexM0\ARM_GCC_541\Release\u8x8_d_uc1608.o
LOAD .\CortexM0\ARM_GCC_541\Release\u8x8_d_uc1610.o
LOAD .\CortexM0\ARM_GCC_541\Release\u8x8_d_uc1611.o
LOAD .\CortexM0\ARM_GCC_541\Release\u8x8_d_uc1701_dogs102.o
LOAD .\CortexM0\ARM_GCC_541\Release\u8x8_d_uc1701_mini12864.o
LOAD .\CortexM0\ARM_GCC_541\Release\u8x8_debounce.o
LOAD .\CortexM0\ARM_GCC_541\Release\u8x8_display.o
LOAD .\CortexM0\ARM_GCC_541\Release\u8x8_fonts.o
LOAD .\CortexM0\ARM_GCC_541\Release\u8x8_gpio.o
LOAD .\CortexM0\ARM_GCC_541\Release\u8x8_input_value.o
LOAD .\CortexM0\ARM_GCC_541\Release\u8x8_message.o
LOAD .\CortexM0\ARM_GCC_541\Release\u8x8_selection_list.o
LOAD .\CortexM0\ARM_GCC_541\Release\u8x8_setup.o
LOAD .\CortexM0\ARM_GCC_541\Release\u8x8_string.o
LOAD .\CortexM0\ARM_GCC_541\Release\u8x8_u8toa.o
LOAD .\CortexM0\ARM_GCC_541\Release\u8x8_u16toa.o
LOAD .\CortexM0\ARM_GCC_541\Release\cyfitter_cfg.o
LOAD .\CortexM0\ARM_GCC_541\Release\cymetadata.o
LOAD .\CortexM0\ARM_GCC_541\Release\Cm0Start.o
LOAD .\CortexM0\ARM_GCC_541\Release\TestProgram4M.a
LOAD C:\Program Files (x86)\Cypress\PSoC Creator\4.1\PSoC Creator\psoc\content\cycomponentlibrary\CyComponentLibrary.cylib\CortexM0\ARM_GCC_541\Release\CyComponentLibrary.a
END GROUP
START GROUP
LOAD c:/program files (x86)/cypress/psoc creator/4.1/psoc creator/import/gnu/arm/5.4.1/bin/../lib/gcc/arm-none-eabi/5.4.1/armv6-m\libgcc.a
LOAD c:/program files (x86)/cypress/psoc creator/4.1/psoc creator/import/gnu/arm/5.4.1/bin/../lib/gcc/arm-none-eabi/5.4.1/../../../../arm-none-eabi/lib/armv6-m\libg_nano.a
LOAD c:/program files (x86)/cypress/psoc creator/4.1/psoc creator/import/gnu/arm/5.4.1/bin/../lib/gcc/arm-none-eabi/5.4.1/../../../../arm-none-eabi/lib/armv6-m\libc_nano.a
END GROUP
START GROUP
LOAD c:/program files (x86)/cypress/psoc creator/4.1/psoc creator/import/gnu/arm/5.4.1/bin/../lib/gcc/arm-none-eabi/5.4.1/armv6-m\libgcc.a
LOAD c:/program files (x86)/cypress/psoc creator/4.1/psoc creator/import/gnu/arm/5.4.1/bin/../lib/gcc/arm-none-eabi/5.4.1/../../../../arm-none-eabi/lib/armv6-m\libc_nano.a
END GROUP
LOAD c:/program files (x86)/cypress/psoc creator/4.1/psoc creator/import/gnu/arm/5.4.1/bin/../lib/gcc/arm-none-eabi/5.4.1/armv6-m/crtend.o
LOAD c:/program files (x86)/cypress/psoc creator/4.1/psoc creator/import/gnu/arm/5.4.1/bin/../lib/gcc/arm-none-eabi/5.4.1/armv6-m/crtn.o
START GROUP
LOAD c:/program files (x86)/cypress/psoc creator/4.1/psoc creator/import/gnu/arm/5.4.1/bin/../lib/gcc/arm-none-eabi/5.4.1/armv6-m\libgcc.a
LOAD c:/program files (x86)/cypress/psoc creator/4.1/psoc creator/import/gnu/arm/5.4.1/bin/../lib/gcc/arm-none-eabi/5.4.1/../../../../arm-none-eabi/lib/armv6-m\libc.a
LOAD c:/program files (x86)/cypress/psoc creator/4.1/psoc creator/import/gnu/arm/5.4.1/bin/../lib/gcc/arm-none-eabi/5.4.1/../../../../arm-none-eabi/lib/armv6-m\libnosys.a
END GROUP
                0x00000000                CY_APPL_ORIGIN = 0x0
                0x00000080                CY_FLASH_ROW_SIZE = 0x80
                0x00000001                CY_APPL_NUM = 0x1
                0x00000001                CY_APPL_MAX = 0x1
                0x00000040                CY_METADATA_SIZE = 0x40
                0x00000000                CY_APPL_LOADABLE = 0x0
                0x00000000                CY_CHECKSUM_EXCLUDE_SIZE = ALIGN (0x0, CY_FLASH_ROW_SIZE)
                0x00000000                CY_APP_FOR_STACK_AND_COPIER = 0x0
                [!provide]                PROVIDE (__cy_heap_start, _end)
                0x00000001                PROVIDE (__cy_region_num, ((__cy_regions_end - __cy_regions) / 0x10))
                0x20004000                PROVIDE (__cy_stack, (ORIGIN (ram) + LENGTH (ram)))
                [!provide]                PROVIDE (__cy_heap_end, (__cy_stack - 0x1000))

.cybootloader   0x00000000        0x0
 *(.cybootloader)
                0x00000000                appl1_start = CY_APPL_ORIGIN?CY_APPL_ORIGIN:ALIGN (CY_FLASH_ROW_SIZE)
                0x0000ff80                appl2_start = (appl1_start + ALIGN ((((LENGTH (rom) - appl1_start) - (0x2 * CY_FLASH_ROW_SIZE)) / 0x2), CY_FLASH_ROW_SIZE))
                0x00000000                appl_start = (CY_APPL_NUM == 0x1)?appl1_start:appl2_start
                0x00000001                cy_project_type_bootloader = (appl_start == 0x0)?0x1:0x0
                0x00000000                cy_project_type_app_for_stack_and_copier = (CY_APP_FOR_STACK_AND_COPIER == 0x1)?0x1:0x0

.text           0x00000000     0x67cc
 CREATE_OBJECT_SYMBOLS
                0x00000000                PROVIDE (__cy_interrupt_vector, RomVectors)
 *(.romvectors)
 .romvectors    0x00000000       0x10 .\CortexM0\ARM_GCC_541\Release\Cm0Start.o
                0x00000000                RomVectors
                0x00000001                ASSERT ((. != __cy_interrupt_vector), No interrupt vector)
                0x00000001                ASSERT (CY_APPL_ORIGIN?(SIZEOF (.cybootloader) <= CY_APPL_ORIGIN):0x1, Wrong image location)
                0x00000010                PROVIDE (__cy_reset, Reset)
 *(.text.Reset)
 .text.Reset    0x00000010        0x6 .\CortexM0\ARM_GCC_541\Release\Cm0Start.o
                0x00000010                Reset
                0x00000001                ASSERT ((. != __cy_reset), No reset code)
 *(.psocinit)
 *fill*         0x00000016        0x2 
 .psocinit      0x00000018      0x250 .\CortexM0\ARM_GCC_541\Release\cyfitter_cfg.o
                0x00000018                cyfitter_cfg
                0x00000268                . = MAX (., 0x100)
 *(.text .text.* .gnu.linkonce.t.*)
 .text          0x00000268       0x60 c:/program files (x86)/cypress/psoc creator/4.1/psoc creator/import/gnu/arm/5.4.1/bin/../lib/gcc/arm-none-eabi/5.4.1/armv6-m/crtbegin.o
 .text.sysTickISR
                0x000002c8       0x18 .\CortexM0\ARM_GCC_541\Release\main.o
                0x000002c8                sysTickISR
 .text.psoc_gpio_and_delay_cb
                0x000002e0       0x2c .\CortexM0\ARM_GCC_541\Release\main.o
                0x000002e0                psoc_gpio_and_delay_cb
 .text.displayDataScreen0
                0x0000030c       0x90 .\CortexM0\ARM_GCC_541\Release\main.o
                0x0000030c                displayDataScreen0
 .text.displayDataScreen1
                0x0000039c      0x174 .\CortexM0\ARM_GCC_541\Release\main.o
                0x0000039c                displayDataScreen1
 .text.displayDataScreen2
                0x00000510       0x64 .\CortexM0\ARM_GCC_541\Release\main.o
                0x00000510                displayDataScreen2
 .text.displayTestScreen
                0x00000574       0xec .\CortexM0\ARM_GCC_541\Release\main.o
                0x00000574                displayTestScreen
 .text.handleBaseSwitch
                0x00000660       0x24 .\CortexM0\ARM_GCC_541\Release\main.o
                0x00000660                handleBaseSwitch
 .text.u8x8_byte_hw_i2c
                0x00000684       0x4a .\CortexM0\ARM_GCC_541\Release\main.o
                0x00000684                u8x8_byte_hw_i2c
 *fill*         0x000006ce        0x2 
 .text.switchScreen
                0x000006d0       0x5c .\CortexM0\ARM_GCC_541\Release\main.o
                0x000006d0                switchScreen
 .text.testParameters
                0x0000072c      0x1e0 .\CortexM0\ARM_GCC_541\Release\main.o
                0x0000072c                testParameters
 .text.startup.main
                0x0000090c      0x1d4 .\CortexM0\ARM_GCC_541\Release\main.o
                0x0000090c                main
 .text.u8x8_get_glyph_data
                0x00000ae0       0x5e .\CortexM0\ARM_GCC_541\Release\u8x8_8x8.o
 *fill*         0x00000b3e        0x2 
 .text.u8x8_ascii_next
                0x00000b40       0x14 .\CortexM0\ARM_GCC_541\Release\u8x8_8x8.o
                0x00000b40                u8x8_ascii_next
 .text.u8x8_SetFont
                0x00000b54        0x4 .\CortexM0\ARM_GCC_541\Release\u8x8_8x8.o
                0x00000b54                u8x8_SetFont
 .text.u8x8_DrawGlyph
                0x00000b58       0x26 .\CortexM0\ARM_GCC_541\Release\u8x8_8x8.o
                0x00000b58                u8x8_DrawGlyph
 *fill*         0x00000b7e        0x2 
 .text.u8x8_draw_string
                0x00000b80       0x48 .\CortexM0\ARM_GCC_541\Release\u8x8_8x8.o
 .text.u8x8_DrawString
                0x00000bc8       0x10 .\CortexM0\ARM_GCC_541\Release\u8x8_8x8.o
                0x00000bc8                u8x8_DrawString
 .text.u8x8_byte_SendBytes
                0x00000bd8        0xe .\CortexM0\ARM_GCC_541\Release\u8x8_byte.o
                0x00000bd8                u8x8_byte_SendBytes
 .text.u8x8_byte_SendByte
                0x00000be6       0x10 .\CortexM0\ARM_GCC_541\Release\u8x8_byte.o
                0x00000be6                u8x8_byte_SendByte
 .text.u8x8_byte_StartTransfer
                0x00000bf6        0xe .\CortexM0\ARM_GCC_541\Release\u8x8_byte.o
                0x00000bf6                u8x8_byte_StartTransfer
 .text.u8x8_byte_EndTransfer
                0x00000c04        0xe .\CortexM0\ARM_GCC_541\Release\u8x8_byte.o
                0x00000c04                u8x8_byte_EndTransfer
 .text.u8x8_i2c_data_transfer
                0x00000c12       0x28 .\CortexM0\ARM_GCC_541\Release\u8x8_cad.o
 .text.u8x8_cad_SendCmd
                0x00000c3a        0xe .\CortexM0\ARM_GCC_541\Release\u8x8_cad.o
                0x00000c3a                u8x8_cad_SendCmd
 .text.u8x8_cad_SendArg
                0x00000c48        0xe .\CortexM0\ARM_GCC_541\Release\u8x8_cad.o
                0x00000c48                u8x8_cad_SendArg
 .text.u8x8_cad_SendData
                0x00000c56        0xe .\CortexM0\ARM_GCC_541\Release\u8x8_cad.o
                0x00000c56                u8x8_cad_SendData
 .text.u8x8_cad_StartTransfer
                0x00000c64        0xe .\CortexM0\ARM_GCC_541\Release\u8x8_cad.o
                0x00000c64                u8x8_cad_StartTransfer
 .text.u8x8_cad_EndTransfer
                0x00000c72        0xe .\CortexM0\ARM_GCC_541\Release\u8x8_cad.o
                0x00000c72                u8x8_cad_EndTransfer
 .text.u8x8_cad_SendSequence
                0x00000c80       0x60 .\CortexM0\ARM_GCC_541\Release\u8x8_cad.o
                0x00000c80                u8x8_cad_SendSequence
 .text.u8x8_cad_ssd13xx_i2c
                0x00000ce0       0x76 .\CortexM0\ARM_GCC_541\Release\u8x8_cad.o
                0x00000ce0                u8x8_cad_ssd13xx_i2c
 *fill*         0x00000d56        0x2 
 .text.u8x8_d_ssd1306_sh1106_generic
                0x00000d58       0xc8 .\CortexM0\ARM_GCC_541\Release\u8x8_d_ssd1306_128x64_noname.o
 .text.u8x8_d_ssd1306_128x64_noname
                0x00000e20       0x3c .\CortexM0\ARM_GCC_541\Release\u8x8_d_ssd1306_128x64_noname.o
                0x00000e20                u8x8_d_ssd1306_128x64_noname
 .text.u8x8_d_helper_display_setup_memory
                0x00000e5c        0x8 .\CortexM0\ARM_GCC_541\Release\u8x8_display.o
                0x00000e5c                u8x8_d_helper_display_setup_memory
 .text.u8x8_d_helper_display_init
                0x00000e64       0x5e .\CortexM0\ARM_GCC_541\Release\u8x8_display.o
                0x00000e64                u8x8_d_helper_display_init
 .text.u8x8_DrawTile
                0x00000ec2       0x1a .\CortexM0\ARM_GCC_541\Release\u8x8_display.o
                0x00000ec2                u8x8_DrawTile
 .text.u8x8_SetupMemory
                0x00000edc        0xe .\CortexM0\ARM_GCC_541\Release\u8x8_display.o
                0x00000edc                u8x8_SetupMemory
 .text.u8x8_InitDisplay
                0x00000eea        0xe .\CortexM0\ARM_GCC_541\Release\u8x8_display.o
                0x00000eea                u8x8_InitDisplay
 .text.u8x8_SetPowerSave
                0x00000ef8        0xe .\CortexM0\ARM_GCC_541\Release\u8x8_display.o
                0x00000ef8                u8x8_SetPowerSave
 .text.u8x8_ClearDisplayWithTile
                0x00000f06       0x38 .\CortexM0\ARM_GCC_541\Release\u8x8_display.o
                0x00000f06                u8x8_ClearDisplayWithTile
 .text.u8x8_ClearDisplay
                0x00000f3e       0x18 .\CortexM0\ARM_GCC_541\Release\u8x8_display.o
                0x00000f3e                u8x8_ClearDisplay
 .text.u8x8_gpio_call
                0x00000f56        0xa .\CortexM0\ARM_GCC_541\Release\u8x8_gpio.o
                0x00000f56                u8x8_gpio_call
 .text.u8x8_dummy_cb
                0x00000f60        0x4 .\CortexM0\ARM_GCC_541\Release\u8x8_setup.o
                0x00000f60                u8x8_dummy_cb
 .text.u8x8_SetupDefaults
                0x00000f64       0x28 .\CortexM0\ARM_GCC_541\Release\u8x8_setup.o
                0x00000f64                u8x8_SetupDefaults
 .text.u8x8_Setup
                0x00000f8c       0x20 .\CortexM0\ARM_GCC_541\Release\u8x8_setup.o
                0x00000f8c                u8x8_Setup
 .text.SetAnalogRoutingPumps
                0x00000fac       0x1c .\CortexM0\ARM_GCC_541\Release\cyfitter_cfg.o
                0x00000fac                SetAnalogRoutingPumps
 .text.IntDefaultHandler
                0x00000fc8       0x10 .\CortexM0\ARM_GCC_541\Release\Cm0Start.o
                0x00000fc8                IntDefaultHandler
 .text._sbrk    0x00000fd8       0x30 .\CortexM0\ARM_GCC_541\Release\Cm0Start.o
                0x00000fd8                _sbrk
 .text.Start_c  0x00001008       0x4c .\CortexM0\ARM_GCC_541\Release\Cm0Start.o
                0x00001008                Start_c
 .text.startup.initialize_psoc
                0x00001054       0x48 .\CortexM0\ARM_GCC_541\Release\Cm0Start.o
                0x00001054                initialize_psoc
 .text.Red_Write
                0x0000109c       0x18 .\CortexM0\ARM_GCC_541\Release\TestProgram4M.a(Red.o)
                0x0000109c                Red_Write
 .text.Red_Read
                0x000010b4       0x10 .\CortexM0\ARM_GCC_541\Release\TestProgram4M.a(Red.o)
                0x000010b4                Red_Read
 .text.Green_Write
                0x000010c4       0x18 .\CortexM0\ARM_GCC_541\Release\TestProgram4M.a(Green.o)
                0x000010c4                Green_Write
 .text.I2C_Enable
                0x000010dc       0x1c .\CortexM0\ARM_GCC_541\Release\TestProgram4M.a(I2C.o)
                0x000010dc                I2C_Enable
 .text.I2C_Start
                0x000010f8       0x1c .\CortexM0\ARM_GCC_541\Release\TestProgram4M.a(I2C.o)
                0x000010f8                I2C_Start
 .text.I2C_I2CInit
                0x00001114       0xbc .\CortexM0\ARM_GCC_541\Release\TestProgram4M.a(I2C_I2C.o)
                0x00001114                I2C_I2CInit
 .text.I2C_I2CMasterSendStart
                0x000011d0       0xb8 .\CortexM0\ARM_GCC_541\Release\TestProgram4M.a(I2C_I2C_MASTER.o)
                0x000011d0                I2C_I2CMasterSendStart
 .text.I2C_I2CMasterSendStop
                0x00001288       0x84 .\CortexM0\ARM_GCC_541\Release\TestProgram4M.a(I2C_I2C_MASTER.o)
                0x00001288                I2C_I2CMasterSendStop
 .text.I2C_I2CMasterWriteByte
                0x0000130c       0x84 .\CortexM0\ARM_GCC_541\Release\TestProgram4M.a(I2C_I2C_MASTER.o)
                0x0000130c                I2C_I2CMasterWriteByte
 .text.I2C_I2CMasterStatus
                0x00001390       0x2c .\CortexM0\ARM_GCC_541\Release\TestProgram4M.a(I2C_I2C_MASTER.o)
                0x00001390                I2C_I2CMasterStatus
 .text.I2C_I2CReStartGeneration
                0x000013bc       0x20 .\CortexM0\ARM_GCC_541\Release\TestProgram4M.a(I2C_I2C_MASTER.o)
                0x000013bc                I2C_I2CReStartGeneration
 .text.I2C_I2CMasterWriteBuf
                0x000013dc       0xdc .\CortexM0\ARM_GCC_541\Release\TestProgram4M.a(I2C_I2C_MASTER.o)
                0x000013dc                I2C_I2CMasterWriteBuf
 .text.I2C_I2CMasterReadBuf
                0x000014b8       0xe8 .\CortexM0\ARM_GCC_541\Release\TestProgram4M.a(I2C_I2C_MASTER.o)
                0x000014b8                I2C_I2CMasterReadBuf
 .text.ADC_Init
                0x000015a0      0x144 .\CortexM0\ARM_GCC_541\Release\TestProgram4M.a(ADC.o)
                0x000015a0                ADC_Init
 .text.ADC_Enable
                0x000016e4       0x2c .\CortexM0\ARM_GCC_541\Release\TestProgram4M.a(ADC.o)
                0x000016e4                ADC_Enable
 .text.ADC_Start
                0x00001710       0x1c .\CortexM0\ARM_GCC_541\Release\TestProgram4M.a(ADC.o)
                0x00001710                ADC_Start
 .text.ADC_StartConvert
                0x0000172c       0x14 .\CortexM0\ARM_GCC_541\Release\TestProgram4M.a(ADC.o)
                0x0000172c                ADC_StartConvert
 .text.ADC_IsEndConversion
                0x00001740       0x2c .\CortexM0\ARM_GCC_541\Release\TestProgram4M.a(ADC.o)
                0x00001740                ADC_IsEndConversion
 .text.ADC_GetResult16
                0x0000176c       0x18 .\CortexM0\ARM_GCC_541\Release\TestProgram4M.a(ADC.o)
                0x0000176c                ADC_GetResult16
 .text.ADC_CountsTo_mVolts
                0x00001784       0x3c .\CortexM0\ARM_GCC_541\Release\TestProgram4M.a(ADC.o)
                0x00001784                ADC_CountsTo_mVolts
 .text.ADC_ISR  0x000017c0        0xc .\CortexM0\ARM_GCC_541\Release\TestProgram4M.a(ADC_INT.o)
                0x000017c0                ADC_ISR
 .text.SW1_Read
                0x000017cc       0x10 .\CortexM0\ARM_GCC_541\Release\TestProgram4M.a(SW1.o)
                0x000017cc                SW1_Read
 .text.SW1_ClearInterrupt
                0x000017dc       0x14 .\CortexM0\ARM_GCC_541\Release\TestProgram4M.a(SW1.o)
                0x000017dc                SW1_ClearInterrupt
 .text.SWISR_SetPriority
                0x000017f0       0x20 .\CortexM0\ARM_GCC_541\Release\TestProgram4M.a(SWISR.o)
                0x000017f0                SWISR_SetPriority
 .text.SWISR_StartEx
                0x00001810       0x28 .\CortexM0\ARM_GCC_541\Release\TestProgram4M.a(SWISR.o)
                0x00001810                SWISR_StartEx
 .text.Timer_Init
                0x00001838       0x3c .\CortexM0\ARM_GCC_541\Release\TestProgram4M.a(Timer.o)
                0x00001838                Timer_Init
 .text.Timer_Enable
                0x00001874       0x1c .\CortexM0\ARM_GCC_541\Release\TestProgram4M.a(Timer.o)
                0x00001874                Timer_Enable
 .text.Timer_Start
                0x00001890       0x1c .\CortexM0\ARM_GCC_541\Release\TestProgram4M.a(Timer.o)
                0x00001890                Timer_Start
 .text.Timer_ClearInterrupt
                0x000018ac        0xc .\CortexM0\ARM_GCC_541\Release\TestProgram4M.a(Timer.o)
                0x000018ac                Timer_ClearInterrupt
 .text.CySysClkImoDisableWcoLock
                0x000018b8       0x14 .\CortexM0\ARM_GCC_541\Release\TestProgram4M.a(CyLib.o)
                0x000018b8                CySysClkImoDisableWcoLock
 .text.CySysClkImoGetWcoLock
                0x000018cc       0x10 .\CortexM0\ARM_GCC_541\Release\TestProgram4M.a(CyLib.o)
                0x000018cc                CySysClkImoGetWcoLock
 .text.CyIntSetVector
                0x000018dc       0x10 .\CortexM0\ARM_GCC_541\Release\TestProgram4M.a(CyLib.o)
                0x000018dc                CyIntSetVector
 .text.CyIntSetPriority
                0x000018ec       0x34 .\CortexM0\ARM_GCC_541\Release\TestProgram4M.a(CyLib.o)
                0x000018ec                CyIntSetPriority
 .text.CyIntEnable
                0x00001920       0x14 .\CortexM0\ARM_GCC_541\Release\TestProgram4M.a(CyLib.o)
                0x00001920                CyIntEnable
 .text.CyIntDisable
                0x00001934       0x14 .\CortexM0\ARM_GCC_541\Release\TestProgram4M.a(CyLib.o)
                0x00001934                CyIntDisable
 .text.CyDelay  0x00001948       0x2c .\CortexM0\ARM_GCC_541\Release\TestProgram4M.a(CyLib.o)
                0x00001948                CyDelay
 .text.CySysClkImoEnableWcoLock
                0x00001974       0xd4 .\CortexM0\ARM_GCC_541\Release\TestProgram4M.a(CyLib.o)
                0x00001974                CySysClkImoEnableWcoLock
 .text.CySysClkWriteImoFreq
                0x00001a48       0x80 .\CortexM0\ARM_GCC_541\Release\TestProgram4M.a(CyLib.o)
                0x00001a48                CySysClkWriteImoFreq
 .text.CyDelayUs
                0x00001ac8       0x14 .\CortexM0\ARM_GCC_541\Release\TestProgram4M.a(CyLib.o)
                0x00001ac8                CyDelayUs
 .text.CySysTickInit
                0x00001adc       0x54 .\CortexM0\ARM_GCC_541\Release\TestProgram4M.a(CyLib.o)
                0x00001adc                CySysTickInit
 .text.CySysTickEnableInterrupt
                0x00001b30       0x10 .\CortexM0\ARM_GCC_541\Release\TestProgram4M.a(CyLib.o)
                0x00001b30                CySysTickEnableInterrupt
 .text.CySysTickEnable
                0x00001b40       0x18 .\CortexM0\ARM_GCC_541\Release\TestProgram4M.a(CyLib.o)
                0x00001b40                CySysTickEnable
 .text.CySysTickStart
                0x00001b58       0x1c .\CortexM0\ARM_GCC_541\Release\TestProgram4M.a(CyLib.o)
                0x00001b58                CySysTickStart
 .text.CySysTickGetCountFlag
                0x00001b74       0x10 .\CortexM0\ARM_GCC_541\Release\TestProgram4M.a(CyLib.o)
                0x00001b74                CySysTickGetCountFlag
 .text.CySysTickServiceCallbacks
                0x00001b84       0x24 .\CortexM0\ARM_GCC_541\Release\TestProgram4M.a(CyLib.o)
 .text.CySysTickSetCallback
                0x00001ba8       0x10 .\CortexM0\ARM_GCC_541\Release\TestProgram4M.a(CyLib.o)
                0x00001ba8                CySysTickSetCallback
 .text.CySysClkWcoEnabled
                0x00001bb8        0xc .\CortexM0\ARM_GCC_541\Release\TestProgram4M.a(CyLFClk.o)
                0x00001bb8                CySysClkWcoEnabled
 .text.CySysWdtLock
                0x00001bc4       0x1c .\CortexM0\ARM_GCC_541\Release\TestProgram4M.a(CyLFClk.o)
                0x00001bc4                CySysWdtLock
 .text.CySysWdtUnlock
                0x00001be0       0x30 .\CortexM0\ARM_GCC_541\Release\TestProgram4M.a(CyLFClk.o)
                0x00001be0                CySysWdtUnlock
 .text.CySysWdtClearInterrupt
                0x00001c10       0x54 .\CortexM0\ARM_GCC_541\Release\TestProgram4M.a(CyLFClk.o)
                0x00001c10                CySysWdtClearInterrupt
 .text.CySysWdtIsr
                0x00001c64       0xa0 .\CortexM0\ARM_GCC_541\Release\TestProgram4M.a(CyLFClk.o)
                0x00001c64                CySysWdtIsr
 *fill*         0x00001d04        0x4 
 .text          0x00001d08       0x20 .\CortexM0\ARM_GCC_541\Release\TestProgram4M.a(CyBootAsmGnu.o)
                0x00001d08                CyDelayCycles
                0x00001d1a                CyEnterCriticalSection
                0x00001d22                CyExitCriticalSection
 .text.I2C_I2C_ISR
                0x00001d28      0x330 .\CortexM0\ARM_GCC_541\Release\TestProgram4M.a(I2C_I2C_INT.o)
                0x00001d28                I2C_I2C_ISR
 .text.CySysFlashSetWaitCycles
                0x00002058       0x44 .\CortexM0\ARM_GCC_541\Release\TestProgram4M.a(CyFlash.o)
                0x00002058                CySysFlashSetWaitCycles
 .text          0x0000209c       0x14 c:/program files (x86)/cypress/psoc creator/4.1/psoc creator/import/gnu/arm/5.4.1/bin/../lib/gcc/arm-none-eabi/5.4.1/armv6-m\libgcc.a(_thumb1_case_uqi.o)
                0x0000209c                __gnu_thumb1_case_uqi
 .text          0x000020b0      0x114 c:/program files (x86)/cypress/psoc creator/4.1/psoc creator/import/gnu/arm/5.4.1/bin/../lib/gcc/arm-none-eabi/5.4.1/armv6-m\libgcc.a(_udivsi3.o)
                0x000020b0                __aeabi_uidiv
                0x000020b0                __udivsi3
                0x000021bc                __aeabi_uidivmod
 .text          0x000021c4      0x1d4 c:/program files (x86)/cypress/psoc creator/4.1/psoc creator/import/gnu/arm/5.4.1/bin/../lib/gcc/arm-none-eabi/5.4.1/armv6-m\libgcc.a(_divsi3.o)
                0x000021c4                __divsi3
                0x000021c4                __aeabi_idiv
                0x00002390                __aeabi_idivmod
 .text          0x00002398        0x4 c:/program files (x86)/cypress/psoc creator/4.1/psoc creator/import/gnu/arm/5.4.1/bin/../lib/gcc/arm-none-eabi/5.4.1/armv6-m\libgcc.a(_dvmd_tls.o)
                0x00002398                __aeabi_idiv0
                0x00002398                __aeabi_ldiv0
 .text          0x0000239c       0x7c c:/program files (x86)/cypress/psoc creator/4.1/psoc creator/import/gnu/arm/5.4.1/bin/../lib/gcc/arm-none-eabi/5.4.1/armv6-m\libgcc.a(_arm_cmpdf2.o)
                0x0000239c                __aeabi_cdrcmple
                0x000023ac                __aeabi_cdcmple
                0x000023ac                __aeabi_cdcmpeq
                0x000023bc                __aeabi_dcmpeq
                0x000023c8                __aeabi_dcmplt
                0x000023dc                __aeabi_dcmple
                0x000023f0                __aeabi_dcmpgt
                0x00002404                __aeabi_dcmpge
 .text          0x00002418       0x74 c:/program files (x86)/cypress/psoc creator/4.1/psoc creator/import/gnu/arm/5.4.1/bin/../lib/gcc/arm-none-eabi/5.4.1/armv6-m\libgcc.a(_arm_cmpsf2.o)
                0x00002418                __aeabi_cfrcmple
                0x00002420                __aeabi_cfcmpeq
                0x00002420                __aeabi_cfcmple
                0x00002430                __aeabi_fcmpeq
                0x0000243c                __aeabi_fcmplt
                0x00002450                __aeabi_fcmple
                0x00002464                __aeabi_fcmpgt
                0x00002478                __aeabi_fcmpge
 .text          0x0000248c      0x234 c:/program files (x86)/cypress/psoc creator/4.1/psoc creator/import/gnu/arm/5.4.1/bin/../lib/gcc/arm-none-eabi/5.4.1/armv6-m\libgcc.a(divsf3.o)
                0x0000248c                __aeabi_fdiv
 .text          0x000026c0       0x50 c:/program files (x86)/cypress/psoc creator/4.1/psoc creator/import/gnu/arm/5.4.1/bin/../lib/gcc/arm-none-eabi/5.4.1/armv6-m\libgcc.a(eqsf2.o)
                0x000026c0                __eqsf2
                0x000026c0                __nesf2
 .text          0x00002710       0x88 c:/program files (x86)/cypress/psoc creator/4.1/psoc creator/import/gnu/arm/5.4.1/bin/../lib/gcc/arm-none-eabi/5.4.1/armv6-m\libgcc.a(gesf2.o)
                0x00002710                __gesf2
                0x00002710                __gtsf2
 .text          0x00002798       0x88 c:/program files (x86)/cypress/psoc creator/4.1/psoc creator/import/gnu/arm/5.4.1/bin/../lib/gcc/arm-none-eabi/5.4.1/armv6-m\libgcc.a(lesf2.o)
                0x00002798                __ltsf2
                0x00002798                __lesf2
 .text          0x00002820       0x90 c:/program files (x86)/cypress/psoc creator/4.1/psoc creator/import/gnu/arm/5.4.1/bin/../lib/gcc/arm-none-eabi/5.4.1/armv6-m\libgcc.a(floatsisf.o)
                0x00002820                __aeabi_i2f
 .text          0x000028b0      0x658 c:/program files (x86)/cypress/psoc creator/4.1/psoc creator/import/gnu/arm/5.4.1/bin/../lib/gcc/arm-none-eabi/5.4.1/armv6-m\libgcc.a(adddf3.o)
                0x000028b0                __aeabi_dadd
 .text          0x00002f08      0x62c c:/program files (x86)/cypress/psoc creator/4.1/psoc creator/import/gnu/arm/5.4.1/bin/../lib/gcc/arm-none-eabi/5.4.1/armv6-m\libgcc.a(divdf3.o)
                0x00002f08                __aeabi_ddiv
 .text          0x00003534       0x80 c:/program files (x86)/cypress/psoc creator/4.1/psoc creator/import/gnu/arm/5.4.1/bin/../lib/gcc/arm-none-eabi/5.4.1/armv6-m\libgcc.a(eqdf2.o)
                0x00003534                __nedf2
                0x00003534                __eqdf2
 .text          0x000035b4       0xc8 c:/program files (x86)/cypress/psoc creator/4.1/psoc creator/import/gnu/arm/5.4.1/bin/../lib/gcc/arm-none-eabi/5.4.1/armv6-m\libgcc.a(gedf2.o)
                0x000035b4                __gedf2
                0x000035b4                __gtdf2
 .text          0x0000367c       0xd4 c:/program files (x86)/cypress/psoc creator/4.1/psoc creator/import/gnu/arm/5.4.1/bin/../lib/gcc/arm-none-eabi/5.4.1/armv6-m\libgcc.a(ledf2.o)
                0x0000367c                __ledf2
                0x0000367c                __ltdf2
 .text          0x00003750      0x6a8 c:/program files (x86)/cypress/psoc creator/4.1/psoc creator/import/gnu/arm/5.4.1/bin/../lib/gcc/arm-none-eabi/5.4.1/armv6-m\libgcc.a(subdf3.o)
                0x00003750                __aeabi_dsub
 .text          0x00003df8       0xa8 c:/program files (x86)/cypress/psoc creator/4.1/psoc creator/import/gnu/arm/5.4.1/bin/../lib/gcc/arm-none-eabi/5.4.1/armv6-m\libgcc.a(extendsfdf2.o)
                0x00003df8                __aeabi_f2d
 .text          0x00003ea0      0x118 c:/program files (x86)/cypress/psoc creator/4.1/psoc creator/import/gnu/arm/5.4.1/bin/../lib/gcc/arm-none-eabi/5.4.1/armv6-m\libgcc.a(truncdfsf2.o)
                0x00003ea0                __aeabi_d2f
 .text          0x00003fb8       0x3c c:/program files (x86)/cypress/psoc creator/4.1/psoc creator/import/gnu/arm/5.4.1/bin/../lib/gcc/arm-none-eabi/5.4.1/armv6-m\libgcc.a(_clzsi2.o)
                0x00003fb8                __clzsi2
 .text.__errno  0x00003ff4        0xc c:/program files (x86)/cypress/psoc creator/4.1/psoc creator/import/gnu/arm/5.4.1/bin/../lib/gcc/arm-none-eabi/5.4.1/../../../../arm-none-eabi/lib/armv6-m\libg_nano.a(lib_a-errno.o)
                0x00003ff4                __errno
 .text.__libc_init_array
                0x00004000       0x4c c:/program files (x86)/cypress/psoc creator/4.1/psoc creator/import/gnu/arm/5.4.1/bin/../lib/gcc/arm-none-eabi/5.4.1/../../../../arm-none-eabi/lib/armv6-m\libg_nano.a(lib_a-init.o)
                0x00004000                __libc_init_array
 .text.memcpy   0x0000404c       0x12 c:/program files (x86)/cypress/psoc creator/4.1/psoc creator/import/gnu/arm/5.4.1/bin/../lib/gcc/arm-none-eabi/5.4.1/../../../../arm-none-eabi/lib/armv6-m\libg_nano.a(lib_a-memcpy-stub.o)
                0x0000404c                memcpy
 .text.memset   0x0000405e       0x10 c:/program files (x86)/cypress/psoc creator/4.1/psoc creator/import/gnu/arm/5.4.1/bin/../lib/gcc/arm-none-eabi/5.4.1/../../../../arm-none-eabi/lib/armv6-m\libg_nano.a(lib_a-memset.o)
                0x0000405e                memset
 .text.__cvt    0x0000406e       0xca c:/program files (x86)/cypress/psoc creator/4.1/psoc creator/import/gnu/arm/5.4.1/bin/../lib/gcc/arm-none-eabi/5.4.1/../../../../arm-none-eabi/lib/armv6-m\libg_nano.a(lib_a-nano-vfprintf_float.o)
                0x0000406e                __cvt
 .text.__exponent
                0x00004138       0x62 c:/program files (x86)/cypress/psoc creator/4.1/psoc creator/import/gnu/arm/5.4.1/bin/../lib/gcc/arm-none-eabi/5.4.1/../../../../arm-none-eabi/lib/armv6-m\libg_nano.a(lib_a-nano-vfprintf_float.o)
                0x00004138                __exponent
 *fill*         0x0000419a        0x2 
 .text._printf_float
                0x0000419c      0x4a0 c:/program files (x86)/cypress/psoc creator/4.1/psoc creator/import/gnu/arm/5.4.1/bin/../lib/gcc/arm-none-eabi/5.4.1/../../../../arm-none-eabi/lib/armv6-m\libg_nano.a(lib_a-nano-vfprintf_float.o)
                0x0000419c                _printf_float
 .text._printf_common
                0x0000463c       0xdc c:/program files (x86)/cypress/psoc creator/4.1/psoc creator/import/gnu/arm/5.4.1/bin/../lib/gcc/arm-none-eabi/5.4.1/../../../../arm-none-eabi/lib/armv6-m\libg_nano.a(lib_a-nano-vfprintf_i.o)
                0x0000463c                _printf_common
 .text._printf_i
                0x00004718      0x244 c:/program files (x86)/cypress/psoc creator/4.1/psoc creator/import/gnu/arm/5.4.1/bin/../lib/gcc/arm-none-eabi/5.4.1/../../../../arm-none-eabi/lib/armv6-m\libg_nano.a(lib_a-nano-vfprintf_i.o)
                0x00004718                _printf_i
 .text.sprintf  0x0000495c       0x44 c:/program files (x86)/cypress/psoc creator/4.1/psoc creator/import/gnu/arm/5.4.1/bin/../lib/gcc/arm-none-eabi/5.4.1/../../../../arm-none-eabi/lib/armv6-m\libg_nano.a(lib_a-sprintf.o)
                0x0000495c                siprintf
                0x0000495c                sprintf
 .text          0x000049a0        0xe c:/program files (x86)/cypress/psoc creator/4.1/psoc creator/import/gnu/arm/5.4.1/bin/../lib/gcc/arm-none-eabi/5.4.1/../../../../arm-none-eabi/lib/armv6-m\libg_nano.a(lib_a-strlen.o)
                0x000049a0                strlen
 .text.quorem   0x000049ae      0x10c c:/program files (x86)/cypress/psoc creator/4.1/psoc creator/import/gnu/arm/5.4.1/bin/../lib/gcc/arm-none-eabi/5.4.1/../../../../arm-none-eabi/lib/armv6-m\libg_nano.a(lib_a-dtoa.o)
 *fill*         0x00004aba        0x2 
 .text._dtoa_r  0x00004abc      0xb8c c:/program files (x86)/cypress/psoc creator/4.1/psoc creator/import/gnu/arm/5.4.1/bin/../lib/gcc/arm-none-eabi/5.4.1/../../../../arm-none-eabi/lib/armv6-m\libg_nano.a(lib_a-dtoa.o)
                0x00004abc                _dtoa_r
 .text._localeconv_r
                0x00005648        0x8 c:/program files (x86)/cypress/psoc creator/4.1/psoc creator/import/gnu/arm/5.4.1/bin/../lib/gcc/arm-none-eabi/5.4.1/../../../../arm-none-eabi/lib/armv6-m\libg_nano.a(lib_a-locale.o)
                0x00005648                _localeconv_r
 .text.malloc   0x00005650       0x14 c:/program files (x86)/cypress/psoc creator/4.1/psoc creator/import/gnu/arm/5.4.1/bin/../lib/gcc/arm-none-eabi/5.4.1/../../../../arm-none-eabi/lib/armv6-m\libg_nano.a(lib_a-malloc.o)
                0x00005650                malloc
 .text.memchr   0x00005664       0x16 c:/program files (x86)/cypress/psoc creator/4.1/psoc creator/import/gnu/arm/5.4.1/bin/../lib/gcc/arm-none-eabi/5.4.1/../../../../arm-none-eabi/lib/armv6-m\libg_nano.a(lib_a-memchr-stub.o)
                0x00005664                memchr
 .text._Balloc  0x0000567a       0x70 c:/program files (x86)/cypress/psoc creator/4.1/psoc creator/import/gnu/arm/5.4.1/bin/../lib/gcc/arm-none-eabi/5.4.1/../../../../arm-none-eabi/lib/armv6-m\libg_nano.a(lib_a-mprec.o)
                0x0000567a                _Balloc
 .text._Bfree   0x000056ea       0x32 c:/program files (x86)/cypress/psoc creator/4.1/psoc creator/import/gnu/arm/5.4.1/bin/../lib/gcc/arm-none-eabi/5.4.1/../../../../arm-none-eabi/lib/armv6-m\libg_nano.a(lib_a-mprec.o)
                0x000056ea                _Bfree
 .text.__multadd
                0x0000571c       0x7a c:/program files (x86)/cypress/psoc creator/4.1/psoc creator/import/gnu/arm/5.4.1/bin/../lib/gcc/arm-none-eabi/5.4.1/../../../../arm-none-eabi/lib/armv6-m\libg_nano.a(lib_a-mprec.o)
                0x0000571c                __multadd
 .text.__hi0bits
                0x00005796       0x36 c:/program files (x86)/cypress/psoc creator/4.1/psoc creator/import/gnu/arm/5.4.1/bin/../lib/gcc/arm-none-eabi/5.4.1/../../../../arm-none-eabi/lib/armv6-m\libg_nano.a(lib_a-mprec.o)
                0x00005796                __hi0bits
 .text.__lo0bits
                0x000057cc       0x5e c:/program files (x86)/cypress/psoc creator/4.1/psoc creator/import/gnu/arm/5.4.1/bin/../lib/gcc/arm-none-eabi/5.4.1/../../../../arm-none-eabi/lib/armv6-m\libg_nano.a(lib_a-mprec.o)
                0x000057cc                __lo0bits
 .text.__i2b    0x0000582a       0x12 c:/program files (x86)/cypress/psoc creator/4.1/psoc creator/import/gnu/arm/5.4.1/bin/../lib/gcc/arm-none-eabi/5.4.1/../../../../arm-none-eabi/lib/armv6-m\libg_nano.a(lib_a-mprec.o)
                0x0000582a                __i2b
 .text.__multiply
                0x0000583c      0x112 c:/program files (x86)/cypress/psoc creator/4.1/psoc creator/import/gnu/arm/5.4.1/bin/../lib/gcc/arm-none-eabi/5.4.1/../../../../arm-none-eabi/lib/armv6-m\libg_nano.a(lib_a-mprec.o)
                0x0000583c                __multiply
 *fill*         0x0000594e        0x2 
 .text.__pow5mult
                0x00005950       0xa8 c:/program files (x86)/cypress/psoc creator/4.1/psoc creator/import/gnu/arm/5.4.1/bin/../lib/gcc/arm-none-eabi/5.4.1/../../../../arm-none-eabi/lib/armv6-m\libg_nano.a(lib_a-mprec.o)
                0x00005950                __pow5mult
 .text.__lshift
                0x000059f8       0xa4 c:/program files (x86)/cypress/psoc creator/4.1/psoc creator/import/gnu/arm/5.4.1/bin/../lib/gcc/arm-none-eabi/5.4.1/../../../../arm-none-eabi/lib/armv6-m\libg_nano.a(lib_a-mprec.o)
                0x000059f8                __lshift
 .text.__mcmp   0x00005a9c       0x36 c:/program files (x86)/cypress/psoc creator/4.1/psoc creator/import/gnu/arm/5.4.1/bin/../lib/gcc/arm-none-eabi/5.4.1/../../../../arm-none-eabi/lib/armv6-m\libg_nano.a(lib_a-mprec.o)
                0x00005a9c                __mcmp
 .text.__mdiff  0x00005ad2       0xd6 c:/program files (x86)/cypress/psoc creator/4.1/psoc creator/import/gnu/arm/5.4.1/bin/../lib/gcc/arm-none-eabi/5.4.1/../../../../arm-none-eabi/lib/armv6-m\libg_nano.a(lib_a-mprec.o)
                0x00005ad2                __mdiff
 .text.__d2b    0x00005ba8       0xa8 c:/program files (x86)/cypress/psoc creator/4.1/psoc creator/import/gnu/arm/5.4.1/bin/../lib/gcc/arm-none-eabi/5.4.1/../../../../arm-none-eabi/lib/armv6-m\libg_nano.a(lib_a-mprec.o)
                0x00005ba8                __d2b
 .text._calloc_r
                0x00005c50       0x1c c:/program files (x86)/cypress/psoc creator/4.1/psoc creator/import/gnu/arm/5.4.1/bin/../lib/gcc/arm-none-eabi/5.4.1/../../../../arm-none-eabi/lib/armv6-m\libg_nano.a(lib_a-nano-callocr.o)
                0x00005c50                _calloc_r
 .text._free_r  0x00005c6c       0x98 c:/program files (x86)/cypress/psoc creator/4.1/psoc creator/import/gnu/arm/5.4.1/bin/../lib/gcc/arm-none-eabi/5.4.1/../../../../arm-none-eabi/lib/armv6-m\libg_nano.a(lib_a-nano-freer.o)
                0x00005c6c                _free_r
 .text._malloc_r
                0x00005d04       0xc0 c:/program files (x86)/cypress/psoc creator/4.1/psoc creator/import/gnu/arm/5.4.1/bin/../lib/gcc/arm-none-eabi/5.4.1/../../../../arm-none-eabi/lib/armv6-m\libg_nano.a(lib_a-nano-mallocr.o)
                0x00005d04                _malloc_r
 .text.__ssputs_r
                0x00005dc4       0xc4 c:/program files (x86)/cypress/psoc creator/4.1/psoc creator/import/gnu/arm/5.4.1/bin/../lib/gcc/arm-none-eabi/5.4.1/../../../../arm-none-eabi/lib/armv6-m\libg_nano.a(lib_a-nano-svfprintf.o)
                0x00005dc4                __ssputs_r
 .text._svfprintf_r
                0x00005e88      0x1fc c:/program files (x86)/cypress/psoc creator/4.1/psoc creator/import/gnu/arm/5.4.1/bin/../lib/gcc/arm-none-eabi/5.4.1/../../../../arm-none-eabi/lib/armv6-m\libg_nano.a(lib_a-nano-svfprintf.o)
                0x00005e88                _svfiprintf_r
                0x00005e88                _svfprintf_r
 .text._sbrk_r  0x00006084       0x24 c:/program files (x86)/cypress/psoc creator/4.1/psoc creator/import/gnu/arm/5.4.1/bin/../lib/gcc/arm-none-eabi/5.4.1/../../../../arm-none-eabi/lib/armv6-m\libg_nano.a(lib_a-sbrkr.o)
                0x00006084                _sbrk_r
 .text.memmove  0x000060a8       0x2a c:/program files (x86)/cypress/psoc creator/4.1/psoc creator/import/gnu/arm/5.4.1/bin/../lib/gcc/arm-none-eabi/5.4.1/../../../../arm-none-eabi/lib/armv6-m\libg_nano.a(lib_a-memmove.o)
                0x000060a8                memmove
 .text.__malloc_lock
                0x000060d2        0x2 c:/program files (x86)/cypress/psoc creator/4.1/psoc creator/import/gnu/arm/5.4.1/bin/../lib/gcc/arm-none-eabi/5.4.1/../../../../arm-none-eabi/lib/armv6-m\libg_nano.a(lib_a-mlock.o)
                0x000060d2                __malloc_lock
 .text.__malloc_unlock
                0x000060d4        0x2 c:/program files (x86)/cypress/psoc creator/4.1/psoc creator/import/gnu/arm/5.4.1/bin/../lib/gcc/arm-none-eabi/5.4.1/../../../../arm-none-eabi/lib/armv6-m\libg_nano.a(lib_a-mlock.o)
                0x000060d4                __malloc_unlock
 .text._realloc_r
                0x000060d6       0x4c c:/program files (x86)/cypress/psoc creator/4.1/psoc creator/import/gnu/arm/5.4.1/bin/../lib/gcc/arm-none-eabi/5.4.1/../../../../arm-none-eabi/lib/armv6-m\libg_nano.a(lib_a-nano-reallocr.o)
                0x000060d6                _realloc_r
 .text._malloc_usable_size_r
                0x00006122       0x16 c:/program files (x86)/cypress/psoc creator/4.1/psoc creator/import/gnu/arm/5.4.1/bin/../lib/gcc/arm-none-eabi/5.4.1/../../../../arm-none-eabi/lib/armv6-m\libg_nano.a(lib_a-nano-msizer.o)
                0x00006122                _malloc_usable_size_r
 .text          0x00006138      0x4f4 c:/program files (x86)/cypress/psoc creator/4.1/psoc creator/import/gnu/arm/5.4.1/bin/../lib/gcc/arm-none-eabi/5.4.1/armv6-m\libgcc.a(muldf3.o)
                0x00006138                __aeabi_dmul
 .text          0x0000662c       0x40 c:/program files (x86)/cypress/psoc creator/4.1/psoc creator/import/gnu/arm/5.4.1/bin/../lib/gcc/arm-none-eabi/5.4.1/armv6-m\libgcc.a(unorddf2.o)
                0x0000662c                __aeabi_dcmpun
 .text          0x0000666c       0x6c c:/program files (x86)/cypress/psoc creator/4.1/psoc creator/import/gnu/arm/5.4.1/bin/../lib/gcc/arm-none-eabi/5.4.1/armv6-m\libgcc.a(fixdfsi.o)
                0x0000666c                __aeabi_d2iz
 .text          0x000066d8       0x84 c:/program files (x86)/cypress/psoc creator/4.1/psoc creator/import/gnu/arm/5.4.1/bin/../lib/gcc/arm-none-eabi/5.4.1/armv6-m\libgcc.a(floatsidf.o)
                0x000066d8                __aeabi_i2d
 .text          0x0000675c       0x70 c:/program files (x86)/cypress/psoc creator/4.1/psoc creator/import/gnu/arm/5.4.1/bin/../lib/gcc/arm-none-eabi/5.4.1/armv6-m\libgcc.a(floatunsidf.o)
                0x0000675c                __aeabi_ui2d
 *(.plt)
 *(.gnu.warning)
 *(.glue_7t)
 .glue_7t       0x000067cc        0x0 linker stubs
 *(.glue_7)
 .glue_7        0x000067cc        0x0 linker stubs
 *(.vfp11_veneer)
 .vfp11_veneer  0x000067cc        0x0 linker stubs
 *(.bootloader)
 *(.ARM.extab* .gnu.linkonce.armextab.*)
 *(.gcc_except_table)

.v4_bx          0x000067cc        0x0
 .v4_bx         0x000067cc        0x0 linker stubs

.iplt           0x000067cc        0x0
 .iplt          0x000067cc        0x0 c:/program files (x86)/cypress/psoc creator/4.1/psoc creator/import/gnu/arm/5.4.1/bin/../lib/gcc/arm-none-eabi/5.4.1/armv6-m/crtbegin.o

.eh_frame_hdr
 *(.eh_frame_hdr)

.eh_frame       0x000067cc        0x4
 *(.eh_frame)
 .eh_frame      0x000067cc        0x0 c:/program files (x86)/cypress/psoc creator/4.1/psoc creator/import/gnu/arm/5.4.1/bin/../lib/gcc/arm-none-eabi/5.4.1/armv6-m/crtbegin.o
 .eh_frame      0x000067cc        0x4 c:/program files (x86)/cypress/psoc creator/4.1/psoc creator/import/gnu/arm/5.4.1/bin/../lib/gcc/arm-none-eabi/5.4.1/armv6-m/crtend.o
                [!provide]                PROVIDE (__exidx_start, .)

.ARM.exidx
 *(.ARM.exidx* .gnu.linkonce.armexidx.*)
                0x000067d0                __exidx_end = .

.rodata         0x000067d0     0x8e80
 *(.rodata .rodata.* .gnu.linkonce.r.*)
 .rodata.str1.1
                0x000067d0      0x11b .\CortexM0\ARM_GCC_541\Release\main.o
 *fill*         0x000068eb        0x1 
 .rodata        0x000068ec       0xb8 .\CortexM0\ARM_GCC_541\Release\u8x8_d_ssd1306_128x64_noname.o
 .rodata        0x000069a4     0x88f9 .\CortexM0\ARM_GCC_541\Release\u8x8_fonts.o
                0x000069a4                u8x8_font_pxplustandynewtv_u
                0x00006ba7                u8x8_font_pxplustandynewtv_n
                0x00006c81                u8x8_font_pxplustandynewtv_r
                0x00006f83                u8x8_font_pxplustandynewtv_f
                0x00007685                u8x8_font_pxplusibmcga_u
                0x00007888                u8x8_font_pxplusibmcga_n
                0x00007962                u8x8_font_pxplusibmcga_r
                0x00007c64                u8x8_font_pxplusibmcga_f
                0x00008366                u8x8_font_pxplusibmcgathin_u
                0x00008569                u8x8_font_pxplusibmcgathin_n
                0x00008643                u8x8_font_pxplusibmcgathin_r
                0x00008946                u8x8_font_pxplusibmcgathin_f
                0x00009048                u8x8_font_pcsenior_u
                0x0000924b                u8x8_font_pcsenior_n
                0x00009325                u8x8_font_pcsenior_r
                0x00009627                u8x8_font_pcsenior_f
                0x00009d29                u8x8_font_pressstart2p_u
                0x00009f2b                u8x8_font_pressstart2p_n
                0x0000a005                u8x8_font_pressstart2p_r
                0x0000a307                u8x8_font_pressstart2p_f
                0x0000aa09                u8x8_font_victoriamedium8_u
                0x0000ac0c                u8x8_font_victoriamedium8_n
                0x0000ace6                u8x8_font_victoriamedium8_r
                0x0000afe8                u8x8_font_victoriabold8_u
                0x0000b1eb                u8x8_font_victoriabold8_n
                0x0000b2c5                u8x8_font_victoriabold8_r
                0x0000b5c7                u8x8_font_torussansbold8_u
                0x0000b7ca                u8x8_font_torussansbold8_n
                0x0000b8a4                u8x8_font_torussansbold8_r
                0x0000bba6                u8x8_font_saikyosansbold8_u
                0x0000bda9                u8x8_font_saikyosansbold8_n
                0x0000be83                u8x8_font_chroma48medium8_u
                0x0000c086                u8x8_font_chroma48medium8_n
                0x0000c160                u8x8_font_chroma48medium8_r
                0x0000c462                u8x8_font_artosserif8_u
                0x0000c665                u8x8_font_artosserif8_n
                0x0000c73f                u8x8_font_artosserif8_r
                0x0000ca39                u8x8_font_artossans8_u
                0x0000cc3c                u8x8_font_artossans8_n
                0x0000cd16                u8x8_font_artossans8_r
                0x0000d018                u8x8_font_amstrad_cpc_extended_u
                0x0000d21b                u8x8_font_amstrad_cpc_extended_n
                0x0000d2f5                u8x8_font_amstrad_cpc_extended_r
                0x0000d5ef                u8x8_font_amstrad_cpc_extended_f
                0x0000dcf1                u8x8_font_5x8_n
                0x0000ddcb                u8x8_font_5x8_r
                0x0000e0c5                u8x8_font_5x8_f
                0x0000e7c7                u8x8_font_5x7_n
                0x0000e8a1                u8x8_font_5x7_r
                0x0000eb9b                u8x8_font_5x7_f
 *fill*         0x0000f29d        0x3 
 .rodata        0x0000f2a0       0x66 .\CortexM0\ARM_GCC_541\Release\cyfitter_cfg.o
 *fill*         0x0000f306        0x2 
 .rodata        0x0000f308        0xf .\CortexM0\ARM_GCC_541\Release\TestProgram4M.a(ADC.o)
 .rodata        0x0000f317       0x45 .\CortexM0\ARM_GCC_541\Release\TestProgram4M.a(CyLib.o)
                0x0000f317                cyImoFreqMhz2Reg
                0x0000f345                cyImoFreqMhz2DpllOffset
 .rodata        0x0000f35c       0x80 c:/program files (x86)/cypress/psoc creator/4.1/psoc creator/import/gnu/arm/5.4.1/bin/../lib/gcc/arm-none-eabi/5.4.1/armv6-m\libgcc.a(divsf3.o)
 .rodata        0x0000f3dc       0x40 c:/program files (x86)/cypress/psoc creator/4.1/psoc creator/import/gnu/arm/5.4.1/bin/../lib/gcc/arm-none-eabi/5.4.1/armv6-m\libgcc.a(divdf3.o)
 .rodata.str1.1
                0x0000f41c      0x11b c:/program files (x86)/cypress/psoc creator/4.1/psoc creator/import/gnu/arm/5.4.1/bin/../lib/gcc/arm-none-eabi/5.4.1/../../../../arm-none-eabi/lib/armv6-m\libg_nano.a(lib_a-impure.o)
                                  0x2 (size before relaxing)
 .rodata.str1.1
                0x0000f41c       0x12 c:/program files (x86)/cypress/psoc creator/4.1/psoc creator/import/gnu/arm/5.4.1/bin/../lib/gcc/arm-none-eabi/5.4.1/../../../../arm-none-eabi/lib/armv6-m\libg_nano.a(lib_a-nano-vfprintf_float.o)
 .rodata.str1.1
                0x0000f42e       0x22 c:/program files (x86)/cypress/psoc creator/4.1/psoc creator/import/gnu/arm/5.4.1/bin/../lib/gcc/arm-none-eabi/5.4.1/../../../../arm-none-eabi/lib/armv6-m\libg_nano.a(lib_a-nano-vfprintf_i.o)
 .rodata.str1.1
                0x0000f450        0xd c:/program files (x86)/cypress/psoc creator/4.1/psoc creator/import/gnu/arm/5.4.1/bin/../lib/gcc/arm-none-eabi/5.4.1/../../../../arm-none-eabi/lib/armv6-m\libg_nano.a(lib_a-dtoa.o)
                                  0xf (size before relaxing)
 *fill*         0x0000f45d        0x3 
 .rodata.__sf_fake_stdin
                0x0000f460       0x20 c:/program files (x86)/cypress/psoc creator/4.1/psoc creator/import/gnu/arm/5.4.1/bin/../lib/gcc/arm-none-eabi/5.4.1/../../../../arm-none-eabi/lib/armv6-m\libg_nano.a(lib_a-findfp.o)
                0x0000f460                __sf_fake_stdin
 .rodata.__sf_fake_stdout
                0x0000f480       0x20 c:/program files (x86)/cypress/psoc creator/4.1/psoc creator/import/gnu/arm/5.4.1/bin/../lib/gcc/arm-none-eabi/5.4.1/../../../../arm-none-eabi/lib/armv6-m\libg_nano.a(lib_a-findfp.o)
                0x0000f480                __sf_fake_stdout
 .rodata.__sf_fake_stderr
                0x0000f4a0       0x20 c:/program files (x86)/cypress/psoc creator/4.1/psoc creator/import/gnu/arm/5.4.1/bin/../lib/gcc/arm-none-eabi/5.4.1/../../../../arm-none-eabi/lib/armv6-m\libg_nano.a(lib_a-findfp.o)
                0x0000f4a0                __sf_fake_stderr
 .rodata.str1.1
                0x0000f4c0        0x8 c:/program files (x86)/cypress/psoc creator/4.1/psoc creator/import/gnu/arm/5.4.1/bin/../lib/gcc/arm-none-eabi/5.4.1/../../../../arm-none-eabi/lib/armv6-m\libg_nano.a(lib_a-locale.o)
                                  0xb (size before relaxing)
 .rodata.__mprec_tens
                0x0000f4c8       0xc8 c:/program files (x86)/cypress/psoc creator/4.1/psoc creator/import/gnu/arm/5.4.1/bin/../lib/gcc/arm-none-eabi/5.4.1/../../../../arm-none-eabi/lib/armv6-m\libg_nano.a(lib_a-mprec.o)
                0x0000f4c8                __mprec_tens
 .rodata.p05.5408
                0x0000f590        0xc c:/program files (x86)/cypress/psoc creator/4.1/psoc creator/import/gnu/arm/5.4.1/bin/../lib/gcc/arm-none-eabi/5.4.1/../../../../arm-none-eabi/lib/armv6-m\libg_nano.a(lib_a-mprec.o)
 *fill*         0x0000f59c        0x4 
 .rodata.__mprec_bigtens
                0x0000f5a0       0x28 c:/program files (x86)/cypress/psoc creator/4.1/psoc creator/import/gnu/arm/5.4.1/bin/../lib/gcc/arm-none-eabi/5.4.1/../../../../arm-none-eabi/lib/armv6-m\libg_nano.a(lib_a-mprec.o)
                0x0000f5a0                __mprec_bigtens
 .rodata.str1.1
                0x0000f5c8       0x11 c:/program files (x86)/cypress/psoc creator/4.1/psoc creator/import/gnu/arm/5.4.1/bin/../lib/gcc/arm-none-eabi/5.4.1/../../../../arm-none-eabi/lib/armv6-m\libg_nano.a(lib_a-nano-svfprintf.o)
 *fill*         0x0000f5d9        0x3 
 .rodata        0x0000f5dc       0x40 c:/program files (x86)/cypress/psoc creator/4.1/psoc creator/import/gnu/arm/5.4.1/bin/../lib/gcc/arm-none-eabi/5.4.1/armv6-m\libgcc.a(muldf3.o)
                0x0000f61c                . = ALIGN (0x4)
 *(.init)
 .init          0x0000f61c        0x4 c:/program files (x86)/cypress/psoc creator/4.1/psoc creator/import/gnu/arm/5.4.1/bin/../lib/gcc/arm-none-eabi/5.4.1/armv6-m/crti.o
                0x0000f61c                _init
 .init          0x0000f620        0x8 c:/program files (x86)/cypress/psoc creator/4.1/psoc creator/import/gnu/arm/5.4.1/bin/../lib/gcc/arm-none-eabi/5.4.1/armv6-m/crtn.o
                0x0000f628                . = ALIGN (0x4)
                0x0000f628                __preinit_array_start = .
 *(.preinit_array)
                0x0000f628                __preinit_array_end = .
                0x0000f628                . = ALIGN (0x4)
                0x0000f628                __init_array_start = .
 *(SORT(.init_array.*))
 *(.init_array)
 .init_array    0x0000f628        0x4 c:/program files (x86)/cypress/psoc creator/4.1/psoc creator/import/gnu/arm/5.4.1/bin/../lib/gcc/arm-none-eabi/5.4.1/armv6-m/crtbegin.o
 .init_array    0x0000f62c        0x4 .\CortexM0\ARM_GCC_541\Release\Cm0Start.o
                0x0000f630                __init_array_end = .
                0x0000f630                . = ALIGN (0x4)
 *(.fini)
 .fini          0x0000f630        0x4 c:/program files (x86)/cypress/psoc creator/4.1/psoc creator/import/gnu/arm/5.4.1/bin/../lib/gcc/arm-none-eabi/5.4.1/armv6-m/crti.o
                0x0000f630                _fini
 .fini          0x0000f634        0x8 c:/program files (x86)/cypress/psoc creator/4.1/psoc creator/import/gnu/arm/5.4.1/bin/../lib/gcc/arm-none-eabi/5.4.1/armv6-m/crtn.o
                0x0000f63c                . = ALIGN (0x4)
                0x0000f63c                __fini_array_start = .
 *(.fini_array)
 .fini_array    0x0000f63c        0x4 c:/program files (x86)/cypress/psoc creator/4.1/psoc creator/import/gnu/arm/5.4.1/bin/../lib/gcc/arm-none-eabi/5.4.1/armv6-m/crtbegin.o
 *(SORT(.fini_array.*))
                0x0000f640                __fini_array_end = .
                0x0000f640                . = ALIGN (0x4)
 *crtbegin.o(.ctors)
 *(EXCLUDE_FILE(*crtend.o) .ctors)
 *(SORT(.ctors.*))
 *crtend.o(.ctors)
                0x0000f640                . = ALIGN (0x4)
 *crtbegin.o(.dtors)
 *(EXCLUDE_FILE(*crtend.o) .dtors)
 *(SORT(.dtors.*))
 *crtend.o(.dtors)
                0x0000f640                . = ALIGN (0x4)
                0x0000f640                __cy_regions = .
                0x0000f640        0x4 LONG 0xf650 __cy_region_init_ram
                0x0000f644        0x4 LONG 0x200000c0 __cy_region_start_data
                0x0000f648        0x4 LONG 0xf8 __cy_region_init_size_ram
                0x0000f64c        0x4 LONG 0x158 __cy_region_zero_size_ram
                0x0000f650                __cy_regions_end = .
                0x0000f650                . = ALIGN (0x8)
                0x0000f650                _etext = .

.cy_checksum_exclude
                0x0000f650        0x0
 *(.cy_checksum_exclude)

.ramvectors     0x20000000       0xc0
                0x20000000                __cy_region_start_ram = .
 *(.ramvectors)
 .ramvectors    0x20000000       0xc0 .\CortexM0\ARM_GCC_541\Release\Cm0Start.o
                0x20000000                CyRamVectors

.noinit
 *(.noinit)

.data           0x200000c0       0xf8 load address 0x0000f650
                0x200000c0                __cy_region_start_data = .
 *(.jcr)
 .jcr           0x200000c0        0x0 c:/program files (x86)/cypress/psoc creator/4.1/psoc creator/import/gnu/arm/5.4.1/bin/../lib/gcc/arm-none-eabi/5.4.1/armv6-m/crtbegin.o
 .jcr           0x200000c0        0x4 c:/program files (x86)/cypress/psoc creator/4.1/psoc creator/import/gnu/arm/5.4.1/bin/../lib/gcc/arm-none-eabi/5.4.1/armv6-m/crtend.o
 *(.got.plt)
 *(.got)
 *(.shdata)
 *(.data .data.* .gnu.linkonce.d.*)
 .data          0x200000c4       0x34 .\CortexM0\ARM_GCC_541\Release\main.o
                0x200000c4                displayFunctions
 .data          0x200000f8        0x4 .\CortexM0\ARM_GCC_541\Release\Cm0Start.o
 .data          0x200000fc       0x14 .\CortexM0\ARM_GCC_541\Release\TestProgram4M.a(CyLib.o)
                0x200000fc                CySysClkPumpConfig
                0x20000100                cydelay32kMs
                0x20000104                cydelayFreqKhz
                0x20000108                cydelayFreqMhz
                0x2000010c                cydelayFreqHz
 .data          0x20000110        0x8 .\CortexM0\ARM_GCC_541\Release\TestProgram4M.a(CyLFClk.o)
 .data.impure_data
                0x20000118       0x60 c:/program files (x86)/cypress/psoc creator/4.1/psoc creator/import/gnu/arm/5.4.1/bin/../lib/gcc/arm-none-eabi/5.4.1/../../../../arm-none-eabi/lib/armv6-m\libg_nano.a(lib_a-impure.o)
 .data._impure_ptr
                0x20000178        0x4 c:/program files (x86)/cypress/psoc creator/4.1/psoc creator/import/gnu/arm/5.4.1/bin/../lib/gcc/arm-none-eabi/5.4.1/../../../../arm-none-eabi/lib/armv6-m\libg_nano.a(lib_a-impure.o)
                0x20000178                _impure_ptr
 .data.lconv    0x2000017c       0x38 c:/program files (x86)/cypress/psoc creator/4.1/psoc creator/import/gnu/arm/5.4.1/bin/../lib/gcc/arm-none-eabi/5.4.1/../../../../arm-none-eabi/lib/armv6-m\libg_nano.a(lib_a-locale.o)
                0x200001b8                . = ALIGN (0x8)
 *fill*         0x200001b4        0x4 
 *(.ram)
                0x200001b8                _edata = .

.igot.plt       0x200001b8        0x0 load address 0x0000f748
 .igot.plt      0x200001b8        0x0 c:/program files (x86)/cypress/psoc creator/4.1/psoc creator/import/gnu/arm/5.4.1/bin/../lib/gcc/arm-none-eabi/5.4.1/armv6-m/crtbegin.o

.bss            0x200001b8      0x158 load address 0x0000f748
                0x200001b8                PROVIDE (__bss_start__, .)
 *(.shbss)
 *(.bss .bss.* .gnu.linkonce.b.*)
 .bss           0x200001b8       0x1c c:/program files (x86)/cypress/psoc creator/4.1/psoc creator/import/gnu/arm/5.4.1/bin/../lib/gcc/arm-none-eabi/5.4.1/armv6-m/crtbegin.o
 .bss           0x200001d4       0x15 .\CortexM0\ARM_GCC_541\Release\main.o
                0x200001d8                updateData
                0x200001dc                success
                0x200001e0                bootloaderMode
                0x200001e4                currentScreen
 *fill*         0x200001e9        0x3 
 .bss           0x200001ec        0x8 .\CortexM0\ARM_GCC_541\Release\TestProgram4M.a(I2C.o)
                0x200001ec                I2C_initVar
                0x200001f0                I2C_customIntrHandler
 .bss           0x200001f4        0x1 .\CortexM0\ARM_GCC_541\Release\TestProgram4M.a(ADC.o)
                0x200001f4                ADC_initVar
 .bss           0x200001f5        0x1 .\CortexM0\ARM_GCC_541\Release\TestProgram4M.a(Timer.o)
                0x200001f5                Timer_initVar
 *fill*         0x200001f6        0x2 
 .bss           0x200001f8       0x18 .\CortexM0\ARM_GCC_541\Release\TestProgram4M.a(CyLib.o)
                0x2000020c                CySysTickInitVar
 .bss           0x20000210       0x28 .\CortexM0\ARM_GCC_541\Release\TestProgram4M.a(CyLFClk.o)
 .bss.__malloc_sbrk_start
                0x20000238        0x4 c:/program files (x86)/cypress/psoc creator/4.1/psoc creator/import/gnu/arm/5.4.1/bin/../lib/gcc/arm-none-eabi/5.4.1/../../../../arm-none-eabi/lib/armv6-m\libg_nano.a(lib_a-nano-mallocr.o)
                0x20000238                __malloc_sbrk_start
 .bss.__malloc_free_list
                0x2000023c        0x4 c:/program files (x86)/cypress/psoc creator/4.1/psoc creator/import/gnu/arm/5.4.1/bin/../lib/gcc/arm-none-eabi/5.4.1/../../../../arm-none-eabi/lib/armv6-m\libg_nano.a(lib_a-nano-mallocr.o)
                0x2000023c                __malloc_free_list
 *(COMMON)
 COMMON         0x20000240       0x8c .\CortexM0\ARM_GCC_541\Release\main.o
                0x20000240                A0
                0x20000242                buff
                0x20000284                u8x8
                0x200002b0                pafeDataSet
                0x200002c8                A2
                0x200002ca                A1
 COMMON         0x200002cc        0x1 .\CortexM0\ARM_GCC_541\Release\TestProgram4M.a(I2C_I2C.o)
                0x200002cc                I2C_state
 *fill*         0x200002cd        0x3 
 COMMON         0x200002d0       0x24 .\CortexM0\ARM_GCC_541\Release\TestProgram4M.a(I2C_I2C_MASTER.o)
                0x200002d0                I2C_mstrWrBufIndexTmp
                0x200002d4                I2C_mstrWrBufIndex
                0x200002d8                I2C_mstrWrBufSize
                0x200002dc                I2C_mstrStatus
                0x200002e0                I2C_mstrRdBufPtr
                0x200002e4                I2C_mstrControl
                0x200002e8                I2C_mstrRdBufSize
                0x200002ec                I2C_mstrRdBufIndex
                0x200002f0                I2C_mstrWrBufPtr
 COMMON         0x200002f4       0x12 .\CortexM0\ARM_GCC_541\Release\TestProgram4M.a(ADC.o)
                0x200002f4                ADC_countsPer10Volt
                0x20000300                ADC_offset
 *fill*         0x20000306        0x2 
 COMMON         0x20000308        0x4 c:/program files (x86)/cypress/psoc creator/4.1/psoc creator/import/gnu/arm/5.4.1/bin/../lib/gcc/arm-none-eabi/5.4.1/../../../../arm-none-eabi/lib/armv6-m\libg_nano.a(lib_a-reent.o)
                0x20000308                errno
                0x20000310                . = ALIGN (0x8)
 *fill*         0x2000030c        0x4 
 *(.ram.b)
                0x20000310                _end = .
                0x20000310                __end = .
                0x20000310                PROVIDE (end, .)
                0x20000310                PROVIDE (__bss_end__, .)
                0x0000f650                __cy_region_init_ram = LOADADDR (.data)
                0x000000f8                __cy_region_init_size_ram = (_edata - ADDR (.data))
                0x00000158                __cy_region_zero_size_ram = (_end - _edata)

.heap           0x20000310     0x1000 load address 0x0000f748
                0x20000310                . = _end
                0x20001310                . = (. + 0x1000)
 *fill*         0x20000310     0x1000 
                0x20001310                __cy_heap_limit = .

.stack          0x20003000     0x1000
                0x20003000                __cy_stack_limit = .
                0x20004000                . = (. + 0x1000)
 *fill*         0x20003000     0x1000 
                0x00000001                ASSERT ((__cy_stack_limit >= __cy_heap_limit), region RAM overflowed with stack)
                0x00000000                cy_checksum_exclude_size = (CY_APPL_LOADABLE == 0x1)?SIZEOF (.cy_checksum_exclude):0x0
                0x00000001                ASSERT ((cy_checksum_exclude_size <= CY_CHECKSUM_EXCLUDE_SIZE), CY_BOOT: Section .cy_checksum_exclude size exceedes specified limit.)
                0x0001ffc0                cyloadermeta_start = (cy_project_type_bootloader || cy_project_type_app_for_stack_and_copier)?(LENGTH (rom) - CY_METADATA_SIZE):0xf0000000

.cyloadermeta
 *(.cyloadermeta)
                0x0001ffc0                cyloadablemeta_start = cy_project_type_app_for_stack_and_copier?((LENGTH (rom) - CY_FLASH_ROW_SIZE) - CY_METADATA_SIZE):((LENGTH (rom) - (CY_FLASH_ROW_SIZE * (CY_APPL_NUM - 0x1))) - CY_METADATA_SIZE)

.cyloadablemeta
 *(.cyloadablemeta)

.cyflashprotect
                0x90400000       0x80
 *(.cyflashprotect)
 .cyflashprotect
                0x90400000       0x80 .\CortexM0\ARM_GCC_541\Release\cymetadata.o
                0x90400000                cy_meta_flashprotect

.cymeta         0x90500000        0xc
 *(.cymeta)
 .cymeta        0x90500000        0xc .\CortexM0\ARM_GCC_541\Release\cymetadata.o
                0x90500000                cy_metadata

.cychipprotect  0x90600000        0x1
 *(.cychipprotect)
 .cychipprotect
                0x90600000        0x1 .\CortexM0\ARM_GCC_541\Release\cymetadata.o
                0x90600000                cy_meta_chipprotect

.rel.dyn        0x0000f748        0x0 load address 0x90600004
 .rel.iplt      0x0000f748        0x0 c:/program files (x86)/cypress/psoc creator/4.1/psoc creator/import/gnu/arm/5.4.1/bin/../lib/gcc/arm-none-eabi/5.4.1/armv6-m/crtbegin.o

.stab           0x00000000       0x9c
 *(.stab)
 .stab          0x00000000       0x24 c:/program files (x86)/cypress/psoc creator/4.1/psoc creator/import/gnu/arm/5.4.1/bin/../lib/gcc/arm-none-eabi/5.4.1/../../../../arm-none-eabi/lib/armv6-m\libnosys.a(close.o)
 .stab          0x00000024       0x18 c:/program files (x86)/cypress/psoc creator/4.1/psoc creator/import/gnu/arm/5.4.1/bin/../lib/gcc/arm-none-eabi/5.4.1/../../../../arm-none-eabi/lib/armv6-m\libnosys.a(fstat.o)
                                 0x24 (size before relaxing)
 .stab          0x0000003c       0x18 c:/program files (x86)/cypress/psoc creator/4.1/psoc creator/import/gnu/arm/5.4.1/bin/../lib/gcc/arm-none-eabi/5.4.1/../../../../arm-none-eabi/lib/armv6-m\libnosys.a(isatty.o)
                                 0x24 (size before relaxing)
 .stab          0x00000054       0x18 c:/program files (x86)/cypress/psoc creator/4.1/psoc creator/import/gnu/arm/5.4.1/bin/../lib/gcc/arm-none-eabi/5.4.1/../../../../arm-none-eabi/lib/armv6-m\libnosys.a(lseek.o)
                                 0x24 (size before relaxing)
 .stab          0x0000006c       0x18 c:/program files (x86)/cypress/psoc creator/4.1/psoc creator/import/gnu/arm/5.4.1/bin/../lib/gcc/arm-none-eabi/5.4.1/../../../../arm-none-eabi/lib/armv6-m\libnosys.a(read.o)
                                 0x24 (size before relaxing)
 .stab          0x00000084       0x18 c:/program files (x86)/cypress/psoc creator/4.1/psoc creator/import/gnu/arm/5.4.1/bin/../lib/gcc/arm-none-eabi/5.4.1/../../../../arm-none-eabi/lib/armv6-m\libnosys.a(write.o)
                                 0x24 (size before relaxing)

.stabstr        0x00000000      0x14d
 *(.stabstr)
 .stabstr       0x00000000      0x14d c:/program files (x86)/cypress/psoc creator/4.1/psoc creator/import/gnu/arm/5.4.1/bin/../lib/gcc/arm-none-eabi/5.4.1/../../../../arm-none-eabi/lib/armv6-m\libnosys.a(close.o)

.debug
 *(.debug)

.line
 *(.line)

.debug_srcinfo
 *(.debug_srcinfo)

.debug_sfnames
 *(.debug_sfnames)

.debug_aranges  0x00000000     0x2180
 *(.debug_aranges)
 .debug_aranges
                0x00000000       0x70 .\CortexM0\ARM_GCC_541\Release\main.o
 .debug_aranges
                0x00000070       0x38 .\CortexM0\ARM_GCC_541\Release\u8g2_bitmap.o
 .debug_aranges
                0x000000a8       0x38 .\CortexM0\ARM_GCC_541\Release\u8g2_box.o
 .debug_aranges
                0x000000e0       0x48 .\CortexM0\ARM_GCC_541\Release\u8g2_buffer.o
 .debug_aranges
                0x00000128       0x58 .\CortexM0\ARM_GCC_541\Release\u8g2_circle.o
 .debug_aranges
                0x00000180       0x20 .\CortexM0\ARM_GCC_541\Release\u8g2_cleardisplay.o
 .debug_aranges
                0x000001a0      0x3a8 .\CortexM0\ARM_GCC_541\Release\u8g2_d_memory.o
 .debug_aranges
                0x00000548      0x690 .\CortexM0\ARM_GCC_541\Release\u8g2_d_setup.o
 .debug_aranges
                0x00000bd8      0x180 .\CortexM0\ARM_GCC_541\Release\u8g2_font.o
 .debug_aranges
                0x00000d58       0x18 .\CortexM0\ARM_GCC_541\Release\u8g2_fonts.o
 .debug_aranges
                0x00000d70       0x48 .\CortexM0\ARM_GCC_541\Release\u8g2_hvline.o
 .debug_aranges
                0x00000db8       0x20 .\CortexM0\ARM_GCC_541\Release\u8g2_input_value.o
 .debug_aranges
                0x00000dd8       0x28 .\CortexM0\ARM_GCC_541\Release\u8g2_intersection.o
 .debug_aranges
                0x00000e00       0x28 .\CortexM0\ARM_GCC_541\Release\u8g2_kerning.o
 .debug_aranges
                0x00000e28       0x20 .\CortexM0\ARM_GCC_541\Release\u8g2_line.o
 .debug_aranges
                0x00000e48       0x28 .\CortexM0\ARM_GCC_541\Release\u8g2_ll_hvline.o
 .debug_aranges
                0x00000e70       0x28 .\CortexM0\ARM_GCC_541\Release\u8g2_message.o
 .debug_aranges
                0x00000e98       0x78 .\CortexM0\ARM_GCC_541\Release\u8g2_polygon.o
 .debug_aranges
                0x00000f10       0x40 .\CortexM0\ARM_GCC_541\Release\u8g2_selection_list.o
 .debug_aranges
                0x00000f50       0x78 .\CortexM0\ARM_GCC_541\Release\u8g2_setup.o
 .debug_aranges
                0x00000fc8       0x98 .\CortexM0\ARM_GCC_541\Release\u8x8_8x8.o
 .debug_aranges
                0x00001060       0xa0 .\CortexM0\ARM_GCC_541\Release\u8x8_byte.o
 .debug_aranges
                0x00001100       0x98 .\CortexM0\ARM_GCC_541\Release\u8x8_cad.o
 .debug_aranges
                0x00001198       0x30 .\CortexM0\ARM_GCC_541\Release\u8x8_d_a2printer.o
 .debug_aranges
                0x000011c8       0x20 .\CortexM0\ARM_GCC_541\Release\u8x8_d_ist3020.o
 .debug_aranges
                0x000011e8       0x30 .\CortexM0\ARM_GCC_541\Release\u8x8_d_ks0108.o
 .debug_aranges
                0x00001218       0x30 .\CortexM0\ARM_GCC_541\Release\u8x8_d_lc7981.o
 .debug_aranges
                0x00001248       0x20 .\CortexM0\ARM_GCC_541\Release\u8x8_d_ld7032_60x32.o
 .debug_aranges
                0x00001268       0x20 .\CortexM0\ARM_GCC_541\Release\u8x8_d_ls013b7dh03.o
 .debug_aranges
                0x00001288       0x20 .\CortexM0\ARM_GCC_541\Release\u8x8_d_pcd8544_84x48.o
 .debug_aranges
                0x000012a8       0x20 .\CortexM0\ARM_GCC_541\Release\u8x8_d_pcf8812.o
 .debug_aranges
                0x000012c8       0x30 .\CortexM0\ARM_GCC_541\Release\u8x8_d_sed1330.o
 .debug_aranges
                0x000012f8       0x20 .\CortexM0\ARM_GCC_541\Release\u8x8_d_ssd1305.o
 .debug_aranges
                0x00001318       0x20 .\CortexM0\ARM_GCC_541\Release\u8x8_d_ssd1306_64x48.o
 .debug_aranges
                0x00001338       0x20 .\CortexM0\ARM_GCC_541\Release\u8x8_d_ssd1306_128x32.o
 .debug_aranges
                0x00001358       0x40 .\CortexM0\ARM_GCC_541\Release\u8x8_d_ssd1306_128x64_noname.o
 .debug_aranges
                0x00001398       0x20 .\CortexM0\ARM_GCC_541\Release\u8x8_d_ssd1309.o
 .debug_aranges
                0x000013b8       0x30 .\CortexM0\ARM_GCC_541\Release\u8x8_d_ssd1322.o
 .debug_aranges
                0x000013e8       0x20 .\CortexM0\ARM_GCC_541\Release\u8x8_d_ssd1325.o
 .debug_aranges
                0x00001408       0x20 .\CortexM0\ARM_GCC_541\Release\u8x8_d_ssd1327.o
 .debug_aranges
                0x00001428       0x28 .\CortexM0\ARM_GCC_541\Release\u8x8_d_ssd1606_172x72.o
 .debug_aranges
                0x00001450       0x28 .\CortexM0\ARM_GCC_541\Release\u8x8_d_ssd1607_200x200.o
 .debug_aranges
                0x00001478       0x60 .\CortexM0\ARM_GCC_541\Release\u8x8_d_st7565.o
 .debug_aranges
                0x000014d8       0x20 .\CortexM0\ARM_GCC_541\Release\u8x8_d_st7567.o
 .debug_aranges
                0x000014f8       0x20 .\CortexM0\ARM_GCC_541\Release\u8x8_d_st7588.o
 .debug_aranges
                0x00001518       0x30 .\CortexM0\ARM_GCC_541\Release\u8x8_d_st7920.o
 .debug_aranges
                0x00001548       0x20 .\CortexM0\ARM_GCC_541\Release\u8x8_d_st75256.o
 .debug_aranges
                0x00001568       0x38 .\CortexM0\ARM_GCC_541\Release\u8x8_d_stdio.o
 .debug_aranges
                0x000015a0       0x40 .\CortexM0\ARM_GCC_541\Release\u8x8_d_t6963.o
 .debug_aranges
                0x000015e0       0x28 .\CortexM0\ARM_GCC_541\Release\u8x8_d_uc1604.o
 .debug_aranges
                0x00001608       0x30 .\CortexM0\ARM_GCC_541\Release\u8x8_d_uc1608.o
 .debug_aranges
                0x00001638       0x20 .\CortexM0\ARM_GCC_541\Release\u8x8_d_uc1610.o
 .debug_aranges
                0x00001658       0x30 .\CortexM0\ARM_GCC_541\Release\u8x8_d_uc1611.o
 .debug_aranges
                0x00001688       0x20 .\CortexM0\ARM_GCC_541\Release\u8x8_d_uc1701_dogs102.o
 .debug_aranges
                0x000016a8       0x20 .\CortexM0\ARM_GCC_541\Release\u8x8_d_uc1701_mini12864.o
 .debug_aranges
                0x000016c8       0x20 .\CortexM0\ARM_GCC_541\Release\u8x8_debounce.o
 .debug_aranges
                0x000016e8       0x78 .\CortexM0\ARM_GCC_541\Release\u8x8_display.o
 .debug_aranges
                0x00001760       0x18 .\CortexM0\ARM_GCC_541\Release\u8x8_fonts.o
 .debug_aranges
                0x00001778       0x20 .\CortexM0\ARM_GCC_541\Release\u8x8_gpio.o
 .debug_aranges
                0x00001798       0x20 .\CortexM0\ARM_GCC_541\Release\u8x8_input_value.o
 .debug_aranges
                0x000017b8       0x28 .\CortexM0\ARM_GCC_541\Release\u8x8_message.o
 .debug_aranges
                0x000017e0       0x40 .\CortexM0\ARM_GCC_541\Release\u8x8_selection_list.o
 .debug_aranges
                0x00001820       0x30 .\CortexM0\ARM_GCC_541\Release\u8x8_setup.o
 .debug_aranges
                0x00001850       0x40 .\CortexM0\ARM_GCC_541\Release\u8x8_string.o
 .debug_aranges
                0x00001890       0x28 .\CortexM0\ARM_GCC_541\Release\u8x8_u8toa.o
 .debug_aranges
                0x000018b8       0x28 .\CortexM0\ARM_GCC_541\Release\u8x8_u16toa.o
 .debug_aranges
                0x000018e0       0x28 .\CortexM0\ARM_GCC_541\Release\cyfitter_cfg.o
 .debug_aranges
                0x00001908       0x18 .\CortexM0\ARM_GCC_541\Release\cymetadata.o
 .debug_aranges
                0x00001920       0x48 .\CortexM0\ARM_GCC_541\Release\Cm0Start.o
 .debug_aranges
                0x00001968       0x48 .\CortexM0\ARM_GCC_541\Release\TestProgram4M.a(Red.o)
 .debug_aranges
                0x000019b0       0x48 .\CortexM0\ARM_GCC_541\Release\TestProgram4M.a(Green.o)
 .debug_aranges
                0x000019f8       0x50 .\CortexM0\ARM_GCC_541\Release\TestProgram4M.a(I2C.o)
 .debug_aranges
                0x00001a48       0x28 .\CortexM0\ARM_GCC_541\Release\TestProgram4M.a(I2C_I2C.o)
 .debug_aranges
                0x00001a70       0x88 .\CortexM0\ARM_GCC_541\Release\TestProgram4M.a(I2C_I2C_MASTER.o)
 .debug_aranges
                0x00001af8       0xa8 .\CortexM0\ARM_GCC_541\Release\TestProgram4M.a(ADC.o)
 .debug_aranges
                0x00001ba0       0x20 .\CortexM0\ARM_GCC_541\Release\TestProgram4M.a(ADC_INT.o)
 .debug_aranges
                0x00001bc0       0x48 .\CortexM0\ARM_GCC_541\Release\TestProgram4M.a(SW1.o)
 .debug_aranges
                0x00001c08       0x80 .\CortexM0\ARM_GCC_541\Release\TestProgram4M.a(SWISR.o)
 .debug_aranges
                0x00001c88      0x148 .\CortexM0\ARM_GCC_541\Release\TestProgram4M.a(Timer.o)
 .debug_aranges
                0x00001dd0      0x1c8 .\CortexM0\ARM_GCC_541\Release\TestProgram4M.a(CyLib.o)
 .debug_aranges
                0x00001f98      0x178 .\CortexM0\ARM_GCC_541\Release\TestProgram4M.a(CyLFClk.o)
 .debug_aranges
                0x00002110       0x20 .\CortexM0\ARM_GCC_541\Release\TestProgram4M.a(CyBootAsmGnu.o)
 .debug_aranges
                0x00002130       0x20 .\CortexM0\ARM_GCC_541\Release\TestProgram4M.a(I2C_I2C_INT.o)
 .debug_aranges
                0x00002150       0x30 .\CortexM0\ARM_GCC_541\Release\TestProgram4M.a(CyFlash.o)

.debug_pubnames
 *(.debug_pubnames)

.debug_info     0x00000000    0x3e07a
 *(.debug_info .gnu.linkonce.wi.*)
 .debug_info    0x00000000     0x115b .\CortexM0\ARM_GCC_541\Release\main.o
 .debug_info    0x0000115b      0xb07 .\CortexM0\ARM_GCC_541\Release\u8g2_bitmap.o
 .debug_info    0x00001c62      0xe7d .\CortexM0\ARM_GCC_541\Release\u8g2_box.o
 .debug_info    0x00002adf      0xa2e .\CortexM0\ARM_GCC_541\Release\u8g2_buffer.o
 .debug_info    0x0000350d     0x15e1 .\CortexM0\ARM_GCC_541\Release\u8g2_circle.o
 .debug_info    0x00004aee      0x7a2 .\CortexM0\ARM_GCC_541\Release\u8g2_cleardisplay.o
 .debug_info    0x00005290     0x1da6 .\CortexM0\ARM_GCC_541\Release\u8g2_d_memory.o
 .debug_info    0x00007036     0xaa64 .\CortexM0\ARM_GCC_541\Release\u8g2_d_setup.o
 .debug_info    0x00011a9a     0x1ef3 .\CortexM0\ARM_GCC_541\Release\u8g2_font.o
 .debug_info    0x0001398d     0x8324 .\CortexM0\ARM_GCC_541\Release\u8g2_fonts.o
 .debug_info    0x0001bcb1      0xc71 .\CortexM0\ARM_GCC_541\Release\u8g2_hvline.o
 .debug_info    0x0001c922      0xa76 .\CortexM0\ARM_GCC_541\Release\u8g2_input_value.o
 .debug_info    0x0001d398      0x81a .\CortexM0\ARM_GCC_541\Release\u8g2_intersection.o
 .debug_info    0x0001dbb2      0x89c .\CortexM0\ARM_GCC_541\Release\u8g2_kerning.o
 .debug_info    0x0001e44e      0x831 .\CortexM0\ARM_GCC_541\Release\u8g2_line.o
 .debug_info    0x0001ec7f      0x8a1 .\CortexM0\ARM_GCC_541\Release\u8g2_ll_hvline.o
 .debug_info    0x0001f520      0xb66 .\CortexM0\ARM_GCC_541\Release\u8g2_message.o
 .debug_info    0x00020086     0x1082 .\CortexM0\ARM_GCC_541\Release\u8g2_polygon.o
 .debug_info    0x00021108      0xe9a .\CortexM0\ARM_GCC_541\Release\u8g2_selection_list.o
 .debug_info    0x00021fa2      0xc3d .\CortexM0\ARM_GCC_541\Release\u8g2_setup.o
 .debug_info    0x00022bdf      0xb89 .\CortexM0\ARM_GCC_541\Release\u8x8_8x8.o
 .debug_info    0x00023768     0x144e .\CortexM0\ARM_GCC_541\Release\u8x8_byte.o
 .debug_info    0x00024bb6     0x1068 .\CortexM0\ARM_GCC_541\Release\u8x8_cad.o
 .debug_info    0x00025c1e      0x7f1 .\CortexM0\ARM_GCC_541\Release\u8x8_d_a2printer.o
 .debug_info    0x0002640f      0x666 .\CortexM0\ARM_GCC_541\Release\u8x8_d_ist3020.o
 .debug_info    0x00026a75      0xbd6 .\CortexM0\ARM_GCC_541\Release\u8x8_d_ks0108.o
 .debug_info    0x0002764b      0x88a .\CortexM0\ARM_GCC_541\Release\u8x8_d_lc7981.o
 .debug_info    0x00027ed5      0x784 .\CortexM0\ARM_GCC_541\Release\u8x8_d_ld7032_60x32.o
 .debug_info    0x00028659      0x5ce .\CortexM0\ARM_GCC_541\Release\u8x8_d_ls013b7dh03.o
 .debug_info    0x00028c27      0x605 .\CortexM0\ARM_GCC_541\Release\u8x8_d_pcd8544_84x48.o
 .debug_info    0x0002922c      0x68e .\CortexM0\ARM_GCC_541\Release\u8x8_d_pcf8812.o
 .debug_info    0x000298ba      0x7de .\CortexM0\ARM_GCC_541\Release\u8x8_d_sed1330.o
 .debug_info    0x0002a098      0x6f9 .\CortexM0\ARM_GCC_541\Release\u8x8_d_ssd1305.o
 .debug_info    0x0002a791      0x6eb .\CortexM0\ARM_GCC_541\Release\u8x8_d_ssd1306_64x48.o
 .debug_info    0x0002ae7c      0x6f2 .\CortexM0\ARM_GCC_541\Release\u8x8_d_ssd1306_128x32.o
 .debug_info    0x0002b56e      0x98c .\CortexM0\ARM_GCC_541\Release\u8x8_d_ssd1306_128x64_noname.o
 .debug_info    0x0002befa      0x6df .\CortexM0\ARM_GCC_541\Release\u8x8_d_ssd1309.o
 .debug_info    0x0002c5d9      0x8c8 .\CortexM0\ARM_GCC_541\Release\u8x8_d_ssd1322.o
 .debug_info    0x0002cea1      0x8f0 .\CortexM0\ARM_GCC_541\Release\u8x8_d_ssd1325.o
 .debug_info    0x0002d791      0x83e .\CortexM0\ARM_GCC_541\Release\u8x8_d_ssd1327.o
 .debug_info    0x0002dfcf      0x9ba .\CortexM0\ARM_GCC_541\Release\u8x8_d_ssd1606_172x72.o
 .debug_info    0x0002e989      0x958 .\CortexM0\ARM_GCC_541\Release\u8x8_d_ssd1607_200x200.o
 .debug_info    0x0002f2e1      0xfc9 .\CortexM0\ARM_GCC_541\Release\u8x8_d_st7565.o
 .debug_info    0x000302aa      0x668 .\CortexM0\ARM_GCC_541\Release\u8x8_d_st7567.o
 .debug_info    0x00030912      0x772 .\CortexM0\ARM_GCC_541\Release\u8x8_d_st7588.o
 .debug_info    0x00031084      0x75f .\CortexM0\ARM_GCC_541\Release\u8x8_d_st7920.o
 .debug_info    0x000317e3      0x8ea .\CortexM0\ARM_GCC_541\Release\u8x8_d_st75256.o
 .debug_info    0x000320cd      0x550 .\CortexM0\ARM_GCC_541\Release\u8x8_d_stdio.o
 .debug_info    0x0003261d      0x965 .\CortexM0\ARM_GCC_541\Release\u8x8_d_t6963.o
 .debug_info    0x00032f82      0x70f .\CortexM0\ARM_GCC_541\Release\u8x8_d_uc1604.o
 .debug_info    0x00033691      0x7ed .\CortexM0\ARM_GCC_541\Release\u8x8_d_uc1608.o
 .debug_info    0x00033e7e      0x7e0 .\CortexM0\ARM_GCC_541\Release\u8x8_d_uc1610.o
 .debug_info    0x0003465e      0x824 .\CortexM0\ARM_GCC_541\Release\u8x8_d_uc1611.o
 .debug_info    0x00034e82      0x668 .\CortexM0\ARM_GCC_541\Release\u8x8_d_uc1701_dogs102.o
 .debug_info    0x000354ea      0x668 .\CortexM0\ARM_GCC_541\Release\u8x8_d_uc1701_mini12864.o
 .debug_info    0x00035b52      0x47a .\CortexM0\ARM_GCC_541\Release\u8x8_debounce.o
 .debug_info    0x00035fcc      0x87b .\CortexM0\ARM_GCC_541\Release\u8x8_display.o
 .debug_info    0x00036847      0x57a .\CortexM0\ARM_GCC_541\Release\u8x8_fonts.o
 .debug_info    0x00036dc1      0x38c .\CortexM0\ARM_GCC_541\Release\u8x8_gpio.o
 .debug_info    0x0003714d      0x5bb .\CortexM0\ARM_GCC_541\Release\u8x8_input_value.o
 .debug_info    0x00037708      0x6b0 .\CortexM0\ARM_GCC_541\Release\u8x8_message.o
 .debug_info    0x00037db8      0x6e1 .\CortexM0\ARM_GCC_541\Release\u8x8_selection_list.o
 .debug_info    0x00038499      0x43d .\CortexM0\ARM_GCC_541\Release\u8x8_setup.o
 .debug_info    0x000388d6      0x697 .\CortexM0\ARM_GCC_541\Release\u8x8_string.o
 .debug_info    0x00038f6d      0x198 .\CortexM0\ARM_GCC_541\Release\u8x8_u8toa.o
 .debug_info    0x00039105      0x185 .\CortexM0\ARM_GCC_541\Release\u8x8_u16toa.o
 .debug_info    0x0003928a      0x41c .\CortexM0\ARM_GCC_541\Release\cyfitter_cfg.o
 .debug_info    0x000396a6       0xf8 .\CortexM0\ARM_GCC_541\Release\cymetadata.o
 .debug_info    0x0003979e      0x39e .\CortexM0\ARM_GCC_541\Release\Cm0Start.o
 .debug_info    0x00039b3c      0x19b .\CortexM0\ARM_GCC_541\Release\TestProgram4M.a(Red.o)
 .debug_info    0x00039cd7      0x19b .\CortexM0\ARM_GCC_541\Release\TestProgram4M.a(Green.o)
 .debug_info    0x00039e72      0x2b1 .\CortexM0\ARM_GCC_541\Release\TestProgram4M.a(I2C.o)
 .debug_info    0x0003a123      0x183 .\CortexM0\ARM_GCC_541\Release\TestProgram4M.a(I2C_I2C.o)
 .debug_info    0x0003a2a6      0x5a2 .\CortexM0\ARM_GCC_541\Release\TestProgram4M.a(I2C_I2C_MASTER.o)
 .debug_info    0x0003a848      0x548 .\CortexM0\ARM_GCC_541\Release\TestProgram4M.a(ADC.o)
 .debug_info    0x0003ad90       0xcb .\CortexM0\ARM_GCC_541\Release\TestProgram4M.a(ADC_INT.o)
 .debug_info    0x0003ae5b      0x19b .\CortexM0\ARM_GCC_541\Release\TestProgram4M.a(SW1.o)
 .debug_info    0x0003aff6      0x352 .\CortexM0\ARM_GCC_541\Release\TestProgram4M.a(SWISR.o)
 .debug_info    0x0003b348      0x90e .\CortexM0\ARM_GCC_541\Release\TestProgram4M.a(Timer.o)
 .debug_info    0x0003bc56      0xdd8 .\CortexM0\ARM_GCC_541\Release\TestProgram4M.a(CyLib.o)
 .debug_info    0x0003ca2e     0x1143 .\CortexM0\ARM_GCC_541\Release\TestProgram4M.a(CyLFClk.o)
 .debug_info    0x0003db71       0x85 .\CortexM0\ARM_GCC_541\Release\TestProgram4M.a(CyBootAsmGnu.o)
 .debug_info    0x0003dbf6      0x194 .\CortexM0\ARM_GCC_541\Release\TestProgram4M.a(I2C_I2C_INT.o)
 .debug_info    0x0003dd8a      0x2f0 .\CortexM0\ARM_GCC_541\Release\TestProgram4M.a(CyFlash.o)

.debug_abbrev   0x00000000     0x87b4
 *(.debug_abbrev)
 .debug_abbrev  0x00000000      0x2ae .\CortexM0\ARM_GCC_541\Release\main.o
 .debug_abbrev  0x000002ae      0x1e4 .\CortexM0\ARM_GCC_541\Release\u8g2_bitmap.o
 .debug_abbrev  0x00000492      0x1cb .\CortexM0\ARM_GCC_541\Release\u8g2_box.o
 .debug_abbrev  0x0000065d      0x224 .\CortexM0\ARM_GCC_541\Release\u8g2_buffer.o
 .debug_abbrev  0x00000881      0x26c .\CortexM0\ARM_GCC_541\Release\u8g2_circle.o
 .debug_abbrev  0x00000aed      0x12e .\CortexM0\ARM_GCC_541\Release\u8g2_cleardisplay.o
 .debug_abbrev  0x00000c1b       0xd6 .\CortexM0\ARM_GCC_541\Release\u8g2_d_memory.o
 .debug_abbrev  0x00000cf1      0x193 .\CortexM0\ARM_GCC_541\Release\u8g2_d_setup.o
 .debug_abbrev  0x00000e84      0x34a .\CortexM0\ARM_GCC_541\Release\u8g2_font.o
 .debug_abbrev  0x000011ce       0x91 .\CortexM0\ARM_GCC_541\Release\u8g2_fonts.o
 .debug_abbrev  0x0000125f      0x22c .\CortexM0\ARM_GCC_541\Release\u8g2_hvline.o
 .debug_abbrev  0x0000148b      0x15d .\CortexM0\ARM_GCC_541\Release\u8g2_input_value.o
 .debug_abbrev  0x000015e8      0x157 .\CortexM0\ARM_GCC_541\Release\u8g2_intersection.o
 .debug_abbrev  0x0000173f      0x151 .\CortexM0\ARM_GCC_541\Release\u8g2_kerning.o
 .debug_abbrev  0x00001890      0x16a .\CortexM0\ARM_GCC_541\Release\u8g2_line.o
 .debug_abbrev  0x000019fa      0x187 .\CortexM0\ARM_GCC_541\Release\u8g2_ll_hvline.o
 .debug_abbrev  0x00001b81      0x18a .\CortexM0\ARM_GCC_541\Release\u8g2_message.o
 .debug_abbrev  0x00001d0b      0x318 .\CortexM0\ARM_GCC_541\Release\u8g2_polygon.o
 .debug_abbrev  0x00002023      0x24b .\CortexM0\ARM_GCC_541\Release\u8g2_selection_list.o
 .debug_abbrev  0x0000226e      0x1ab .\CortexM0\ARM_GCC_541\Release\u8g2_setup.o
 .debug_abbrev  0x00002419      0x299 .\CortexM0\ARM_GCC_541\Release\u8x8_8x8.o
 .debug_abbrev  0x000026b2      0x214 .\CortexM0\ARM_GCC_541\Release\u8x8_byte.o
 .debug_abbrev  0x000028c6      0x224 .\CortexM0\ARM_GCC_541\Release\u8x8_cad.o
 .debug_abbrev  0x00002aea      0x1f3 .\CortexM0\ARM_GCC_541\Release\u8x8_d_a2printer.o
 .debug_abbrev  0x00002cdd      0x14a .\CortexM0\ARM_GCC_541\Release\u8x8_d_ist3020.o
 .debug_abbrev  0x00002e27      0x196 .\CortexM0\ARM_GCC_541\Release\u8x8_d_ks0108.o
 .debug_abbrev  0x00002fbd      0x264 .\CortexM0\ARM_GCC_541\Release\u8x8_d_lc7981.o
 .debug_abbrev  0x00003221      0x1a1 .\CortexM0\ARM_GCC_541\Release\u8x8_d_ld7032_60x32.o
 .debug_abbrev  0x000033c2      0x138 .\CortexM0\ARM_GCC_541\Release\u8x8_d_ls013b7dh03.o
 .debug_abbrev  0x000034fa      0x14a .\CortexM0\ARM_GCC_541\Release\u8x8_d_pcd8544_84x48.o
 .debug_abbrev  0x00003644      0x1a1 .\CortexM0\ARM_GCC_541\Release\u8x8_d_pcf8812.o
 .debug_abbrev  0x000037e5      0x1bd .\CortexM0\ARM_GCC_541\Release\u8x8_d_sed1330.o
 .debug_abbrev  0x000039a2      0x1ac .\CortexM0\ARM_GCC_541\Release\u8x8_d_ssd1305.o
 .debug_abbrev  0x00003b4e      0x1ac .\CortexM0\ARM_GCC_541\Release\u8x8_d_ssd1306_64x48.o
 .debug_abbrev  0x00003cfa      0x1a1 .\CortexM0\ARM_GCC_541\Release\u8x8_d_ssd1306_128x32.o
 .debug_abbrev  0x00003e9b      0x1ad .\CortexM0\ARM_GCC_541\Release\u8x8_d_ssd1306_128x64_noname.o
 .debug_abbrev  0x00004048      0x1ac .\CortexM0\ARM_GCC_541\Release\u8x8_d_ssd1309.o
 .debug_abbrev  0x000041f4      0x218 .\CortexM0\ARM_GCC_541\Release\u8x8_d_ssd1322.o
 .debug_abbrev  0x0000440c      0x1cd .\CortexM0\ARM_GCC_541\Release\u8x8_d_ssd1325.o
 .debug_abbrev  0x000045d9      0x1e0 .\CortexM0\ARM_GCC_541\Release\u8x8_d_ssd1327.o
 .debug_abbrev  0x000047b9      0x245 .\CortexM0\ARM_GCC_541\Release\u8x8_d_ssd1606_172x72.o
 .debug_abbrev  0x000049fe      0x22b .\CortexM0\ARM_GCC_541\Release\u8x8_d_ssd1607_200x200.o
 .debug_abbrev  0x00004c29      0x20a .\CortexM0\ARM_GCC_541\Release\u8x8_d_st7565.o
 .debug_abbrev  0x00004e33      0x14a .\CortexM0\ARM_GCC_541\Release\u8x8_d_st7567.o
 .debug_abbrev  0x00004f7d      0x1ac .\CortexM0\ARM_GCC_541\Release\u8x8_d_st7588.o
 .debug_abbrev  0x00005129      0x1c1 .\CortexM0\ARM_GCC_541\Release\u8x8_d_st7920.o
 .debug_abbrev  0x000052ea      0x1ca .\CortexM0\ARM_GCC_541\Release\u8x8_d_st75256.o
 .debug_abbrev  0x000054b4      0x1bf .\CortexM0\ARM_GCC_541\Release\u8x8_d_stdio.o
 .debug_abbrev  0x00005673      0x206 .\CortexM0\ARM_GCC_541\Release\u8x8_d_t6963.o
 .debug_abbrev  0x00005879      0x14a .\CortexM0\ARM_GCC_541\Release\u8x8_d_uc1604.o
 .debug_abbrev  0x000059c3      0x193 .\CortexM0\ARM_GCC_541\Release\u8x8_d_uc1608.o
 .debug_abbrev  0x00005b56      0x1d3 .\CortexM0\ARM_GCC_541\Release\u8x8_d_uc1610.o
 .debug_abbrev  0x00005d29      0x184 .\CortexM0\ARM_GCC_541\Release\u8x8_d_uc1611.o
 .debug_abbrev  0x00005ead      0x14a .\CortexM0\ARM_GCC_541\Release\u8x8_d_uc1701_dogs102.o
 .debug_abbrev  0x00005ff7      0x14a .\CortexM0\ARM_GCC_541\Release\u8x8_d_uc1701_mini12864.o
 .debug_abbrev  0x00006141      0x19d .\CortexM0\ARM_GCC_541\Release\u8x8_debounce.o
 .debug_abbrev  0x000062de      0x1a9 .\CortexM0\ARM_GCC_541\Release\u8x8_display.o
 .debug_abbrev  0x00006487       0x77 .\CortexM0\ARM_GCC_541\Release\u8x8_fonts.o
 .debug_abbrev  0x000064fe       0xea .\CortexM0\ARM_GCC_541\Release\u8x8_gpio.o
 .debug_abbrev  0x000065e8      0x129 .\CortexM0\ARM_GCC_541\Release\u8x8_input_value.o
 .debug_abbrev  0x00006711      0x156 .\CortexM0\ARM_GCC_541\Release\u8x8_message.o
 .debug_abbrev  0x00006867      0x1e4 .\CortexM0\ARM_GCC_541\Release\u8x8_selection_list.o
 .debug_abbrev  0x00006a4b      0x134 .\CortexM0\ARM_GCC_541\Release\u8x8_setup.o
 .debug_abbrev  0x00006b7f      0x1df .\CortexM0\ARM_GCC_541\Release\u8x8_string.o
 .debug_abbrev  0x00006d5e       0xd7 .\CortexM0\ARM_GCC_541\Release\u8x8_u8toa.o
 .debug_abbrev  0x00006e35       0xe4 .\CortexM0\ARM_GCC_541\Release\u8x8_u16toa.o
 .debug_abbrev  0x00006f19      0x204 .\CortexM0\ARM_GCC_541\Release\cyfitter_cfg.o
 .debug_abbrev  0x0000711d       0x5d .\CortexM0\ARM_GCC_541\Release\cymetadata.o
 .debug_abbrev  0x0000717a      0x1d5 .\CortexM0\ARM_GCC_541\Release\Cm0Start.o
 .debug_abbrev  0x0000734f       0xc6 .\CortexM0\ARM_GCC_541\Release\TestProgram4M.a(Red.o)
 .debug_abbrev  0x00007415       0xc6 .\CortexM0\ARM_GCC_541\Release\TestProgram4M.a(Green.o)
 .debug_abbrev  0x000074db      0x152 .\CortexM0\ARM_GCC_541\Release\TestProgram4M.a(I2C.o)
 .debug_abbrev  0x0000762d       0xc7 .\CortexM0\ARM_GCC_541\Release\TestProgram4M.a(I2C_I2C.o)
 .debug_abbrev  0x000076f4      0x16f .\CortexM0\ARM_GCC_541\Release\TestProgram4M.a(I2C_I2C_MASTER.o)
 .debug_abbrev  0x00007863      0x1a9 .\CortexM0\ARM_GCC_541\Release\TestProgram4M.a(ADC.o)
 .debug_abbrev  0x00007a0c       0x65 .\CortexM0\ARM_GCC_541\Release\TestProgram4M.a(ADC_INT.o)
 .debug_abbrev  0x00007a71       0xc6 .\CortexM0\ARM_GCC_541\Release\TestProgram4M.a(SW1.o)
 .debug_abbrev  0x00007b37      0x233 .\CortexM0\ARM_GCC_541\Release\TestProgram4M.a(SWISR.o)
 .debug_abbrev  0x00007d6a      0x17c .\CortexM0\ARM_GCC_541\Release\TestProgram4M.a(Timer.o)
 .debug_abbrev  0x00007ee6      0x343 .\CortexM0\ARM_GCC_541\Release\TestProgram4M.a(CyLib.o)
 .debug_abbrev  0x00008229      0x381 .\CortexM0\ARM_GCC_541\Release\TestProgram4M.a(CyLFClk.o)
 .debug_abbrev  0x000085aa       0x14 .\CortexM0\ARM_GCC_541\Release\TestProgram4M.a(CyBootAsmGnu.o)
 .debug_abbrev  0x000085be       0x88 .\CortexM0\ARM_GCC_541\Release\TestProgram4M.a(I2C_I2C_INT.o)
 .debug_abbrev  0x00008646      0x16e .\CortexM0\ARM_GCC_541\Release\TestProgram4M.a(CyFlash.o)

.debug_line     0x00000000     0xc6f0
 *(.debug_line)
 .debug_line    0x00000000      0x46a .\CortexM0\ARM_GCC_541\Release\main.o
 .debug_line    0x0000046a      0x1d6 .\CortexM0\ARM_GCC_541\Release\u8g2_bitmap.o
 .debug_line    0x00000640      0x20b .\CortexM0\ARM_GCC_541\Release\u8g2_box.o
 .debug_line    0x0000084b      0x292 .\CortexM0\ARM_GCC_541\Release\u8g2_buffer.o
 .debug_line    0x00000add      0x304 .\CortexM0\ARM_GCC_541\Release\u8g2_circle.o
 .debug_line    0x00000de1      0x16c .\CortexM0\ARM_GCC_541\Release\u8g2_cleardisplay.o
 .debug_line    0x00000f4d      0x9b7 .\CortexM0\ARM_GCC_541\Release\u8g2_d_memory.o
 .debug_line    0x00001904     0x1723 .\CortexM0\ARM_GCC_541\Release\u8g2_d_setup.o
 .debug_line    0x00003027      0x719 .\CortexM0\ARM_GCC_541\Release\u8g2_font.o
 .debug_line    0x00003740      0x13a .\CortexM0\ARM_GCC_541\Release\u8g2_fonts.o
 .debug_line    0x0000387a      0x218 .\CortexM0\ARM_GCC_541\Release\u8g2_hvline.o
 .debug_line    0x00003a92      0x1d8 .\CortexM0\ARM_GCC_541\Release\u8g2_input_value.o
 .debug_line    0x00003c6a      0x18a .\CortexM0\ARM_GCC_541\Release\u8g2_intersection.o
 .debug_line    0x00003df4      0x1a5 .\CortexM0\ARM_GCC_541\Release\u8g2_kerning.o
 .debug_line    0x00003f99      0x1bc .\CortexM0\ARM_GCC_541\Release\u8g2_line.o
 .debug_line    0x00004155      0x1fe .\CortexM0\ARM_GCC_541\Release\u8g2_ll_hvline.o
 .debug_line    0x00004353      0x20d .\CortexM0\ARM_GCC_541\Release\u8g2_message.o
 .debug_line    0x00004560      0x2fc .\CortexM0\ARM_GCC_541\Release\u8g2_polygon.o
 .debug_line    0x0000485c      0x26e .\CortexM0\ARM_GCC_541\Release\u8g2_selection_list.o
 .debug_line    0x00004aca      0x29e .\CortexM0\ARM_GCC_541\Release\u8g2_setup.o
 .debug_line    0x00004d68      0x36a .\CortexM0\ARM_GCC_541\Release\u8x8_8x8.o
 .debug_line    0x000050d2      0x403 .\CortexM0\ARM_GCC_541\Release\u8x8_byte.o
 .debug_line    0x000054d5      0x3ab .\CortexM0\ARM_GCC_541\Release\u8x8_cad.o
 .debug_line    0x00005880      0x1bc .\CortexM0\ARM_GCC_541\Release\u8x8_d_a2printer.o
 .debug_line    0x00005a3c      0x198 .\CortexM0\ARM_GCC_541\Release\u8x8_d_ist3020.o
 .debug_line    0x00005bd4      0x20e .\CortexM0\ARM_GCC_541\Release\u8x8_d_ks0108.o
 .debug_line    0x00005de2      0x1d7 .\CortexM0\ARM_GCC_541\Release\u8x8_d_lc7981.o